FEHM V3.4.0lbUbuntu16 24-03-17   05/14/2025    09:21:25
 ERROR opening s5_0fr_sm0_p15aq_10mW.wpi
 STOPPING execution
 FILE does not exist
 under U.S. Government contract DE-AC52-06NA25396 for Los Alamos
National  Laboratory  (LANL),  which is operated by  Los Alamos National
Security, LLC  for the U. S. Department of Energy.  The U. S. Government
has rights to use, reproduce, and distribute this software.  Neither the
U. S. Government nor Los Alamos National Security, LLC or persons acting
on their behalf,  make any warranty,  express or implied, or assumes any
liability for the accuracy, completeness, or usefulness of the software,
any information pertaining to the software,  or  represents that its use
would not infringe privately owned rights.

The  software  being licensed  may  be Export Controlled.  It may not be
distributed  or  used by individuals  or entities prohibited from having
access to the software package, pursuant to United States export control
laws and regulations. An export control review and determination must be
completed before LANS will provide access to the identified Software.


 All reference output nodes will be written to tty           

 File purpose - Variable - Unit number - File name

    control       - iocntl -  1 - fehmn.files                                                                                         
    input         - inpt   - 11 - s5_0fr_sm0_p15aq_10mW.dat                                                                           
    geometry      - incoor - 12 - s5_0fr_sm0_p15aq_10mW.fehm                                                                          
    zone          - inzone - 13 - s5_0fr_sm0_p15aq_10mW_material.zone                                                                 
    output        - iout   - 14 - s5_0fr_sm0_p15aq_10mW.out                                                                           
    initial state - iread  - 15 - s5_0fr_sm0_p15aq_10mW.ini                                                                           
    final state   - isave  - 16 - s5_0fr_sm0_p15aq_10mW.fin                                                                           
    time history  - ishis  - 17 - s5_0fr_sm0_p15aq_10mW.hist                                                                          
    time his.(tr) - istrc  -  0 - not using                                                                                           
    contour plot  - iscon  -  0 - not using                                                                                           
    con plot (dp) - iscon1 -  0 - not using                                                                                           
    fe coef stor  - isstor - 21 - s5_0fr_sm0_p15aq_10mW.stor                                                                          
    input check   - ischk  - 22 - s5_0fr_sm0_p15aq_10mW.chk                                                                           
 Value provided to subroutine user: not using

 ppor read from optional input file: s5_0fr_sm0_p15aq_10mW.ppor                                                                                                                                                                              
 n0 =       532436

 "Eu grav; 100x100x50 km; uniform perm = 10-15 m2; no fracs; 10mW/m2 at base"    


 **** input title : coor **** incoor =  12 ****
 **** input title : elem **** incoor =  12 ****
 **** input title : stop **** incoor =  12 ****
 **** input title : zone **** inzone =  13 ****
 **** input title : stop **** inzone =  13 ****
 **** input title : cont **** inpt =  11 ****
 -----------------------------------------------
 You have chosen avs  output format
 The following io parameters have been set 
  iomaterial                 1
  ioliquid                   1
  iovelocity                 1
  iotemperature              1
  iopressure                 1
  ioflx                      1
  iosource                   1
  format        formatted
  header        avs 
 -----------------------------------------------
 **** input title : sol  **** inpt =  11 ****
 **** input title : node **** inpt =  11 ****
 **** input title : eos  **** inpt =  11 ****
 ERROR opening s5_0fr_sm0_p15aq_10mW.wpi
 STOPPING execution
 FILE does not exist
