FEHM V3.4.0lbUbuntu16 24-03-17   05/13/2025    09:23:17

Copyright  2015.   Los Alamos National Security, LLC.  This material was
produced under U.S. Government contract DE-AC52-06NA25396 for Los Alamos
National  Laboratory  (LANL),  which is operated by  Los Alamos National
Security, LLC  for the U. S. Department of Energy.  The U. S. Government
has rights to use, reproduce, and distribute this software.  Neither the
U. S. Government nor Los Alamos National Security, LLC or persons acting
on their behalf,  make any warranty,  express or implied, or assumes any
liability for the accuracy, completeness, or usefulness of the software,
any information pertaining to the software,  or  represents that its use
would not infringe privately owned rights.

The  software  being licensed  may  be Export Controlled.  It may not be
distributed  or  used by individuals  or entities prohibited from having
access to the software package, pursuant to United States export control
laws and regulations. An export control review and determination must be
completed before LANS will provide access to the identified Software.

 ppor read from optional input file: s5_0fr_sm0_p15un_10mW.ppor                                                                                                                                                                              
 n0 =       532436

 "Europa gravity; 100x100x50 km box; uniform perm = 10e-15; no fracs; open flow; 



 File purpose - Variable - Unit number - File name

    control       - iocntl -  1 - fehmn.files                                                                                         
    input         - inpt   - 11 - s5_0fr_sm0_p15un_10mW.dat                                                                           
    geometry      - incoor - 12 - s5_0fr_sm0_p15un_10mW.fehm                                                                          
    zone          - inzone - 13 - s5_0fr_sm0_p15un_10mW_material.zone                                                                 
    output        - iout   - 14 - s5_0fr_sm0_p15un_10mW.out                                                                           
    initial state - iread  - 15 - s5_0fr_sm0_p15un_10mW.ini                                                                           
    final state   - isave  - 16 - s5_0fr_sm0_p15un_10mW.fin                                                                           
    time history  - ishis  - 17 - s5_0fr_sm0_p15un_10mW.hist                                                                          
    time his.(tr) - istrc  -  0 - not using                                                                                           
    contour plot  - iscon  -  0 - not using                                                                                           
    con plot (dp) - iscon1 -  0 - not using                                                                                           
    fe coef stor  - isstor - 21 - s5_0fr_sm0_p15un_10mW.stor                                                                          
    input check   - ischk  - 22 - s5_0fr_sm0_p15un_10mW.chk                                                                           
 Value provided to subroutine user: not using

 **** input title : coor **** incoor =  12 ****
 **** input title : elem **** incoor =  12 ****
 **** input title : stop **** incoor =  12 ****
 **** input title : zone **** inzone =  13 ****
 **** input title : stop **** inzone =  13 ****
 **** input title : cont **** inpt =  11 ****
 **** contour format defined  : avs  ****
 **** input title : sol  **** inpt =  11 ****
 **** input title : node **** inpt =  11 ****
 **** input title : eos  **** inpt =  11 ****
 **** input title : flow **** inpt =  11 ****
 flow read from optional input file: s5_0fr_sm0_p15un_10mW.flow                                                                                                                                                                              
 **** input title : perm **** inpt =  11 ****
 **** input title : rock **** inpt =  11 ****
 rock read from optional input file: s5_0fr_sm0_p15un_10mW.rock                                                                                                                                                                              
 **** input title : cond **** inpt =  11 ****
 cond read from optional input file: s5_0fr_sm0_p15un_10mW.cond                                                                                                                                                                              
 **** input title : ppor **** inpt =  11 ****
 ppor read from optional input file: s5_0fr_sm0_p15un_10mW.ppor                                                                                                                                                                              
 **** input title : hflx **** inpt =  11 ****
 **** input title : hflx **** inpt =  11 ****
 hflx read from optional input file: s5_0fr_sm0_p15un_10mW.hflx                                                                                                                                                                              
 **** input title : time **** inpt =  11 ****
 **** input title : ctrl **** inpt =  11 ****
 **** input title : stop **** inpt =  11 ****
 !!!!!!!!!!!!!!!!!!!!!!!!!!!!!!!!!!!!!!!
 Coefficients read from file s5_0fr_sm0_p15un_10mW.stor
 !!!!!!!!!!!!!!!!!!!!!!!!!!!!!!!!!!!!!!!

 storage for geometric coefficients         19 in common(nr)         19
Reading initial condition data from file s5_0fr_sm0_p15un_10mW.ini
 gmres method chosen 
 >>>generating nop .....
 >>>writing nop to file nop.temp .....

 storage needed for ncon        4892943 available    4892943
 storage needed for nop         8748543 available    8748543
 storage needed for a matrix   17442024 available   17442024
 storage needed for b matrix   32864424 available   59688428
 storage for acceleration  27686672 available   27686672
 storage available for b matrix resized to   32864424<<<<<<


 time for reading input, forming coefficients   11.6    


 BC to BC connection(s) found (now set=0.0)

 **** analysis of input data on file s5_0fr_sm0_p15un_10mW.chk        ****

*********************************************************************
 Time Step         1

                    Timing Information
           Years              Days         Step Size (Days)
     0.273785079E-06     0.100000000E-03    0.100000000E-03
 Cpu Sec for Time Step =   1.582     Current Total =     1.600    

                    Equation Performance
 Number of N-R Iterations:          2
 Avg # of Linear Equation Solver Iterations:   0.5
 Number of Active Nodes:    266218.
 Total Number of Iterations, N-R:          2 , Solver:          1
 Phase Changes This Time Step:        0 Total           0
 Nodes Liq Phase:   532436 change        0
 Nodes Two Phase:        0 change        0
 Nodes Gas Phase:         0 change        0
 Nodes SC Phase:        0 change        0
 Number of restarted time steps            0
                    Largest Residuals
 EQ1 R=  0.2044E-11 node= 203509 zone=     3 x=-.1200E+05 y=0.2000E+05 z=-1000.    
 EQ2 R=  0.2419E-13 node= 401848 zone=     4 x=0.2600E+05 y=-.5000E+05 z=0.2500E+05
   Node   Equation 1 Residual   Equation 2 Residual
 266236      0.114055E-12          -0.188873E-14
 266234     -0.419335E-19          -0.234319E-19
 266231      0.702137E-18          -0.337108E-19
 266226      0.199611E-19          -0.597083E-19
 266221      0.285762E-15           0.318914E-15
 266210      0.323840E-15           0.318994E-15
 266201     -0.130547E-11          -0.281526E-14

                    Nodal Information (Water)
                                                  source/sink  E source/sink
   Node   P (MPa)    E (MJ)    L sat     Temp (C)    (kg/s)       (MJ/s)
 266236    135.2     0.167      1.00        2.000  0.1393E-04  0.233E-05
 266234    139.3     0.167      1.00        2.000   0.000       0.00    
 266231    142.1     0.166      1.00        2.000   0.000       0.00    
 266226    149.0     0.166      1.00        2.000   0.000       0.00    
 266221    155.9     0.165      1.00        2.000   0.000       0.00    
 266210    179.6     0.163      1.00        2.000   0.000       0.00    
 266201    204.8     0.161      1.00        2.000   0.000     -0.400E-01

                    Global Mass & Energy Balances
 Total mass in system at this time:            0.477635E+17 kg
 Total mass of steam in system at this time:   0.000000E+00 kg
 Total enthalpy in system at this time:        0.319067E+16 MJ

 Water discharge this time step:   0.485000E-01 kg (0.561343E-02 kg/s)
 Water input this time step:       0.122969E-01 kg (0.142325E-02 kg/s)
 Total water discharge:            0.485000E-01 kg (0.561343E-02 kg/s)
 Total water input:                0.122969E-01 kg (0.142325E-02 kg/s)

 Enthalpy discharge this time step:  0.811341E-02 MJ (0.939052E-03 MJ/s)
 Enthalpy input this time step:      0.864002E+03 MJ (0.100000E+03 MJ/s)
 Total enthalpy discharge:           0.811341E-02 MJ (0.939052E-03 MJ/s)
 Total enthalpy input:               0.864002E+03 MJ (0.100000E+03 MJ/s)

 Net kg water discharge (total out-total in):   0.362031E-01
 Net MJ energy discharge (total out-total in):  -0.863994E+03
 Conservation Errors:   0.746456E+00 (mass),  -0.312429E-01 (energy)

 Enthalpy discharge this time step:  0.462204E-02 MJ (0.486326E-03 MJ/s)
 Enthalpy input this time step:      0.950402E+03 MJ (0.100000E+03 MJ/s)
 Total enthalpy discharge:           0.127355E-01 MJ (0.701910E-03 MJ/s)
 Total enthalpy input:               0.181440E+04 MJ (0.100000E+03 MJ/s)

 Water discharge this time step:   0.276488E-01 kg (0.290918E-02 kg/s)
 Water input this time step:       0.123590E-01 kg (0.130040E-02 kg/s)
 Total water discharge:            0.761488E-01 kg (0.419692E-02 kg/s)
 Total water input:                0.246559E-01 kg (0.135890E-02 kg/s)

 Enthalpy discharge this time step:  0.462204E-02 MJ (0.486326E-03 MJ/s)
 Enthalpy input this time step:      0.950402E+03 MJ (0.100000E+03 MJ/s)
 Total enthalpy discharge:           0.127355E-01 MJ (0.701910E-03 MJ/s)
 Total enthalpy input:               0.181440E+04 MJ (0.100000E+03 MJ/s)

 Enthalpy discharge this time step:  0.361950E-02 MJ (0.346218E-03 MJ/s)
 Enthalpy input this time step:      0.104544E+04 MJ (0.100000E+03 MJ/s)
 Total enthalpy discharge:           0.163550E-01 MJ (0.571883E-03 MJ/s)
 Total enthalpy input:               0.285985E+04 MJ (0.100000E+03 MJ/s)

 Water discharge this time step:   0.216624E-01 kg (0.207208E-02 kg/s)
 Water input this time step:       0.148611E-01 kg (0.142151E-02 kg/s)
 Total water discharge:            0.978112E-01 kg (0.342016E-02 kg/s)
 Total water input:                0.395170E-01 kg (0.138179E-02 kg/s)

 Enthalpy discharge this time step:  0.361950E-02 MJ (0.346218E-03 MJ/s)
 Enthalpy input this time step:      0.104544E+04 MJ (0.100000E+03 MJ/s)
 Total enthalpy discharge:           0.163550E-01 MJ (0.571883E-03 MJ/s)
 Total enthalpy input:               0.285985E+04 MJ (0.100000E+03 MJ/s)

 Enthalpy discharge this time step:  0.460505E-02 MJ (0.400444E-03 MJ/s)
 Enthalpy input this time step:      0.114999E+04 MJ (0.100000E+03 MJ/s)
 Total enthalpy discharge:           0.209600E-01 MJ (0.522716E-03 MJ/s)
 Total enthalpy input:               0.400983E+04 MJ (0.100000E+03 MJ/s)

 Water discharge this time step:   0.275351E-01 kg (0.239439E-02 kg/s)
 Water input this time step:       0.145969E-01 kg (0.126931E-02 kg/s)
 Total water discharge:            0.125346E+00 kg (0.312598E-02 kg/s)
 Total water input:                0.541139E-01 kg (0.134953E-02 kg/s)

 Enthalpy discharge this time step:  0.460505E-02 MJ (0.400444E-03 MJ/s)
 Enthalpy input this time step:      0.114999E+04 MJ (0.100000E+03 MJ/s)
 Total enthalpy discharge:           0.209600E-01 MJ (0.522716E-03 MJ/s)
 Total enthalpy input:               0.400983E+04 MJ (0.100000E+03 MJ/s)

 Enthalpy discharge this time step:  0.403623E-02 MJ (0.319074E-03 MJ/s)
 Enthalpy input this time step:      0.126498E+04 MJ (0.100000E+03 MJ/s)
 Total enthalpy discharge:           0.249962E-01 MJ (0.473880E-03 MJ/s)
 Total enthalpy input:               0.527482E+04 MJ (0.100000E+03 MJ/s)

 Water discharge this time step:   0.241415E-01 kg (0.190845E-02 kg/s)
 Water input this time step:       0.136877E-01 kg (0.108205E-02 kg/s)
 Total water discharge:            0.149488E+00 kg (0.283400E-02 kg/s)
 Total water input:                0.678016E-01 kg (0.128539E-02 kg/s)

 Enthalpy discharge this time step:  0.403623E-02 MJ (0.319074E-03 MJ/s)
 Enthalpy input this time step:      0.126498E+04 MJ (0.100000E+03 MJ/s)
 Total enthalpy discharge:           0.249962E-01 MJ (0.473880E-03 MJ/s)
 Total enthalpy input:               0.527482E+04 MJ (0.100000E+03 MJ/s)

 Enthalpy discharge this time step:  0.282798E-02 MJ (0.203235E-03 MJ/s)
 Enthalpy input this time step:      0.139148E+04 MJ (0.100000E+03 MJ/s)
 Total enthalpy discharge:           0.278242E-01 MJ (0.417387E-03 MJ/s)
 Total enthalpy input:               0.666630E+04 MJ (0.100000E+03 MJ/s)

 Water discharge this time step:   0.169148E-01 kg (0.121560E-02 kg/s)
 Water input this time step:       0.154579E-01 kg (0.111090E-02 kg/s)
 Total water discharge:            0.166403E+00 kg (0.249618E-02 kg/s)
 Total water input:                0.832595E-01 kg (0.124896E-02 kg/s)

 Enthalpy discharge this time step:  0.282798E-02 MJ (0.203235E-03 MJ/s)
 Enthalpy input this time step:      0.139148E+04 MJ (0.100000E+03 MJ/s)
 Total enthalpy discharge:           0.278242E-01 MJ (0.417387E-03 MJ/s)
 Total enthalpy input:               0.666630E+04 MJ (0.100000E+03 MJ/s)

 Enthalpy discharge this time step:  0.345348E-02 MJ (0.225625E-03 MJ/s)
 Enthalpy input this time step:      0.153063E+04 MJ (0.100000E+03 MJ/s)
 Total enthalpy discharge:           0.312777E-01 MJ (0.381579E-03 MJ/s)
 Total enthalpy input:               0.819693E+04 MJ (0.100000E+03 MJ/s)

 Water discharge this time step:   0.206466E-01 kg (0.134889E-02 kg/s)
 Water input this time step:       0.164708E-01 kg (0.107608E-02 kg/s)
 Total water discharge:            0.187049E+00 kg (0.228195E-02 kg/s)
 Total water input:                0.997303E-01 kg (0.121668E-02 kg/s)

 Enthalpy discharge this time step:  0.345348E-02 MJ (0.225625E-03 MJ/s)
 Enthalpy input this time step:      0.153063E+04 MJ (0.100000E+03 MJ/s)
 Total enthalpy discharge:           0.312777E-01 MJ (0.381579E-03 MJ/s)
 Total enthalpy input:               0.819693E+04 MJ (0.100000E+03 MJ/s)

 Enthalpy discharge this time step:  0.329482E-02 MJ (0.195690E-03 MJ/s)
 Enthalpy input this time step:      0.168369E+04 MJ (0.100000E+03 MJ/s)
 Total enthalpy discharge:           0.345725E-01 MJ (0.349903E-03 MJ/s)
 Total enthalpy input:               0.988063E+04 MJ (0.100000E+03 MJ/s)

 Water discharge this time step:   0.196965E-01 kg (0.116984E-02 kg/s)
 Water input this time step:       0.154716E-01 kg (0.918909E-03 kg/s)
 Total water discharge:            0.206746E+00 kg (0.209244E-02 kg/s)
 Total water input:                0.115202E+00 kg (0.116594E-02 kg/s)

 Enthalpy discharge this time step:  0.329482E-02 MJ (0.195690E-03 MJ/s)
 Enthalpy input this time step:      0.168369E+04 MJ (0.100000E+03 MJ/s)
 Total enthalpy discharge:           0.345725E-01 MJ (0.349903E-03 MJ/s)
 Total enthalpy input:               0.988063E+04 MJ (0.100000E+03 MJ/s)

 Enthalpy discharge this time step:  0.311901E-02 MJ (0.168408E-03 MJ/s)
 Enthalpy input this time step:      0.185206E+04 MJ (0.100000E+03 MJ/s)
 Total enthalpy discharge:           0.376915E-01 MJ (0.321253E-03 MJ/s)
 Total enthalpy input:               0.117327E+05 MJ (0.100000E+03 MJ/s)

 Water discharge this time step:   0.186354E-01 kg (0.100620E-02 kg/s)
 Water input this time step:       0.144303E-01 kg (0.779146E-03 kg/s)
 Total water discharge:            0.225381E+00 kg (0.192097E-02 kg/s)
 Total water input:                0.129632E+00 kg (0.110488E-02 kg/s)

 Enthalpy discharge this time step:  0.311901E-02 MJ (0.168408E-03 MJ/s)
 Enthalpy input this time step:      0.185206E+04 MJ (0.100000E+03 MJ/s)
 Total enthalpy discharge:           0.376915E-01 MJ (0.321253E-03 MJ/s)
 Total enthalpy input:               0.117327E+05 MJ (0.100000E+03 MJ/s)

 Enthalpy discharge this time step:  0.309989E-02 MJ (0.152159E-03 MJ/s)
 Enthalpy input this time step:      0.203727E+04 MJ (0.100000E+03 MJ/s)
 Total enthalpy discharge:           0.407914E-01 MJ (0.296235E-03 MJ/s)
 Total enthalpy input:               0.137700E+05 MJ (0.100000E+03 MJ/s)

 Water discharge this time step:   0.185230E-01 kg (0.909210E-03 kg/s)
 Water input this time step:       0.170588E-01 kg (0.837339E-03 kg/s)
 Total water discharge:            0.243904E+00 kg (0.177128E-02 kg/s)
 Total water input:                0.146691E+00 kg (0.106530E-02 kg/s)

 Enthalpy discharge this time step:  0.309989E-02 MJ (0.152159E-03 MJ/s)
 Enthalpy input this time step:      0.203727E+04 MJ (0.100000E+03 MJ/s)
 Total enthalpy discharge:           0.407914E-01 MJ (0.296235E-03 MJ/s)
 Total enthalpy input:               0.137700E+05 MJ (0.100000E+03 MJ/s)
*********************************************************************
 Time Step        11

                    Timing Information
           Years              Days         Step Size (Days)
     0.507355703E-05     0.185311671E-02    0.259374246E-03
 Cpu Sec for Time Step =   1.458     Current Total =     16.84    

                    Equation Performance
 Number of N-R Iterations:          2
 Avg # of Linear Equation Solver Iterations:   0.5
 Number of Active Nodes:    266218.
 Total Number of Iterations, N-R:         22 , Solver:         11
 Phase Changes This Time Step:        0 Total           0
 Nodes Liq Phase:   532436 change        0
 Nodes Two Phase:        0 change        0
 Nodes Gas Phase:         0 change        0
 Nodes SC Phase:        0 change        0
 Number of restarted time steps            0
                    Largest Residuals
 EQ1 R=  0.1306E-11 node= 319737 zone=     5 x=0.1000E+05 y=0.1800E+05 z=-.2500E+05
 EQ2 R=  0.1523E-13 node= 436974 zone=     4 x=0.3200E+05 y=0.4200E+05 z=0.2500E+05
   Node   Equation 1 Residual   Equation 2 Residual
 266236     -0.211074E-14          -0.455877E-14
 266234     -0.108765E-18          -0.607763E-19
 266231      0.182115E-17          -0.874372E-19
 266226      0.517740E-19          -0.154868E-18
 266221      0.445407E-17          -0.196979E-18
 266210      0.800788E-18          -0.211362E-18
 266201      0.522401E-15           0.184591E-15

                    Nodal Information (Water)
                                                  source/sink  E source/sink
   Node   P (MPa)    E (MJ)    L sat     Temp (C)    (kg/s)       (MJ/s)
 266236    135.2     0.167      1.00        2.000   0.000     -0.888E-09
 266234    139.3     0.167      1.00        2.000   0.000       0.00    
 266231    142.1     0.166      1.00        2.000   0.000       0.00    
 266226    149.0     0.166      1.00        2.000   0.000       0.00    
 266221    155.9     0.165      1.00        2.000   0.000       0.00    
 266210    179.6     0.163      1.00        2.000   0.000       0.00    
 266201    204.8     0.161      1.00        2.000   0.000     -0.400E-01

                    Global Mass & Energy Balances
 Total mass in system at this time:            0.477635E+17 kg
 Total mass of steam in system at this time:   0.000000E+00 kg
 Total enthalpy in system at this time:        0.319067E+16 MJ

 Water discharge this time step:   0.191158E-01 kg (0.853007E-03 kg/s)
 Water input this time step:       0.204757E-01 kg (0.913687E-03 kg/s)
 Total water discharge:            0.263020E+00 kg (0.164275E-02 kg/s)
 Total water input:                0.167167E+00 kg (0.104408E-02 kg/s)

 Enthalpy discharge this time step:  0.322204E-02 MJ (0.143777E-03 MJ/s)
 Enthalpy input this time step:      0.224100E+04 MJ (0.100000E+03 MJ/s)
 Total enthalpy discharge:           0.440134E-01 MJ (0.274896E-03 MJ/s)
 Total enthalpy input:               0.160110E+05 MJ (0.100000E+03 MJ/s)

 Net kg water discharge (total out-total in):   0.958532E-01
 Net MJ energy discharge (total out-total in):  -0.160109E+05
 Conservation Errors:   0.364433E+00 (mass),   0.453359E-02 (energy)

 Enthalpy discharge this time step:  0.268200E-02 MJ (0.108799E-03 MJ/s)
 Enthalpy input this time step:      0.246510E+04 MJ (0.100000E+03 MJ/s)
 Total enthalpy discharge:           0.466954E-01 MJ (0.252735E-03 MJ/s)
 Total enthalpy input:               0.184761E+05 MJ (0.100000E+03 MJ/s)

 Water discharge this time step:   0.158656E-01 kg (0.643610E-03 kg/s)
 Water input this time step:       0.155713E-01 kg (0.631672E-03 kg/s)
 Total water discharge:            0.278885E+00 kg (0.150945E-02 kg/s)
 Total water input:                0.182738E+00 kg (0.989055E-03 kg/s)

 Enthalpy discharge this time step:  0.268200E-02 MJ (0.108799E-03 MJ/s)
 Enthalpy input this time step:      0.246510E+04 MJ (0.100000E+03 MJ/s)
 Total enthalpy discharge:           0.466954E-01 MJ (0.252735E-03 MJ/s)
 Total enthalpy input:               0.184761E+05 MJ (0.100000E+03 MJ/s)

 Enthalpy discharge this time step:  0.244148E-02 MJ (0.900385E-04 MJ/s)
 Enthalpy input this time step:      0.271160E+04 MJ (0.100000E+03 MJ/s)
 Total enthalpy discharge:           0.491369E-01 MJ (0.231913E-03 MJ/s)
 Total enthalpy input:               0.211877E+05 MJ (0.100000E+03 MJ/s)

 Water discharge this time step:   0.143366E-01 kg (0.528715E-03 kg/s)
 Water input this time step:       0.140264E-01 kg (0.517275E-03 kg/s)
 Total water discharge:            0.293222E+00 kg (0.138393E-02 kg/s)
 Total water input:                0.196764E+00 kg (0.928676E-03 kg/s)

 Enthalpy discharge this time step:  0.244148E-02 MJ (0.900385E-04 MJ/s)
 Enthalpy input this time step:      0.271160E+04 MJ (0.100000E+03 MJ/s)
 Total enthalpy discharge:           0.491369E-01 MJ (0.231913E-03 MJ/s)
 Total enthalpy input:               0.211877E+05 MJ (0.100000E+03 MJ/s)

 Enthalpy discharge this time step:  0.182107E-02 MJ (0.610533E-04 MJ/s)
 Enthalpy input this time step:      0.298276E+04 MJ (0.100000E+03 MJ/s)
 Total enthalpy discharge:           0.509580E-01 MJ (0.210828E-03 MJ/s)
 Total enthalpy input:               0.241704E+05 MJ (0.100000E+03 MJ/s)

 Water discharge this time step:   0.105482E-01 kg (0.353637E-03 kg/s)
 Water input this time step:       0.955417E-02 kg (0.320313E-03 kg/s)
 Total water discharge:            0.303770E+00 kg (0.125679E-02 kg/s)
 Total water input:                0.206319E+00 kg (0.853601E-03 kg/s)

 Enthalpy discharge this time step:  0.182107E-02 MJ (0.610533E-04 MJ/s)
 Enthalpy input this time step:      0.298276E+04 MJ (0.100000E+03 MJ/s)
 Total enthalpy discharge:           0.509580E-01 MJ (0.210828E-03 MJ/s)
 Total enthalpy input:               0.241704E+05 MJ (0.100000E+03 MJ/s)

 Enthalpy discharge this time step:  0.131230E-02 MJ (0.399966E-04 MJ/s)
 Enthalpy input this time step:      0.328104E+04 MJ (0.100000E+03 MJ/s)
 Total enthalpy discharge:           0.522703E-01 MJ (0.190410E-03 MJ/s)
 Total enthalpy input:               0.274515E+05 MJ (0.100000E+03 MJ/s)

 Water discharge this time step:   0.742525E-02 kg (0.226308E-03 kg/s)
 Water input this time step:       0.102811E-01 kg (0.313349E-03 kg/s)
 Total water discharge:            0.311196E+00 kg (0.113362E-02 kg/s)
 Total water input:                0.216600E+00 kg (0.789029E-03 kg/s)

 Enthalpy discharge this time step:  0.131230E-02 MJ (0.399966E-04 MJ/s)
 Enthalpy input this time step:      0.328104E+04 MJ (0.100000E+03 MJ/s)
 Total enthalpy discharge:           0.522703E-01 MJ (0.190410E-03 MJ/s)
 Total enthalpy input:               0.274515E+05 MJ (0.100000E+03 MJ/s)

 Enthalpy discharge this time step:  0.113300E-02 MJ (0.313924E-04 MJ/s)
 Enthalpy input this time step:      0.360914E+04 MJ (0.100000E+03 MJ/s)
 Total enthalpy discharge:           0.534033E-01 MJ (0.171933E-03 MJ/s)
 Total enthalpy input:               0.310606E+05 MJ (0.100000E+03 MJ/s)

 Water discharge this time step:   0.626495E-02 kg (0.173586E-03 kg/s)
 Water input this time step:       0.321326E-02 kg (0.890310E-04 kg/s)
 Total water discharge:            0.317460E+00 kg (0.102207E-02 kg/s)
 Total water input:                0.219813E+00 kg (0.707691E-03 kg/s)

 Enthalpy discharge this time step:  0.113300E-02 MJ (0.313924E-04 MJ/s)
 Enthalpy input this time step:      0.360914E+04 MJ (0.100000E+03 MJ/s)
 Total enthalpy discharge:           0.534033E-01 MJ (0.171933E-03 MJ/s)
 Total enthalpy input:               0.310606E+05 MJ (0.100000E+03 MJ/s)

 Enthalpy discharge this time step:  0.801399E-03 MJ (0.201861E-04 MJ/s)
 Enthalpy input this time step:      0.397006E+04 MJ (0.100000E+03 MJ/s)
 Total enthalpy discharge:           0.542047E-01 MJ (0.154735E-03 MJ/s)
 Total enthalpy input:               0.350307E+05 MJ (0.100000E+03 MJ/s)

 Water discharge this time step:   0.422570E-02 kg (0.106439E-03 kg/s)
 Water input this time step:       0.404798E-02 kg (0.101963E-03 kg/s)
 Total water discharge:            0.321686E+00 kg (0.918300E-03 kg/s)
 Total water input:                0.223861E+00 kg (0.639044E-03 kg/s)

 Enthalpy discharge this time step:  0.801399E-03 MJ (0.201861E-04 MJ/s)
 Enthalpy input this time step:      0.397006E+04 MJ (0.100000E+03 MJ/s)
 Total enthalpy discharge:           0.542047E-01 MJ (0.154735E-03 MJ/s)
 Total enthalpy input:               0.350307E+05 MJ (0.100000E+03 MJ/s)

 Enthalpy discharge this time step:  0.474477E-03 MJ (0.108649E-04 MJ/s)
 Enthalpy input this time step:      0.436706E+04 MJ (0.100000E+03 MJ/s)
 Total enthalpy discharge:           0.546792E-01 MJ (0.138788E-03 MJ/s)
 Total enthalpy input:               0.393977E+05 MJ (0.100000E+03 MJ/s)

 Water discharge this time step:   0.219381E-02 kg (0.502354E-04 kg/s)
 Water input this time step:       0.341018E-02 kg (0.780886E-04 kg/s)
 Total water discharge:            0.323880E+00 kg (0.822079E-03 kg/s)
 Total water input:                0.227271E+00 kg (0.576864E-03 kg/s)

 Enthalpy discharge this time step:  0.474477E-03 MJ (0.108649E-04 MJ/s)
 Enthalpy input this time step:      0.436706E+04 MJ (0.100000E+03 MJ/s)
 Total enthalpy discharge:           0.546792E-01 MJ (0.138788E-03 MJ/s)
 Total enthalpy input:               0.393977E+05 MJ (0.100000E+03 MJ/s)

 Enthalpy discharge this time step:  0.570391E-03 MJ (0.118738E-04 MJ/s)
 Enthalpy input this time step:      0.480377E+04 MJ (0.100000E+03 MJ/s)
 Total enthalpy discharge:           0.552496E-01 MJ (0.124995E-03 MJ/s)
 Total enthalpy input:               0.442015E+05 MJ (0.100000E+03 MJ/s)

 Water discharge this time step:   0.269991E-02 kg (0.562039E-04 kg/s)
 Water input this time step:       0.308219E-02 kg (0.641620E-04 kg/s)
 Total water discharge:            0.326580E+00 kg (0.738844E-03 kg/s)
 Total water input:                0.230353E+00 kg (0.521144E-03 kg/s)

 Enthalpy discharge this time step:  0.570391E-03 MJ (0.118738E-04 MJ/s)
 Enthalpy input this time step:      0.480377E+04 MJ (0.100000E+03 MJ/s)
 Total enthalpy discharge:           0.552496E-01 MJ (0.124995E-03 MJ/s)
 Total enthalpy input:               0.442015E+05 MJ (0.100000E+03 MJ/s)

 Enthalpy discharge this time step:  0.600661E-03 MJ (0.113672E-04 MJ/s)
 Enthalpy input this time step:      0.528415E+04 MJ (0.100000E+03 MJ/s)
 Total enthalpy discharge:           0.558502E-01 MJ (0.112862E-03 MJ/s)
 Total enthalpy input:               0.494856E+05 MJ (0.100000E+03 MJ/s)

 Water discharge this time step:   0.283849E-02 kg (0.537170E-04 kg/s)
 Water input this time step:       0.220771E-02 kg (0.417799E-04 kg/s)
 Total water discharge:            0.329418E+00 kg (0.665685E-03 kg/s)
 Total water input:                0.232561E+00 kg (0.469957E-03 kg/s)

 Enthalpy discharge this time step:  0.600661E-03 MJ (0.113672E-04 MJ/s)
 Enthalpy input this time step:      0.528415E+04 MJ (0.100000E+03 MJ/s)
 Total enthalpy discharge:           0.558502E-01 MJ (0.112862E-03 MJ/s)
 Total enthalpy input:               0.494856E+05 MJ (0.100000E+03 MJ/s)
*********************************************************************
 Time Step        21

                    Timing Information
           Years              Days         Step Size (Days)
     0.175229293E-04     0.640024994E-02    0.672749995E-03
 Cpu Sec for Time Step =   1.453     Current Total =     32.02    

                    Equation Performance
 Number of N-R Iterations:          2
 Avg # of Linear Equation Solver Iterations:   0.5
 Number of Active Nodes:    266218.
 Total Number of Iterations, N-R:         42 , Solver:         21
 Phase Changes This Time Step:        0 Total           0
 Nodes Liq Phase:   532436 change        0
 Nodes Two Phase:        0 change        0
 Nodes Gas Phase:         0 change        0
 Nodes SC Phase:        0 change        0
 Number of restarted time steps            0
                    Largest Residuals
 EQ1 R=  0.1739E-11 node= 330681 zone=     5 x=0.1200E+05 y=0.2800E+05 z=-.2500E+05
 EQ2 R=  0.1054E-13 node= 212182 zone=     4 x=-.1000E+05 y=-.3200E+05 z=0.2500E+05
   Node   Equation 1 Residual   Equation 2 Residual
 266236     -0.780051E-15          -0.556441E-17
 266234     -0.282107E-18          -0.157638E-18
 266231      0.472352E-17          -0.226790E-18
 266226      0.134288E-18          -0.401688E-18
 266221      0.115523E-16          -0.510913E-18
 266210      0.207703E-17          -0.548218E-18
 266201      0.207565E-14          -0.646023E-15

                    Nodal Information (Water)
                                                  source/sink  E source/sink
   Node   P (MPa)    E (MJ)    L sat     Temp (C)    (kg/s)       (MJ/s)
 266236    135.2     0.167      1.00        2.000   0.000     -0.888E-09
 266234    139.3     0.167      1.00        2.000   0.000       0.00    
 266231    142.1     0.166      1.00        2.000   0.000       0.00    
 266226    149.0     0.166      1.00        2.000   0.000       0.00    
 266221    155.9     0.165      1.00        2.000   0.000       0.00    
 266210    179.6     0.163      1.00        2.000   0.000       0.00    
 266201    204.8     0.161      1.00        2.000   0.000     -0.400E-01

                    Global Mass & Energy Balances
 Total mass in system at this time:            0.477635E+17 kg
 Total mass of steam in system at this time:   0.000000E+00 kg
 Total enthalpy in system at this time:        0.319067E+16 MJ

 Water discharge this time step:   0.270313E-02 kg (0.465050E-04 kg/s)
 Water input this time step:       0.185027E-02 kg (0.318323E-04 kg/s)
 Total water discharge:            0.332122E+00 kg (0.600601E-03 kg/s)
 Total water input:                0.234411E+00 kg (0.423904E-03 kg/s)

 Enthalpy discharge this time step:  0.592238E-03 MJ (0.101889E-04 MJ/s)
 Enthalpy input this time step:      0.581256E+04 MJ (0.100000E+03 MJ/s)
 Total enthalpy discharge:           0.564425E-01 MJ (0.102069E-03 MJ/s)
 Total enthalpy input:               0.552982E+05 MJ (0.100000E+03 MJ/s)

 Net kg water discharge (total out-total in):   0.977102E-01
 Net MJ energy discharge (total out-total in):  -0.552981E+05
 Conservation Errors:   0.294200E+00 (mass),   0.155257E-02 (energy)

 Enthalpy discharge this time step:  0.528419E-03 MJ (0.826454E-05 MJ/s)
 Enthalpy input this time step:      0.639382E+04 MJ (0.100000E+03 MJ/s)
 Total enthalpy discharge:           0.569709E-01 MJ (0.923473E-04 MJ/s)
 Total enthalpy input:               0.616920E+05 MJ (0.100000E+03 MJ/s)

 Water discharge this time step:   0.222611E-02 kg (0.348166E-04 kg/s)
 Water input this time step:       0.206710E-02 kg (0.323297E-04 kg/s)
 Total water discharge:            0.334348E+00 kg (0.541963E-03 kg/s)
 Total water input:                0.236478E+00 kg (0.383321E-03 kg/s)

 Enthalpy discharge this time step:  0.528419E-03 MJ (0.826454E-05 MJ/s)
 Enthalpy input this time step:      0.639382E+04 MJ (0.100000E+03 MJ/s)
 Total enthalpy discharge:           0.569709E-01 MJ (0.923473E-04 MJ/s)
 Total enthalpy input:               0.616920E+05 MJ (0.100000E+03 MJ/s)

 Enthalpy discharge this time step:  0.462619E-03 MJ (0.657765E-05 MJ/s)
 Enthalpy input this time step:      0.703320E+04 MJ (0.100000E+03 MJ/s)
 Total enthalpy discharge:           0.574335E-01 MJ (0.835698E-04 MJ/s)
 Total enthalpy input:               0.687252E+05 MJ (0.100000E+03 MJ/s)

 Water discharge this time step:   0.174909E-02 kg (0.248690E-04 kg/s)
 Water input this time step:       0.234377E-02 kg (0.333245E-04 kg/s)
 Total water discharge:            0.336097E+00 kg (0.489045E-03 kg/s)
 Total water input:                0.238822E+00 kg (0.347503E-03 kg/s)

 Enthalpy discharge this time step:  0.462619E-03 MJ (0.657765E-05 MJ/s)
 Enthalpy input this time step:      0.703320E+04 MJ (0.100000E+03 MJ/s)
 Total enthalpy discharge:           0.574335E-01 MJ (0.835698E-04 MJ/s)
 Total enthalpy input:               0.687252E+05 MJ (0.100000E+03 MJ/s)

 Enthalpy discharge this time step:  0.586336E-03 MJ (0.757881E-05 MJ/s)
 Enthalpy input this time step:      0.773652E+04 MJ (0.100000E+03 MJ/s)
 Total enthalpy discharge:           0.580198E-01 MJ (0.758809E-04 MJ/s)
 Total enthalpy input:               0.764617E+05 MJ (0.100000E+03 MJ/s)

 Water discharge this time step:   0.238575E-02 kg (0.308376E-04 kg/s)
 Water input this time step:       0.415583E-02 kg (0.537170E-04 kg/s)
 Total water discharge:            0.338482E+00 kg (0.442682E-03 kg/s)
 Total water input:                0.242978E+00 kg (0.317777E-03 kg/s)

 Enthalpy discharge this time step:  0.586336E-03 MJ (0.757881E-05 MJ/s)
 Enthalpy input this time step:      0.773652E+04 MJ (0.100000E+03 MJ/s)
 Total enthalpy discharge:           0.580198E-01 MJ (0.758809E-04 MJ/s)
 Total enthalpy input:               0.764617E+05 MJ (0.100000E+03 MJ/s)

 Enthalpy discharge this time step:  0.130417E-02 MJ (0.153248E-04 MJ/s)
 Enthalpy input this time step:      0.851017E+04 MJ (0.100000E+03 MJ/s)
 Total enthalpy discharge:           0.593240E-01 MJ (0.698161E-04 MJ/s)
 Total enthalpy input:               0.849719E+05 MJ (0.100000E+03 MJ/s)

 Water discharge this time step:   0.660315E-02 kg (0.775913E-04 kg/s)
 Water input this time step:       0.237036E-02 kg (0.278533E-04 kg/s)
 Total water discharge:            0.345086E+00 kg (0.406118E-03 kg/s)
 Total water input:                0.245348E+00 kg (0.288741E-03 kg/s)

 Enthalpy discharge this time step:  0.130417E-02 MJ (0.153248E-04 MJ/s)
 Enthalpy input this time step:      0.851017E+04 MJ (0.100000E+03 MJ/s)
 Total enthalpy discharge:           0.593240E-01 MJ (0.698161E-04 MJ/s)
 Total enthalpy input:               0.849719E+05 MJ (0.100000E+03 MJ/s)

 Enthalpy discharge this time step:  0.636196E-03 MJ (0.679610E-05 MJ/s)
 Enthalpy input this time step:      0.936119E+04 MJ (0.100000E+03 MJ/s)
 Total enthalpy discharge:           0.599602E-01 MJ (0.635622E-04 MJ/s)
 Total enthalpy input:               0.943331E+05 MJ (0.100000E+03 MJ/s)

 Water discharge this time step:   0.242115E-02 kg (0.258638E-04 kg/s)
 Water input this time step:       0.647193E-02 kg (0.691358E-04 kg/s)
 Total water discharge:            0.347507E+00 kg (0.368383E-03 kg/s)
 Total water input:                0.251820E+00 kg (0.266948E-03 kg/s)

 Enthalpy discharge this time step:  0.636196E-03 MJ (0.679610E-05 MJ/s)
 Enthalpy input this time step:      0.936119E+04 MJ (0.100000E+03 MJ/s)
 Total enthalpy discharge:           0.599602E-01 MJ (0.635622E-04 MJ/s)
 Total enthalpy input:               0.943331E+05 MJ (0.100000E+03 MJ/s)

 Enthalpy discharge this time step:  0.119840E-02 MJ (0.116380E-04 MJ/s)
 Enthalpy input this time step:      0.102973E+05 MJ (0.100000E+03 MJ/s)
 Total enthalpy discharge:           0.611586E-01 MJ (0.584521E-04 MJ/s)
 Total enthalpy input:               0.104630E+06 MJ (0.100000E+03 MJ/s)

 Water discharge this time step:   0.583871E-02 kg (0.567013E-04 kg/s)
 Water input this time step:       0.368760E-02 kg (0.358114E-04 kg/s)
 Total water discharge:            0.353345E+00 kg (0.337708E-03 kg/s)
 Total water input:                0.255508E+00 kg (0.244201E-03 kg/s)

 Enthalpy discharge this time step:  0.119840E-02 MJ (0.116380E-04 MJ/s)
 Enthalpy input this time step:      0.102973E+05 MJ (0.100000E+03 MJ/s)
 Total enthalpy discharge:           0.611586E-01 MJ (0.584521E-04 MJ/s)
 Total enthalpy input:               0.104630E+06 MJ (0.100000E+03 MJ/s)

 Enthalpy discharge this time step:  0.160735E-02 MJ (0.141904E-04 MJ/s)
 Enthalpy input this time step:      0.113270E+05 MJ (0.100000E+03 MJ/s)
 Total enthalpy discharge:           0.627660E-01 MJ (0.541285E-04 MJ/s)
 Total enthalpy input:               0.115957E+06 MJ (0.100000E+03 MJ/s)

 Water discharge this time step:   0.811273E-02 kg (0.716227E-04 kg/s)
 Water input this time step:       0.633807E-02 kg (0.559552E-04 kg/s)
 Total water discharge:            0.361458E+00 kg (0.311716E-03 kg/s)
 Total water input:                0.261846E+00 kg (0.225812E-03 kg/s)

 Enthalpy discharge this time step:  0.160735E-02 MJ (0.141904E-04 MJ/s)
 Enthalpy input this time step:      0.113270E+05 MJ (0.100000E+03 MJ/s)
 Total enthalpy discharge:           0.627660E-01 MJ (0.541285E-04 MJ/s)
 Total enthalpy input:               0.115957E+06 MJ (0.100000E+03 MJ/s)

 Enthalpy discharge this time step:  0.255594E-02 MJ (0.205136E-04 MJ/s)
 Enthalpy input this time step:      0.124597E+05 MJ (0.100000E+03 MJ/s)
 Total enthalpy discharge:           0.653219E-01 MJ (0.508670E-04 MJ/s)
 Total enthalpy input:               0.128417E+06 MJ (0.100000E+03 MJ/s)

 Water discharge this time step:   0.138508E-01 kg (0.111164E-03 kg/s)
 Water input this time step:       0.107832E-01 kg (0.865441E-04 kg/s)
 Total water discharge:            0.375309E+00 kg (0.292258E-03 kg/s)
 Total water input:                0.272629E+00 kg (0.212300E-03 kg/s)

 Enthalpy discharge this time step:  0.255594E-02 MJ (0.205136E-04 MJ/s)
 Enthalpy input this time step:      0.124597E+05 MJ (0.100000E+03 MJ/s)
 Total enthalpy discharge:           0.653219E-01 MJ (0.508670E-04 MJ/s)
 Total enthalpy input:               0.128417E+06 MJ (0.100000E+03 MJ/s)

 Enthalpy discharge this time step:  0.209859E-02 MJ (0.153118E-04 MJ/s)
 Enthalpy input this time step:      0.137057E+05 MJ (0.100000E+03 MJ/s)
 Total enthalpy discharge:           0.674205E-01 MJ (0.474382E-04 MJ/s)
 Total enthalpy input:               0.142123E+06 MJ (0.100000E+03 MJ/s)

 Water discharge this time step:   0.111116E-01 kg (0.810729E-04 kg/s)
 Water input this time step:       0.180649E-01 kg (0.131806E-03 kg/s)
 Total water discharge:            0.386421E+00 kg (0.271892E-03 kg/s)
 Total water input:                0.290694E+00 kg (0.204537E-03 kg/s)

 Enthalpy discharge this time step:  0.209859E-02 MJ (0.153118E-04 MJ/s)
 Enthalpy input this time step:      0.137057E+05 MJ (0.100000E+03 MJ/s)
 Total enthalpy discharge:           0.674205E-01 MJ (0.474382E-04 MJ/s)
 Total enthalpy input:               0.142123E+06 MJ (0.100000E+03 MJ/s)
*********************************************************************
 Time Step        31

                    Timing Information
           Years              Days         Step Size (Days)
     0.498133949E-04     0.181943425E-01    0.174494023E-02
 Cpu Sec for Time Step =   1.476     Current Total =     47.22    

                    Equation Performance
 Number of N-R Iterations:          2
 Avg # of Linear Equation Solver Iterations:   0.5
 Number of Active Nodes:    266218.
 Total Number of Iterations, N-R:         62 , Solver:         31
 Phase Changes This Time Step:        0 Total           0
 Nodes Liq Phase:   532436 change        0
 Nodes Two Phase:        0 change        0
 Nodes Gas Phase:         0 change        0
 Nodes SC Phase:        0 change        0
 Number of restarted time steps            0
                    Largest Residuals
 EQ1 R=  0.1761E-11 node= 310051 zone=     5 x= 8000.     y=0.4200E+05 z=-.2500E+05
 EQ2 R=  0.1323E-13 node= 127072 zone=     4 x=-.2600E+05 y=-.4600E+05 z=0.2500E+05
   Node   Equation 1 Residual   Equation 2 Residual
 266236     -0.931906E-15          -0.109962E-18
 266234     -0.731711E-18          -0.408872E-18
 266231      0.122511E-16          -0.588236E-18
 266226      0.348309E-18          -0.104187E-17
 266221      0.299612E-16          -0.132518E-17
 266210      0.538726E-17          -0.142194E-17
 266201      0.212739E-13           0.500705E-15

                    Nodal Information (Water)
                                                  source/sink  E source/sink
   Node   P (MPa)    E (MJ)    L sat     Temp (C)    (kg/s)       (MJ/s)
 266236    135.2     0.167      1.00        2.000   0.000     -0.888E-09
 266234    139.3     0.167      1.00        2.000   0.000       0.00    
 266231    142.1     0.166      1.00        2.000   0.000       0.00    
 266226    149.0     0.166      1.00        2.000   0.000       0.00    
 266221    155.9     0.165      1.00        2.000   0.000       0.00    
 266210    179.6     0.163      1.00        2.000   0.000       0.00    
 266201    204.8     0.161      1.00        2.000   0.000     -0.400E-01

                    Global Mass & Energy Balances
 Total mass in system at this time:            0.477635E+17 kg
 Total mass of steam in system at this time:   0.000000E+00 kg
 Total enthalpy in system at this time:        0.319067E+16 MJ

 Water discharge this time step:   0.116979E-01 kg (0.775913E-04 kg/s)
 Water input this time step:       0.118479E-01 kg (0.785860E-04 kg/s)
 Total water discharge:            0.398119E+00 kg (0.253257E-03 kg/s)
 Total water input:                0.302542E+00 kg (0.192458E-03 kg/s)

 Enthalpy discharge this time step:  0.219726E-02 MJ (0.145743E-04 MJ/s)
 Enthalpy input this time step:      0.150763E+05 MJ (0.100000E+03 MJ/s)
 Total enthalpy discharge:           0.696177E-01 MJ (0.442863E-04 MJ/s)
 Total enthalpy input:               0.157199E+06 MJ (0.100000E+03 MJ/s)

 Net kg water discharge (total out-total in):   0.955766E-01
 Net MJ energy discharge (total out-total in):  -0.157199E+06
 Conservation Errors:   0.240071E+00 (mass),  -0.500066E-03 (energy)

 Enthalpy discharge this time step:  0.166437E-02 MJ (0.100360E-04 MJ/s)
 Enthalpy input this time step:      0.165839E+05 MJ (0.100000E+03 MJ/s)
 Total enthalpy discharge:           0.712821E-01 MJ (0.410179E-04 MJ/s)
 Total enthalpy input:               0.173783E+06 MJ (0.100000E+03 MJ/s)

 Water discharge this time step:   0.824850E-02 kg (0.497380E-04 kg/s)
 Water input this time step:       0.123728E-01 kg (0.746070E-04 kg/s)
 Total water discharge:            0.406367E+00 kg (0.233836E-03 kg/s)
 Total water input:                0.314915E+00 kg (0.181211E-03 kg/s)

 Enthalpy discharge this time step:  0.166437E-02 MJ (0.100360E-04 MJ/s)
 Enthalpy input this time step:      0.165839E+05 MJ (0.100000E+03 MJ/s)
 Total enthalpy discharge:           0.712821E-01 MJ (0.410179E-04 MJ/s)
 Total enthalpy input:               0.173783E+06 MJ (0.100000E+03 MJ/s)

 Enthalpy discharge this time step:  0.243908E-02 MJ (0.133705E-04 MJ/s)
 Enthalpy input this time step:      0.182423E+05 MJ (0.100000E+03 MJ/s)
 Total enthalpy discharge:           0.737212E-01 MJ (0.383914E-04 MJ/s)
 Total enthalpy input:               0.192025E+06 MJ (0.100000E+03 MJ/s)

 Water discharge this time step:   0.127027E-01 kg (0.696332E-04 kg/s)
 Water input this time step:       0.141544E-01 kg (0.775913E-04 kg/s)
 Total water discharge:            0.419070E+00 kg (0.218237E-03 kg/s)
 Total water input:                0.329069E+00 kg (0.171368E-03 kg/s)

 Enthalpy discharge this time step:  0.243908E-02 MJ (0.133705E-04 MJ/s)
 Enthalpy input this time step:      0.182423E+05 MJ (0.100000E+03 MJ/s)
 Total enthalpy discharge:           0.737212E-01 MJ (0.383914E-04 MJ/s)
 Total enthalpy input:               0.192025E+06 MJ (0.100000E+03 MJ/s)

 Enthalpy discharge this time step:  0.311146E-02 MJ (0.155057E-04 MJ/s)
 Enthalpy input this time step:      0.200665E+05 MJ (0.100000E+03 MJ/s)
 Total enthalpy discharge:           0.768327E-01 MJ (0.362261E-04 MJ/s)
 Total enthalpy input:               0.212092E+06 MJ (0.100000E+03 MJ/s)

 Water discharge this time step:   0.167676E-01 kg (0.835598E-04 kg/s)
 Water input this time step:       0.157695E-01 kg (0.785860E-04 kg/s)
 Total water discharge:            0.435837E+00 kg (0.205495E-03 kg/s)
 Total water input:                0.344839E+00 kg (0.162589E-03 kg/s)

 Enthalpy discharge this time step:  0.311146E-02 MJ (0.155057E-04 MJ/s)
 Enthalpy input this time step:      0.200665E+05 MJ (0.100000E+03 MJ/s)
 Total enthalpy discharge:           0.768327E-01 MJ (0.362261E-04 MJ/s)
 Total enthalpy input:               0.212092E+06 MJ (0.100000E+03 MJ/s)

 Enthalpy discharge this time step:  0.238132E-02 MJ (0.107883E-04 MJ/s)
 Enthalpy input this time step:      0.220732E+05 MJ (0.100000E+03 MJ/s)
 Total enthalpy discharge:           0.792140E-01 MJ (0.338283E-04 MJ/s)
 Total enthalpy input:               0.234165E+06 MJ (0.100000E+03 MJ/s)

 Water discharge this time step:   0.121864E-01 kg (0.552092E-04 kg/s)
 Water input this time step:       0.197618E-01 kg (0.895284E-04 kg/s)
 Total water discharge:            0.448024E+00 kg (0.191328E-03 kg/s)
 Total water input:                0.364600E+00 kg (0.155702E-03 kg/s)

 Enthalpy discharge this time step:  0.238132E-02 MJ (0.107883E-04 MJ/s)
 Enthalpy input this time step:      0.220732E+05 MJ (0.100000E+03 MJ/s)
 Total enthalpy discharge:           0.792140E-01 MJ (0.338283E-04 MJ/s)
 Total enthalpy input:               0.234165E+06 MJ (0.100000E+03 MJ/s)

 Enthalpy discharge this time step:  0.288830E-02 MJ (0.118956E-04 MJ/s)
 Enthalpy input this time step:      0.242805E+05 MJ (0.100000E+03 MJ/s)
 Total enthalpy discharge:           0.821023E-01 MJ (0.317677E-04 MJ/s)
 Total enthalpy input:               0.258446E+06 MJ (0.100000E+03 MJ/s)

 Water discharge this time step:   0.149750E-01 kg (0.616751E-04 kg/s)
 Water input this time step:       0.217379E-01 kg (0.895284E-04 kg/s)
 Total water discharge:            0.462999E+00 kg (0.179147E-03 kg/s)
 Total water input:                0.386338E+00 kg (0.149485E-03 kg/s)

 Enthalpy discharge this time step:  0.288830E-02 MJ (0.118956E-04 MJ/s)
 Enthalpy input this time step:      0.242805E+05 MJ (0.100000E+03 MJ/s)
 Total enthalpy discharge:           0.821023E-01 MJ (0.317677E-04 MJ/s)
 Total enthalpy input:               0.258446E+06 MJ (0.100000E+03 MJ/s)

 Enthalpy discharge this time step:  0.216470E-02 MJ (0.810489E-05 MJ/s)
 Enthalpy input this time step:      0.267086E+05 MJ (0.100000E+03 MJ/s)
 Total enthalpy discharge:           0.842670E-01 MJ (0.295514E-04 MJ/s)
 Total enthalpy input:               0.285154E+06 MJ (0.100000E+03 MJ/s)

 Water discharge this time step:   0.106274E-01 kg (0.397904E-04 kg/s)
 Water input this time step:       0.119559E-01 kg (0.447642E-04 kg/s)
 Total water discharge:            0.473626E+00 kg (0.166095E-03 kg/s)
 Total water input:                0.398294E+00 kg (0.139677E-03 kg/s)

 Enthalpy discharge this time step:  0.216470E-02 MJ (0.810489E-05 MJ/s)
 Enthalpy input this time step:      0.267086E+05 MJ (0.100000E+03 MJ/s)
 Total enthalpy discharge:           0.842670E-01 MJ (0.295514E-04 MJ/s)
 Total enthalpy input:               0.285154E+06 MJ (0.100000E+03 MJ/s)

 Enthalpy discharge this time step:  0.262528E-02 MJ (0.893577E-05 MJ/s)
 Enthalpy input this time step:      0.293794E+05 MJ (0.100000E+03 MJ/s)
 Total enthalpy discharge:           0.868923E-01 MJ (0.276258E-04 MJ/s)
 Total enthalpy input:               0.314534E+06 MJ (0.100000E+03 MJ/s)

 Water discharge this time step:   0.132976E-01 kg (0.452616E-04 kg/s)
 Water input this time step:       0.197272E-01 kg (0.671463E-04 kg/s)
 Total water discharge:            0.486924E+00 kg (0.154808E-03 kg/s)
 Total water input:                0.418021E+00 kg (0.132902E-03 kg/s)

 Enthalpy discharge this time step:  0.262528E-02 MJ (0.893577E-05 MJ/s)
 Enthalpy input this time step:      0.293794E+05 MJ (0.100000E+03 MJ/s)
 Total enthalpy discharge:           0.868923E-01 MJ (0.276258E-04 MJ/s)
 Total enthalpy input:               0.314534E+06 MJ (0.100000E+03 MJ/s)

 Enthalpy discharge this time step:  0.259655E-02 MJ (0.803452E-05 MJ/s)
 Enthalpy input this time step:      0.323174E+05 MJ (0.100000E+03 MJ/s)
 Total enthalpy discharge:           0.894888E-01 MJ (0.258004E-04 MJ/s)
 Total enthalpy input:               0.346851E+06 MJ (0.100000E+03 MJ/s)

 Water discharge this time step:   0.126985E-01 kg (0.392930E-04 kg/s)
 Water input this time step:       0.771552E-02 kg (0.238742E-04 kg/s)
 Total water discharge:            0.499622E+00 kg (0.144045E-03 kg/s)
 Total water input:                0.425737E+00 kg (0.122743E-03 kg/s)

 Enthalpy discharge this time step:  0.259655E-02 MJ (0.803452E-05 MJ/s)
 Enthalpy input this time step:      0.323174E+05 MJ (0.100000E+03 MJ/s)
 Total enthalpy discharge:           0.894888E-01 MJ (0.258004E-04 MJ/s)
 Total enthalpy input:               0.346851E+06 MJ (0.100000E+03 MJ/s)

 Enthalpy discharge this time step:  0.300281E-02 MJ (0.844695E-05 MJ/s)
 Enthalpy input this time step:      0.355491E+05 MJ (0.100000E+03 MJ/s)
 Total enthalpy discharge:           0.924916E-01 MJ (0.241871E-04 MJ/s)
 Total enthalpy input:               0.382400E+06 MJ (0.100000E+03 MJ/s)

 Water discharge this time step:   0.150292E-01 kg (0.422773E-04 kg/s)
 Water input this time step:       0.152060E-01 kg (0.427747E-04 kg/s)
 Total water discharge:            0.514651E+00 kg (0.134585E-03 kg/s)
 Total water input:                0.440943E+00 kg (0.115309E-03 kg/s)

 Enthalpy discharge this time step:  0.300281E-02 MJ (0.844695E-05 MJ/s)
 Enthalpy input this time step:      0.355491E+05 MJ (0.100000E+03 MJ/s)
 Total enthalpy discharge:           0.924916E-01 MJ (0.241871E-04 MJ/s)
 Total enthalpy input:               0.382400E+06 MJ (0.100000E+03 MJ/s)
*********************************************************************
 Time Step        41

                    Timing Information
           Years              Days         Step Size (Days)
     0.133566547E-03     0.487851811E-01    0.452592556E-02
 Cpu Sec for Time Step =   1.768     Current Total =     65.68    

                    Equation Performance
 Number of N-R Iterations:          2
 Avg # of Linear Equation Solver Iterations:   1.0
 Number of Active Nodes:    532436.
 Total Number of Iterations, N-R:         82 , Solver:         51
 Phase Changes This Time Step:        0 Total           0
 Nodes Liq Phase:   532436 change        0
 Nodes Two Phase:        0 change        0
 Nodes Gas Phase:         0 change        0
 Nodes SC Phase:        0 change        0
 Number of restarted time steps            0
                    Largest Residuals
 EQ1 R=  0.1805E-11 node= 211630 zone=     3 x=-.1000E+05 y=-.4600E+05 z=-.2300E+05
 EQ2 R=  0.1004E-13 node=  14162 zone=     4 x=-.4800E+05 y=0.4600E+05 z=0.2500E+05
   Node   Equation 1 Residual   Equation 2 Residual
 266236     -0.100754E-14           0.176758E-16
 266234     -0.189785E-17          -0.106051E-17
 266231      0.317728E-16          -0.152574E-17
 266226      0.903417E-18          -0.270235E-17
 266221      0.776947E-16          -0.343720E-17
 266210      0.139730E-16          -0.368813E-17
 266201      0.143425E-12          -0.525500E-15

                    Nodal Information (Water)
                                                  source/sink  E source/sink
   Node   P (MPa)    E (MJ)    L sat     Temp (C)    (kg/s)       (MJ/s)
 266236    135.2     0.167      1.00        2.000   0.000     -0.888E-09
 266234    139.3     0.167      1.00        2.000   0.000       0.00    
 266231    142.1     0.166      1.00        2.000   0.000       0.00    
 266226    149.0     0.166      1.00        2.000   0.000       0.00    
 266221    155.9     0.165      1.00        2.000   0.000       0.00    
 266210    179.6     0.163      1.00        2.000   0.000       0.00    
 266201    204.8     0.161      1.00        2.000   0.000     -0.400E-01

                    Global Mass & Energy Balances
 Total mass in system at this time:            0.477635E+17 kg
 Total mass of steam in system at this time:   0.000000E+00 kg
 Total enthalpy in system at this time:        0.319067E+16 MJ

 Water discharge this time step:   0.145872E-01 kg (0.373035E-04 kg/s)
 Water input this time step:       0.231450E-01 kg (0.591882E-04 kg/s)
 Total water discharge:            0.529239E+00 kg (0.125560E-03 kg/s)
 Total water input:                0.464088E+00 kg (0.110103E-03 kg/s)

 Enthalpy discharge this time step:  0.288050E-02 MJ (0.736626E-05 MJ/s)
 Enthalpy input this time step:      0.391040E+05 MJ (0.100000E+03 MJ/s)
 Total enthalpy discharge:           0.953721E-01 MJ (0.226266E-04 MJ/s)
 Total enthalpy input:               0.421504E+06 MJ (0.100000E+03 MJ/s)

 Net kg water discharge (total out-total in):   0.651507E-01
 Net MJ energy discharge (total out-total in):  -0.421504E+06
 Conservation Errors:   0.123103E+00 (mass),   0.314415E-03 (energy)

 Enthalpy discharge this time step:  0.389768E-02 MJ (0.906133E-05 MJ/s)
 Enthalpy input this time step:      0.430144E+05 MJ (0.100000E+03 MJ/s)
 Total enthalpy discharge:           0.992698E-01 MJ (0.213705E-04 MJ/s)
 Total enthalpy input:               0.464518E+06 MJ (0.100000E+03 MJ/s)

 Water discharge this time step:   0.205387E-01 kg (0.477485E-04 kg/s)
 Water input this time step:       0.233200E-01 kg (0.542144E-04 kg/s)
 Total water discharge:            0.549777E+00 kg (0.118354E-03 kg/s)
 Total water input:                0.487408E+00 kg (0.104928E-03 kg/s)

 Enthalpy discharge this time step:  0.389768E-02 MJ (0.906133E-05 MJ/s)
 Enthalpy input this time step:      0.430144E+05 MJ (0.100000E+03 MJ/s)
 Total enthalpy discharge:           0.992698E-01 MJ (0.213705E-04 MJ/s)
 Total enthalpy input:               0.464518E+06 MJ (0.100000E+03 MJ/s)

 Enthalpy discharge this time step:  0.499884E-02 MJ (0.105648E-04 MJ/s)
 Enthalpy input this time step:      0.473158E+05 MJ (0.100000E+03 MJ/s)
 Total enthalpy discharge:           0.104269E+00 MJ (0.203716E-04 MJ/s)
 Total enthalpy input:               0.511834E+06 MJ (0.100000E+03 MJ/s)

 Water discharge this time step:   0.270640E-01 kg (0.571987E-04 kg/s)
 Water input this time step:       0.294174E-01 kg (0.621725E-04 kg/s)
 Total water discharge:            0.576841E+00 kg (0.112701E-03 kg/s)
 Total water input:                0.516825E+00 kg (0.100975E-03 kg/s)

 Enthalpy discharge this time step:  0.499884E-02 MJ (0.105648E-04 MJ/s)
 Enthalpy input this time step:      0.473158E+05 MJ (0.100000E+03 MJ/s)
 Total enthalpy discharge:           0.104269E+00 MJ (0.203716E-04 MJ/s)
 Total enthalpy input:               0.511834E+06 MJ (0.100000E+03 MJ/s)

 Enthalpy discharge this time step:  0.497846E-02 MJ (0.956525E-05 MJ/s)
 Enthalpy input this time step:      0.520474E+05 MJ (0.100000E+03 MJ/s)
 Total enthalpy discharge:           0.109247E+00 MJ (0.193741E-04 MJ/s)
 Total enthalpy input:               0.563882E+06 MJ (0.100000E+03 MJ/s)

 Water discharge this time step:   0.264051E-01 kg (0.507328E-04 kg/s)
 Water input this time step:       0.321003E-01 kg (0.616751E-04 kg/s)
 Total water discharge:            0.603246E+00 kg (0.106981E-03 kg/s)
 Total water input:                0.548926E+00 kg (0.973477E-04 kg/s)

 Enthalpy discharge this time step:  0.497846E-02 MJ (0.956525E-05 MJ/s)
 Enthalpy input this time step:      0.520474E+05 MJ (0.100000E+03 MJ/s)
 Total enthalpy discharge:           0.109247E+00 MJ (0.193741E-04 MJ/s)
 Total enthalpy input:               0.563882E+06 MJ (0.100000E+03 MJ/s)

 Enthalpy discharge this time step:  0.854986E-02 MJ (0.149337E-04 MJ/s)
 Enthalpy input this time step:      0.572522E+05 MJ (0.100000E+03 MJ/s)
 Total enthalpy discharge:           0.117797E+00 MJ (0.189648E-04 MJ/s)
 Total enthalpy input:               0.621134E+06 MJ (0.100000E+03 MJ/s)

 Water discharge this time step:   0.484093E-01 kg (0.845546E-04 kg/s)
 Water input this time step:       0.401513E-01 kg (0.701306E-04 kg/s)
 Total water discharge:            0.651656E+00 kg (0.104914E-03 kg/s)
 Total water input:                0.589077E+00 kg (0.948390E-04 kg/s)

 Enthalpy discharge this time step:  0.854986E-02 MJ (0.149337E-04 MJ/s)
 Enthalpy input this time step:      0.572522E+05 MJ (0.100000E+03 MJ/s)
 Total enthalpy discharge:           0.117797E+00 MJ (0.189648E-04 MJ/s)
 Total enthalpy input:               0.621134E+06 MJ (0.100000E+03 MJ/s)

 Enthalpy discharge this time step:  0.645407E-02 MJ (0.102482E-04 MJ/s)
 Enthalpy input this time step:      0.629774E+05 MJ (0.100000E+03 MJ/s)
 Total enthalpy discharge:           0.124251E+00 MJ (0.181624E-04 MJ/s)
 Total enthalpy input:               0.684111E+06 MJ (0.100000E+03 MJ/s)

 Water discharge this time step:   0.353958E-01 kg (0.562039E-04 kg/s)
 Water input this time step:       0.548164E-01 kg (0.870415E-04 kg/s)
 Total water discharge:            0.687051E+00 kg (0.100430E-03 kg/s)
 Total water input:                0.643893E+00 kg (0.941212E-04 kg/s)

 Enthalpy discharge this time step:  0.645407E-02 MJ (0.102482E-04 MJ/s)
 Enthalpy input this time step:      0.629774E+05 MJ (0.100000E+03 MJ/s)
 Total enthalpy discharge:           0.124251E+00 MJ (0.181624E-04 MJ/s)
 Total enthalpy input:               0.684111E+06 MJ (0.100000E+03 MJ/s)

 Enthalpy discharge this time step:  0.740960E-02 MJ (0.106959E-04 MJ/s)
 Enthalpy input this time step:      0.692751E+05 MJ (0.100000E+03 MJ/s)
 Total enthalpy discharge:           0.131661E+00 MJ (0.174758E-04 MJ/s)
 Total enthalpy input:               0.753386E+06 MJ (0.100000E+03 MJ/s)

 Water discharge this time step:   0.420364E-01 kg (0.606803E-04 kg/s)
 Water input this time step:       0.547851E-01 kg (0.790834E-04 kg/s)
 Total water discharge:            0.729088E+00 kg (0.967748E-04 kg/s)
 Total water input:                0.698678E+00 kg (0.927384E-04 kg/s)

 Enthalpy discharge this time step:  0.740960E-02 MJ (0.106959E-04 MJ/s)
 Enthalpy input this time step:      0.692751E+05 MJ (0.100000E+03 MJ/s)
 Total enthalpy discharge:           0.131661E+00 MJ (0.174758E-04 MJ/s)
 Total enthalpy input:               0.753386E+06 MJ (0.100000E+03 MJ/s)

 Enthalpy discharge this time step:  0.141508E-01 MJ (0.185700E-04 MJ/s)
 Enthalpy input this time step:      0.762026E+05 MJ (0.100000E+03 MJ/s)
 Total enthalpy discharge:           0.145811E+00 MJ (0.175764E-04 MJ/s)
 Total enthalpy input:               0.829589E+06 MJ (0.100000E+03 MJ/s)

 Water discharge this time step:   0.818676E-01 kg (0.107434E-03 kg/s)
 Water input this time step:       0.511672E-01 kg (0.671463E-04 kg/s)
 Total water discharge:            0.810955E+00 kg (0.977539E-04 kg/s)
 Total water input:                0.749846E+00 kg (0.903876E-04 kg/s)

 Enthalpy discharge this time step:  0.141508E-01 MJ (0.185700E-04 MJ/s)
 Enthalpy input this time step:      0.762026E+05 MJ (0.100000E+03 MJ/s)
 Total enthalpy discharge:           0.145811E+00 MJ (0.175764E-04 MJ/s)
 Total enthalpy input:               0.829589E+06 MJ (0.100000E+03 MJ/s)
