2025-05-07 18:30:47,240 INFO Initializing logfile: /dfnWorks/work/test_fromJH_3/combined_UDFM.log
2025-05-07 18:30:47,240 INFO Starting at 2025-05-07 18:30:47.240574
2025-05-07 18:30:47,258 INFO 
===================================================================
===================================================================
===================================================================
||\    _____         \               / ______  _______       /  \ 
||  \  |     |\     | \             /  |    |  |     | | /  /    \ 
||   \ |___  | \    |  \    /\     /   |    |  |_____| |/   |  |  |
||   / |     |   \  |   \  /  \  /     |    |  |   \   |\    \  \ 
||  /  |     |     \|    \/    \/      |____|  |    \  | \ |  |  |
||/ ======================================================= \    /
============================================================  \/
===================================================================

Program: pydfnWorks v2.9.1 
Run time : 2025-05-07 18:30:47.258399

This program was prepared at Los Alamos National Laboratory (LANL),
Earth and Environmental Sciences Division, Computational Earth
Science Group (EES-16), Subsurface Flow and Transport Team.
All rights in the program are reserved by the DOE and LANL.
Permission is granted to the public to copy and use this software
without charge, provided that this Notice and any statement of
authorship are reproduced on all copies. Neither the U.S. Government
nor LANS makes any warranty, express or implied, or assumes
any liability or responsibility for the use of this software.

Contact Information : dfnworks@lanl.gov
~~~~~~~~~~~~~~~~~~~~~~~~~~~~~~~~~~~~~~~~~~~~~~~~~~~~~~~~~~~~~~~~~~~
~~~~~~~~~~~~~~~~~~~~~~~~~~~~~~~~~~~~~~~~~~~~~~~~~~~~~~~~~~~~~~~~~~~

LA-CC-17-027

~~~~~~~~~~~~~~~~~~~~~~~~~~~~~~~~~~~~~~~~~~~~~~~~~~~~~~~~~~~~~~~~~~~
~~~~~~~~~~~~~~~~~~~~~~~~~~~~~~~~~~~~~~~~~~~~~~~~~~~~~~~~~~~~~~~~~~~

(or copyright) 2018 Triad National Security, LLC. All rights reserved.
 
This program was produced under U.S. Government contract 89233218CNA000001
for Los Alamos National Laboratory (LANL), which is operated by Triad 
National Security, LLC for the U.S. Department of Energy/National Nuclear
Security Administration.

This is free software; you can redistribute it and/or modify it under the
terms of the GNU Lesser General Public License as published by the Free
Software Foundation; either version 3.0 of the License, or (at your option)
any later version. If software is modified to produce derivative works,
such modified software should be clearly marked, so as not to confuse it with
the version available from LANL.

All rights in the program are reserved by Triad National Security, LLC, 
and the U.S. Department of Energy/National Nuclear Security Administration.
The Government is granted for itself and others acting on its behalf a 
nonexclusive, paid-up, irrevocable worldwide license in this material 
to reproduce, prepare derivative works, distribute copies to the public,
perform publicly and display publicly, and to permit others to do so.

The U.S. Government has rights to use, reproduce, and distribute this software.  
NEITHER THE GOVERNMENT NOR TRIAD NATIONAL SECURITY, LLC MAKES ANY WARRANTY, 
EXPRESS OR IMPLIED, OR ASSUMES ANY LIABILITY FOR THE USE OF THIS SOFTWARE.  
If software is modified to  produce derivative works, such modified 
software should be clearly marked, so as not to confuse it with the 
version available from LANL.

Additionally, this program is free software; you can redistribute it and/or 
modify it under the terms of the GNU General Public License as published by the 
Free Software Foundation; either version 2 of the License, or (at your option) 
any later version. Accordingly, this program is distributed in the hope that it 
will be useful, but WITHOUT ANY WARRANTY; without even the implied warranty of 
MERCHANTABILITY or FITNESS FOR A PARTICULAR PURPOSE. See the GNU General Public 
License for more details.
 
Additionally, redistribution and use in source and binary forms, with or 
without modification, are permitted provided that the following conditions are 
met:
1.       Redistributions of source code must retain the above copyright notice, 
this list of conditions and the following disclaimer.

2.      Redistributions in binary form must reproduce the above copyright 
notice, this list of conditions and the following disclaimer in the 
documentation and/or other materials provided with the distribution.

3.      Neither the name of Los Alamos National Security, LLC, Los Alamos 
National Laboratory, LANL, the U.S. Government, nor the names of its 
contributors may be used to endorse or promote products derived from this 
software without specific prior written permission.
 
THIS SOFTWARE IS PROVIDED BY LOS ALAMOS NATIONAL SECURITY, LLC AND 
CONTRIBUTORS "AS IS" AND ANY EXPRESS OR IMPLIED WARRANTIES, INCLUDING, BUT NOT 
LIMITED TO, THE IMPLIED WARRANTIES OF MERCHANTABILITY AND FITNESS FOR A 
PARTICULAR PURPOSE ARE DISCLAIMED. IN NO EVENT SHALL LOS ALAMOS NATIONAL 
SECURITY, LLC OR CONTRIBUTORS BE LIABLE FOR ANY DIRECT, INDIRECT, INCIDENTAL, 
SPECIAL, EXEMPLARY, OR CONSEQUENTIAL DAMAGES (INCLUDING, BUT NOT LIMITED TO, 
PROCUREMENT OF SUBSTITUTE GOODS OR SERVICES; LOSS OF USE, DATA, OR PROFITS; OR 
BUSINESS INTERRUPTION) HOWEVER CAUSED AND ON ANY THEORY OF LIABILITY, WHETHER 
IN CONTRACT, STRICT LIABILITY, OR TORT (INCLUDING NEGLIGENCE OR OTHERWISE) 
ARISING IN ANY WAY OUT OF THE USE OF THIS SOFTWARE, EVEN IF ADVISED OF THE 
POSSIBILITY OF SUCH DAMAGE.

2025-05-07 18:30:47,258 INFO --> Creating DFN Object: Starting
2025-05-07 18:30:47,258 INFO --> Loading and checking dfnWorks dependency paths
2025-05-07 18:30:47,258 INFO dfnWorks paths:
2025-05-07 18:30:47,258 INFO ---------------
2025-05-07 18:30:47,258 INFO * dfnworks_PATH: /dfnWorks/bin/
2025-05-07 18:30:47,258 INFO * LAGRIT_EXE: /dfnWorks/bin/lagrit
2025-05-07 18:30:47,258 INFO * PETSC_DIR: /dfnWorks/lib/petsc
2025-05-07 18:30:47,258 INFO * PETSC_ARCH: arch-linux2-c-debug
2025-05-07 18:30:47,258 INFO * PFLOTRAN_EXE: /dfnWorks/bin/pflotran
2025-05-07 18:30:47,258 INFO * FEHM_EXE: /dfnWorks/bin/fehm

2025-05-07 18:30:47,258 INFO --> Loading and checking dfnWorks dependency paths successful
2025-05-07 18:30:47,258 INFO 
--> Creating DFN Object: Starting
2025-05-07 18:30:47,258 INFO ================================================================================

2025-05-07 18:30:47,258 INFO --> Jobname: combined_UDFM
2025-05-07 18:30:47,258 INFO --> Local Jobname: combined_UDFM
2025-05-07 18:30:47,258 INFO --> Number of Processors Requested: 12
2025-05-07 18:30:47,258 INFO --> dfnGen filename : combined_UDFM_dfnGen_input.dat
2025-05-07 18:30:47,258 INFO --> Local dfnGen filename : combined_UDFM_dfnGen_input.dat
2025-05-07 18:30:47,258 INFO ================================================================================

2025-05-07 18:30:47,269 INFO --> Creating DFN Object: Complete
2025-05-07 18:30:47,269 INFO --> Adding new facture family
2025-05-07 18:30:47,269 INFO --> Family information for family # 1
2025-05-07 18:30:47,269 INFO Name: number                                  Value: None
2025-05-07 18:30:47,269 INFO Name: probability                             Value: 0.0001
2025-05-07 18:30:47,269 INFO Name: type                                    Value: {'rect': False, 'ellipse': True}
2025-05-07 18:30:47,269 INFO Name: layer                                   Value: 0
2025-05-07 18:30:47,269 INFO Name: region                                  Value: 0
2025-05-07 18:30:47,269 INFO Name: p32                                     Value: 0.0001
2025-05-07 18:30:47,269 INFO Name: aspect                                  Value: 1
2025-05-07 18:30:47,269 INFO Name: number_of_points                        Value: 8
2025-05-07 18:30:47,269 INFO Name: beta_distribution                       Value: 0
2025-05-07 18:30:47,269 INFO Name: beta                                    Value: 0
2025-05-07 18:30:47,270 INFO Name: fisher                                  Value: {'theta': 0.0, 'phi': 0.0, 'strike': None, 'dip': None, 'trend': None, 'plunge': None, 'kappa': 0.1}
2025-05-07 18:30:47,270 INFO Name: distribution                            Value: {'tpl': True, 'log_normal': False, 'exp': False, 'constant': False}
2025-05-07 18:30:47,288 INFO Name: tpl                                     Value: {'alpha': 1.2}
2025-05-07 18:30:47,288 INFO Name: log_normal                              Value: {'mean': None, 'std': None}
2025-05-07 18:30:47,288 INFO Name: exp                                     Value: {'mean': None}
2025-05-07 18:30:47,288 INFO Name: constant                                Value: None
2025-05-07 18:30:47,288 INFO Name: min_radius                              Value: 100.0
2025-05-07 18:30:47,288 INFO Name: max_radius                              Value: 1000.0
2025-05-07 18:30:47,288 INFO Name: hydraulic_properties : variable : aperture
2025-05-07 18:30:47,288 INFO Name: hydraulic_properties : function : constant
2025-05-07 18:30:47,288 INFO Name: hydraulic_properties : params : {'mu': 0.0001}
2025-05-07 18:30:47,309 INFO Initializing logfile: /dfnWorks/work/test_fromJH_3/dfnWorks_output.log
2025-05-07 18:30:47,309 INFO Starting at 2025-05-07 18:30:47.309131
2025-05-07 18:30:47,309 INFO --> Loading DFN from pickled object file /dfnWorks/work/test_fromJH_3/faults/faults.pkl
2025-05-07 18:30:47,319 INFO --> Loading DFN from /dfnWorks/work/test_fromJH_3/faults/faults.pkl
2025-05-07 18:30:47,320 INFO 
--> Creating DFN Object: Starting
2025-05-07 18:30:47,330 INFO ================================================================================

2025-05-07 18:30:47,330 INFO --> Jobname: /dfnWorks/work/test_fromJH_3/faults
2025-05-07 18:30:47,330 INFO --> Local Jobname: faults
2025-05-07 18:30:47,330 INFO --> Number of Processors Requested: 4
2025-05-07 18:30:47,330 INFO --> dfnGen filename : faults_dfnGen_input.dat
2025-05-07 18:30:47,330 INFO --> Local dfnGen filename : faults_dfnGen_input.dat
2025-05-07 18:30:47,330 INFO ================================================================================

2025-05-07 18:30:47,330 INFO --> Creating DFN Object: Complete
2025-05-07 18:30:47,330 INFO Initializing logfile: /dfnWorks/work/test_fromJH_3/dfnWorks_output.log
2025-05-07 18:30:47,330 INFO Starting at 2025-05-07 18:30:47.330689
2025-05-07 18:30:47,330 INFO --> Loading DFN from pickled object file /dfnWorks/work/test_fromJH_3/middle_layer/middle_layer.pkl
2025-05-07 18:30:47,330 INFO --> Loading DFN from /dfnWorks/work/test_fromJH_3/middle_layer/middle_layer.pkl
2025-05-07 18:30:47,331 INFO 
--> Creating DFN Object: Starting
2025-05-07 18:30:47,340 INFO ================================================================================

2025-05-07 18:30:47,340 INFO --> Jobname: /dfnWorks/work/test_fromJH_3/middle_layer
2025-05-07 18:30:47,340 INFO --> Local Jobname: middle_layer
2025-05-07 18:30:47,340 INFO --> Number of Processors Requested: 4
2025-05-07 18:30:47,340 INFO --> dfnGen filename : middle_layer_dfnGen_input.dat
2025-05-07 18:30:47,340 INFO --> Local dfnGen filename : middle_layer_dfnGen_input.dat
2025-05-07 18:30:47,340 INFO ================================================================================

2025-05-07 18:30:47,340 INFO --> Creating DFN Object: Complete
2025-05-07 18:30:47,812 INFO Making subdirectory: dfnGen_output
2025-05-07 18:30:47,820 INFO Making subdirectory: dfnGen_output/radii
2025-05-07 18:30:47,828 INFO Making subdirectory: intersections
2025-05-07 18:30:47,837 INFO Making subdirectory: polys
2025-05-07 18:30:47,853 INFO Current directory is now: /dfnWorks/work/test_fromJH_3/combined_UDFM
2025-05-07 18:30:47,853 INFO Jobname is combined_UDFM
2025-05-07 18:30:47,853 INFO ================================================================================
2025-05-07 18:30:47,853 INFO Checking Input File

2025-05-07 18:30:47,853 INFO Fracture Family order was not changed
2025-05-07 18:30:47,853 INFO --> Clean output file name: dfnGen_output/combined_UDFM_dfnGen_input_clean.dat
2025-05-07 18:30:47,854 INFO --> Checking General Parameters: Starting
2025-05-07 18:30:47,854 WARNING --> Warning while parsing input

'famProb' probabilities did not sum to 1. They have been re-scaled accordingly
Be Careful out there

2025-05-07 18:30:47,854 INFO --> New Values: [1.0]
2025-05-07 18:30:47,854 WARNING --> Warning while parsing input

Running with FRAM off. Mesh will not work for DFN flow and transport.
Be Careful out there

2025-05-07 18:30:47,854 WARNING --> Warning while parsing input

Running with FRAM off. Mesh will not work for DFN flow and transport.
Be Careful out there

2025-05-07 18:30:47,854 INFO --> Checking General Parameters: Complete
2025-05-07 18:30:47,854 INFO --> Checking Ellipse Family parameters
2025-05-07 18:30:47,854 INFO Converting angleOption value from degree to 1 for dfnGen input
2025-05-07 18:30:47,862 WARNING --> Warning while parsing input

Provided value  of "h" (100) is greater 1/10th the minimum fracture size (100.0). Resetting to 1/10 min fracture size
Be Careful out there

2025-05-07 18:30:47,862 INFO --> Writing parameters to file dfnGen_output/combined_UDFM_dfnGen_input_clean.dat
2025-05-07 18:30:47,879 INFO Checking Input File Complete
2025-05-07 18:30:47,879 INFO ================================================================================
2025-05-07 18:30:47,887 INFO ================================================================================
2025-05-07 18:30:47,887 INFO Meshing Continuum Using LaGrit : Starting
2025-05-07 18:30:47,887 INFO ================================================================================
2025-05-07 18:30:47,887 INFO 
Creating *.lgi files for octree mesh

2025-05-07 18:30:47,917 INFO --> Gathering points on fractures
2025-05-07 18:30:47,917 INFO --> Gathering points on fractures : Complete

2025-05-07 18:30:47,939 INFO --> Running: /dfnWorks/bin/lagrit < translate_mesh.lgi -log translate_mesh.lgi.log -out translate_mesh.lgi.out
2025-05-07 18:30:48,063 INFO --> LaGriT script translate_mesh.lgi ran successfully
2025-05-07 18:30:48,682 INFO Creating driver_octree_start.lgi file: Complete

2025-05-07 18:30:48,703 INFO Creating parameters_octree_dfn.mlgi file: Complete

2025-05-07 18:30:48,723 INFO Creating build_octree.mlgi file: Complete

2025-05-07 18:30:48,745 INFO Creating intersect_refine.mlgi file: Complete

2025-05-07 18:30:48,765 INFO Creating intersect_refine_np1.mlgi file: Complete

2025-05-07 18:30:48,787 INFO Creating hex_to_tet.mlgi file: Complete

2025-05-07 18:30:48,807 INFO Creating remove_cells.mlgi file: Complete

2025-05-07 18:30:48,817 INFO --> Running: /dfnWorks/bin/lagrit < driver_octree_start.lgi -log driver_octree_start.lgi.log -out driver_octree_start.lgi.out
2025-05-07 18:31:43,113 INFO --> LaGriT script driver_octree_start.lgi ran successfully
2025-05-07 18:31:43,121 INFO --> Running: /dfnWorks/bin/lagrit < driver_frac1.lgi -log lagrit_logs/driver_frac1.log -out lagrit_logs/driver_frac1.out > lagrit_logs/driver_frac1.dump
2025-05-07 18:31:43,124 INFO --> Running: /dfnWorks/bin/lagrit < driver_frac2.lgi -log lagrit_logs/driver_frac2.log -out lagrit_logs/driver_frac2.out > lagrit_logs/driver_frac2.dump
2025-05-07 18:31:43,126 INFO --> Running: /dfnWorks/bin/lagrit < driver_frac3.lgi -log lagrit_logs/driver_frac3.log -out lagrit_logs/driver_frac3.out > lagrit_logs/driver_frac3.dump
2025-05-07 18:31:43,127 INFO --> Running: /dfnWorks/bin/lagrit < driver_frac4.lgi -log lagrit_logs/driver_frac4.log -out lagrit_logs/driver_frac4.out > lagrit_logs/driver_frac4.dump
2025-05-07 18:31:43,129 INFO --> Running: /dfnWorks/bin/lagrit < driver_frac5.lgi -log lagrit_logs/driver_frac5.log -out lagrit_logs/driver_frac5.out > lagrit_logs/driver_frac5.dump
2025-05-07 18:31:43,131 INFO --> Running: /dfnWorks/bin/lagrit < driver_frac6.lgi -log lagrit_logs/driver_frac6.log -out lagrit_logs/driver_frac6.out > lagrit_logs/driver_frac6.dump
2025-05-07 18:31:43,133 INFO --> Running: /dfnWorks/bin/lagrit < driver_frac7.lgi -log lagrit_logs/driver_frac7.log -out lagrit_logs/driver_frac7.out > lagrit_logs/driver_frac7.dump
2025-05-07 18:31:43,135 INFO --> Running: /dfnWorks/bin/lagrit < driver_frac8.lgi -log lagrit_logs/driver_frac8.log -out lagrit_logs/driver_frac8.out > lagrit_logs/driver_frac8.dump
2025-05-07 18:31:43,137 INFO --> Running: /dfnWorks/bin/lagrit < driver_frac9.lgi -log lagrit_logs/driver_frac9.log -out lagrit_logs/driver_frac9.out > lagrit_logs/driver_frac9.dump
2025-05-07 18:31:43,138 INFO --> Running: /dfnWorks/bin/lagrit < driver_frac10.lgi -log lagrit_logs/driver_frac10.log -out lagrit_logs/driver_frac10.out > lagrit_logs/driver_frac10.dump
2025-05-07 18:31:43,140 INFO --> Running: /dfnWorks/bin/lagrit < driver_frac11.lgi -log lagrit_logs/driver_frac11.log -out lagrit_logs/driver_frac11.out > lagrit_logs/driver_frac11.dump
2025-05-07 18:31:43,142 INFO --> Running: /dfnWorks/bin/lagrit < driver_frac12.lgi -log lagrit_logs/driver_frac12.log -out lagrit_logs/driver_frac12.out > lagrit_logs/driver_frac12.dump
2025-05-07 18:32:02,126 INFO --> LaGriT script driver_frac1.lgi ran successfully
2025-05-07 18:32:02,176 INFO --> LaGriT script driver_frac3.lgi ran successfully
2025-05-07 18:32:02,185 INFO --> LaGriT script driver_frac11.lgi ran successfully
2025-05-07 18:32:02,201 INFO --> LaGriT script driver_frac2.lgi ran successfully
2025-05-07 18:32:02,221 INFO --> Running: /dfnWorks/bin/lagrit < driver_frac13.lgi -log lagrit_logs/driver_frac13.log -out lagrit_logs/driver_frac13.out > lagrit_logs/driver_frac13.dump
2025-05-07 18:32:02,352 INFO --> Running: /dfnWorks/bin/lagrit < driver_frac14.lgi -log lagrit_logs/driver_frac14.log -out lagrit_logs/driver_frac14.out > lagrit_logs/driver_frac14.dump
2025-05-07 18:32:02,363 INFO --> Running: /dfnWorks/bin/lagrit < driver_frac15.lgi -log lagrit_logs/driver_frac15.log -out lagrit_logs/driver_frac15.out > lagrit_logs/driver_frac15.dump
2025-05-07 18:32:02,396 INFO --> Running: /dfnWorks/bin/lagrit < driver_frac16.lgi -log lagrit_logs/driver_frac16.log -out lagrit_logs/driver_frac16.out > lagrit_logs/driver_frac16.dump
2025-05-07 18:32:03,079 INFO --> LaGriT script driver_frac12.lgi ran successfully
2025-05-07 18:32:03,360 INFO --> Running: /dfnWorks/bin/lagrit < driver_frac17.lgi -log lagrit_logs/driver_frac17.log -out lagrit_logs/driver_frac17.out > lagrit_logs/driver_frac17.dump
2025-05-07 18:32:03,846 INFO --> LaGriT script driver_frac9.lgi ran successfully
2025-05-07 18:32:04,127 INFO --> Running: /dfnWorks/bin/lagrit < driver_frac18.lgi -log lagrit_logs/driver_frac18.log -out lagrit_logs/driver_frac18.out > lagrit_logs/driver_frac18.dump
2025-05-07 18:32:04,179 INFO --> LaGriT script driver_frac6.lgi ran successfully
2025-05-07 18:32:04,415 INFO --> LaGriT script driver_frac8.lgi ran successfully
2025-05-07 18:32:04,619 INFO --> Running: /dfnWorks/bin/lagrit < driver_frac19.lgi -log lagrit_logs/driver_frac19.log -out lagrit_logs/driver_frac19.out > lagrit_logs/driver_frac19.dump
2025-05-07 18:32:04,636 INFO --> Running: /dfnWorks/bin/lagrit < driver_frac20.lgi -log lagrit_logs/driver_frac20.log -out lagrit_logs/driver_frac20.out > lagrit_logs/driver_frac20.dump
2025-05-07 18:32:04,644 INFO --> LaGriT script driver_frac10.lgi ran successfully
2025-05-07 18:32:04,673 INFO --> LaGriT script driver_frac7.lgi ran successfully
2025-05-07 18:32:04,715 INFO --> Running: /dfnWorks/bin/lagrit < driver_frac21.lgi -log lagrit_logs/driver_frac21.log -out lagrit_logs/driver_frac21.out > lagrit_logs/driver_frac21.dump
2025-05-07 18:32:04,732 INFO --> Running: /dfnWorks/bin/lagrit < driver_frac22.lgi -log lagrit_logs/driver_frac22.log -out lagrit_logs/driver_frac22.out > lagrit_logs/driver_frac22.dump
2025-05-07 18:32:21,607 INFO --> LaGriT script driver_frac13.lgi ran successfully
2025-05-07 18:32:21,632 INFO --> LaGriT script driver_frac16.lgi ran successfully
2025-05-07 18:32:21,671 INFO --> Running: /dfnWorks/bin/lagrit < driver_frac23.lgi -log lagrit_logs/driver_frac23.log -out lagrit_logs/driver_frac23.out > lagrit_logs/driver_frac23.dump
2025-05-07 18:32:21,687 INFO --> Running: /dfnWorks/bin/lagrit < driver_frac24.lgi -log lagrit_logs/driver_frac24.log -out lagrit_logs/driver_frac24.out > lagrit_logs/driver_frac24.dump
2025-05-07 18:32:23,984 INFO --> LaGriT script driver_frac14.lgi ran successfully
2025-05-07 18:32:24,015 INFO --> LaGriT script driver_frac18.lgi ran successfully
2025-05-07 18:32:24,230 INFO --> LaGriT script driver_frac17.lgi ran successfully
2025-05-07 18:32:24,230 INFO --> LaGriT script driver_frac15.lgi ran successfully
2025-05-07 18:32:24,263 INFO --> Running: /dfnWorks/bin/lagrit < driver_frac25.lgi -log lagrit_logs/driver_frac25.log -out lagrit_logs/driver_frac25.out > lagrit_logs/driver_frac25.dump
2025-05-07 18:32:24,288 INFO --> LaGriT script driver_frac21.lgi ran successfully
2025-05-07 18:32:24,316 INFO --> Running: /dfnWorks/bin/lagrit < driver_frac26.lgi -log lagrit_logs/driver_frac26.log -out lagrit_logs/driver_frac26.out > lagrit_logs/driver_frac26.dump
2025-05-07 18:32:24,350 INFO --> Running: /dfnWorks/bin/lagrit < driver_frac27.lgi -log lagrit_logs/driver_frac27.log -out lagrit_logs/driver_frac27.out > lagrit_logs/driver_frac27.dump
2025-05-07 18:32:24,369 INFO --> Running: /dfnWorks/bin/lagrit < driver_frac28.lgi -log lagrit_logs/driver_frac28.log -out lagrit_logs/driver_frac28.out > lagrit_logs/driver_frac28.dump
2025-05-07 18:32:24,380 INFO --> Running: /dfnWorks/bin/lagrit < driver_frac29.lgi -log lagrit_logs/driver_frac29.log -out lagrit_logs/driver_frac29.out > lagrit_logs/driver_frac29.dump
2025-05-07 18:32:25,289 INFO --> LaGriT script driver_frac20.lgi ran successfully
2025-05-07 18:32:25,462 INFO --> LaGriT script driver_frac19.lgi ran successfully
2025-05-07 18:32:25,539 INFO --> Running: /dfnWorks/bin/lagrit < driver_frac30.lgi -log lagrit_logs/driver_frac30.log -out lagrit_logs/driver_frac30.out > lagrit_logs/driver_frac30.dump
2025-05-07 18:32:25,594 INFO --> Running: /dfnWorks/bin/lagrit < driver_frac31.lgi -log lagrit_logs/driver_frac31.log -out lagrit_logs/driver_frac31.out > lagrit_logs/driver_frac31.dump
2025-05-07 18:32:25,620 INFO --> LaGriT script driver_frac22.lgi ran successfully
2025-05-07 18:32:25,678 INFO --> Running: /dfnWorks/bin/lagrit < driver_frac32.lgi -log lagrit_logs/driver_frac32.log -out lagrit_logs/driver_frac32.out > lagrit_logs/driver_frac32.dump
2025-05-07 18:32:37,910 INFO --> LaGriT script driver_frac5.lgi ran successfully
2025-05-07 18:32:37,910 INFO --> LaGriT script driver_frac4.lgi ran successfully
2025-05-07 18:32:37,965 INFO --> Running: /dfnWorks/bin/lagrit < driver_frac33.lgi -log lagrit_logs/driver_frac33.log -out lagrit_logs/driver_frac33.out > lagrit_logs/driver_frac33.dump
2025-05-07 18:32:37,975 INFO --> Running: /dfnWorks/bin/lagrit < driver_frac34.lgi -log lagrit_logs/driver_frac34.log -out lagrit_logs/driver_frac34.out > lagrit_logs/driver_frac34.dump
2025-05-07 18:32:44,503 INFO --> LaGriT script driver_frac28.lgi ran successfully
2025-05-07 18:32:44,514 INFO --> LaGriT script driver_frac25.lgi ran successfully
2025-05-07 18:32:44,847 INFO --> Running: /dfnWorks/bin/lagrit < driver_frac35.lgi -log lagrit_logs/driver_frac35.log -out lagrit_logs/driver_frac35.out > lagrit_logs/driver_frac35.dump
2025-05-07 18:32:45,058 INFO --> LaGriT script driver_frac26.lgi ran successfully
2025-05-07 18:32:45,178 INFO --> LaGriT script driver_frac27.lgi ran successfully
2025-05-07 18:32:45,236 INFO --> LaGriT script driver_frac29.lgi ran successfully
2025-05-07 18:32:46,128 INFO --> LaGriT script driver_frac30.lgi ran successfully
2025-05-07 18:32:46,172 INFO --> LaGriT script driver_frac32.lgi ran successfully
2025-05-07 18:32:48,396 INFO --> LaGriT script driver_frac31.lgi ran successfully
2025-05-07 18:32:51,156 INFO --> LaGriT script driver_frac24.lgi ran successfully
2025-05-07 18:32:51,156 INFO --> LaGriT script driver_frac23.lgi ran successfully
2025-05-07 18:32:58,131 INFO --> LaGriT script driver_frac33.lgi ran successfully
2025-05-07 18:33:02,124 INFO --> LaGriT script driver_frac34.lgi ran successfully
2025-05-07 18:33:06,559 INFO --> LaGriT script driver_frac35.lgi ran successfully
2025-05-07 18:33:13,171 INFO --> Running: /dfnWorks/bin/lagrit < driver1.lgi -log lagrit_logs/driver1.log -out lagrit_logs/driver1.out > lagrit_logs/driver1.dump
2025-05-07 18:33:13,179 INFO --> Running: /dfnWorks/bin/lagrit < driver2.lgi -log lagrit_logs/driver2.log -out lagrit_logs/driver2.out > lagrit_logs/driver2.dump
2025-05-07 18:33:13,196 INFO --> Running: /dfnWorks/bin/lagrit < driver3.lgi -log lagrit_logs/driver3.log -out lagrit_logs/driver3.out > lagrit_logs/driver3.dump
2025-05-07 18:33:13,206 INFO --> Running: /dfnWorks/bin/lagrit < driver4.lgi -log lagrit_logs/driver4.log -out lagrit_logs/driver4.out > lagrit_logs/driver4.dump
2025-05-07 18:33:13,225 INFO --> Running: /dfnWorks/bin/lagrit < driver5.lgi -log lagrit_logs/driver5.log -out lagrit_logs/driver5.out > lagrit_logs/driver5.dump
2025-05-07 18:33:13,236 INFO --> Running: /dfnWorks/bin/lagrit < driver6.lgi -log lagrit_logs/driver6.log -out lagrit_logs/driver6.out > lagrit_logs/driver6.dump
2025-05-07 18:33:13,252 INFO --> Running: /dfnWorks/bin/lagrit < driver7.lgi -log lagrit_logs/driver7.log -out lagrit_logs/driver7.out > lagrit_logs/driver7.dump
2025-05-07 18:33:13,261 INFO --> Running: /dfnWorks/bin/lagrit < driver8.lgi -log lagrit_logs/driver8.log -out lagrit_logs/driver8.out > lagrit_logs/driver8.dump
2025-05-07 18:33:13,278 INFO --> Running: /dfnWorks/bin/lagrit < driver9.lgi -log lagrit_logs/driver9.log -out lagrit_logs/driver9.out > lagrit_logs/driver9.dump
2025-05-07 18:33:13,286 INFO --> Running: /dfnWorks/bin/lagrit < driver10.lgi -log lagrit_logs/driver10.log -out lagrit_logs/driver10.out > lagrit_logs/driver10.dump
2025-05-07 18:33:13,303 INFO --> Running: /dfnWorks/bin/lagrit < driver11.lgi -log lagrit_logs/driver11.log -out lagrit_logs/driver11.out > lagrit_logs/driver11.dump
2025-05-07 18:33:13,311 INFO --> Running: /dfnWorks/bin/lagrit < driver12.lgi -log lagrit_logs/driver12.log -out lagrit_logs/driver12.out > lagrit_logs/driver12.dump
2025-05-07 18:33:15,822 INFO --> LaGriT script driver3.lgi ran successfully
2025-05-07 18:33:15,844 INFO --> LaGriT script driver2.lgi ran successfully
2025-05-07 18:33:15,854 INFO --> LaGriT script driver1.lgi ran successfully
2025-05-07 18:33:15,856 INFO --> LaGriT script driver8.lgi ran successfully
2025-05-07 18:33:15,886 INFO --> LaGriT script driver6.lgi ran successfully
2025-05-07 18:33:15,888 INFO --> LaGriT script driver10.lgi ran successfully
2025-05-07 18:33:15,994 INFO --> LaGriT script driver11.lgi ran successfully
2025-05-07 18:33:16,021 INFO --> LaGriT script driver7.lgi ran successfully
2025-05-07 18:33:16,110 INFO --> LaGriT script driver9.lgi ran successfully
2025-05-07 18:33:16,129 INFO --> LaGriT script driver12.lgi ran successfully
2025-05-07 18:33:16,161 INFO --> LaGriT script driver4.lgi ran successfully
2025-05-07 18:33:16,497 INFO --> Running: /dfnWorks/bin/lagrit < driver14.lgi -log lagrit_logs/driver14.log -out lagrit_logs/driver14.out > lagrit_logs/driver14.dump
2025-05-07 18:33:16,588 INFO --> Running: /dfnWorks/bin/lagrit < driver13.lgi -log lagrit_logs/driver13.log -out lagrit_logs/driver13.out > lagrit_logs/driver13.dump
2025-05-07 18:33:16,663 INFO --> Running: /dfnWorks/bin/lagrit < driver19.lgi -log lagrit_logs/driver19.log -out lagrit_logs/driver19.out > lagrit_logs/driver19.dump
2025-05-07 18:33:16,671 INFO --> Running: /dfnWorks/bin/lagrit < driver15.lgi -log lagrit_logs/driver15.log -out lagrit_logs/driver15.out > lagrit_logs/driver15.dump
2025-05-07 18:33:16,713 INFO --> Running: /dfnWorks/bin/lagrit < driver16.lgi -log lagrit_logs/driver16.log -out lagrit_logs/driver16.out > lagrit_logs/driver16.dump
2025-05-07 18:33:16,747 INFO --> Running: /dfnWorks/bin/lagrit < driver17.lgi -log lagrit_logs/driver17.log -out lagrit_logs/driver17.out > lagrit_logs/driver17.dump
2025-05-07 18:33:16,777 INFO --> Running: /dfnWorks/bin/lagrit < driver18.lgi -log lagrit_logs/driver18.log -out lagrit_logs/driver18.out > lagrit_logs/driver18.dump
2025-05-07 18:33:16,831 INFO --> Running: /dfnWorks/bin/lagrit < driver22.lgi -log lagrit_logs/driver22.log -out lagrit_logs/driver22.out > lagrit_logs/driver22.dump
2025-05-07 18:33:16,870 INFO --> Running: /dfnWorks/bin/lagrit < driver20.lgi -log lagrit_logs/driver20.log -out lagrit_logs/driver20.out > lagrit_logs/driver20.dump
2025-05-07 18:33:16,929 INFO --> Running: /dfnWorks/bin/lagrit < driver21.lgi -log lagrit_logs/driver21.log -out lagrit_logs/driver21.out > lagrit_logs/driver21.dump
2025-05-07 18:33:16,947 INFO --> Running: /dfnWorks/bin/lagrit < driver23.lgi -log lagrit_logs/driver23.log -out lagrit_logs/driver23.out > lagrit_logs/driver23.dump
2025-05-07 18:33:17,015 INFO --> LaGriT script driver5.lgi ran successfully
2025-05-07 18:33:17,121 INFO --> Running: /dfnWorks/bin/lagrit < driver24.lgi -log lagrit_logs/driver24.log -out lagrit_logs/driver24.out > lagrit_logs/driver24.dump
2025-05-07 18:33:19,602 INFO --> LaGriT script driver15.lgi ran successfully
2025-05-07 18:33:19,602 INFO --> LaGriT script driver16.lgi ran successfully
2025-05-07 18:33:19,611 INFO --> LaGriT script driver17.lgi ran successfully
2025-05-07 18:33:19,612 INFO --> LaGriT script driver13.lgi ran successfully
2025-05-07 18:33:19,629 INFO --> LaGriT script driver19.lgi ran successfully
2025-05-07 18:33:19,638 INFO --> LaGriT script driver14.lgi ran successfully
2025-05-07 18:33:19,809 INFO --> LaGriT script driver22.lgi ran successfully
2025-05-07 18:33:19,888 INFO --> LaGriT script driver24.lgi ran successfully
2025-05-07 18:33:19,897 INFO --> LaGriT script driver21.lgi ran successfully
2025-05-07 18:33:19,906 INFO --> LaGriT script driver20.lgi ran successfully
2025-05-07 18:33:19,906 INFO --> LaGriT script driver18.lgi ran successfully
2025-05-07 18:33:19,936 INFO --> LaGriT script driver23.lgi ran successfully
2025-05-07 18:33:20,222 INFO --> Running: /dfnWorks/bin/lagrit < driver25.lgi -log lagrit_logs/driver25.log -out lagrit_logs/driver25.out > lagrit_logs/driver25.dump
2025-05-07 18:33:20,256 INFO --> Running: /dfnWorks/bin/lagrit < driver26.lgi -log lagrit_logs/driver26.log -out lagrit_logs/driver26.out > lagrit_logs/driver26.dump
2025-05-07 18:33:20,314 INFO --> Running: /dfnWorks/bin/lagrit < driver27.lgi -log lagrit_logs/driver27.log -out lagrit_logs/driver27.out > lagrit_logs/driver27.dump
2025-05-07 18:33:20,329 INFO --> Running: /dfnWorks/bin/lagrit < driver28.lgi -log lagrit_logs/driver28.log -out lagrit_logs/driver28.out > lagrit_logs/driver28.dump
2025-05-07 18:33:20,337 INFO --> Running: /dfnWorks/bin/lagrit < driver29.lgi -log lagrit_logs/driver29.log -out lagrit_logs/driver29.out > lagrit_logs/driver29.dump
2025-05-07 18:33:20,348 INFO --> Running: /dfnWorks/bin/lagrit < driver30.lgi -log lagrit_logs/driver30.log -out lagrit_logs/driver30.out > lagrit_logs/driver30.dump
2025-05-07 18:33:20,356 INFO --> Running: /dfnWorks/bin/lagrit < driver31.lgi -log lagrit_logs/driver31.log -out lagrit_logs/driver31.out > lagrit_logs/driver31.dump
2025-05-07 18:33:20,368 INFO --> Running: /dfnWorks/bin/lagrit < driver32.lgi -log lagrit_logs/driver32.log -out lagrit_logs/driver32.out > lagrit_logs/driver32.dump
2025-05-07 18:33:20,377 INFO --> Running: /dfnWorks/bin/lagrit < driver33.lgi -log lagrit_logs/driver33.log -out lagrit_logs/driver33.out > lagrit_logs/driver33.dump
2025-05-07 18:33:20,386 INFO --> Running: /dfnWorks/bin/lagrit < driver34.lgi -log lagrit_logs/driver34.log -out lagrit_logs/driver34.out > lagrit_logs/driver34.dump
2025-05-07 18:33:20,402 INFO --> Running: /dfnWorks/bin/lagrit < driver35.lgi -log lagrit_logs/driver35.log -out lagrit_logs/driver35.out > lagrit_logs/driver35.dump
2025-05-07 18:33:22,772 INFO --> LaGriT script driver25.lgi ran successfully
2025-05-07 18:33:22,940 INFO --> LaGriT script driver32.lgi ran successfully
2025-05-07 18:33:22,948 INFO --> LaGriT script driver28.lgi ran successfully
2025-05-07 18:33:22,958 INFO --> LaGriT script driver30.lgi ran successfully
2025-05-07 18:33:22,965 INFO --> LaGriT script driver29.lgi ran successfully
2025-05-07 18:33:22,965 INFO --> LaGriT script driver27.lgi ran successfully
2025-05-07 18:33:22,990 INFO --> LaGriT script driver26.lgi ran successfully
2025-05-07 18:33:23,182 INFO --> LaGriT script driver31.lgi ran successfully
2025-05-07 18:33:23,192 INFO --> LaGriT script driver34.lgi ran successfully
2025-05-07 18:33:23,205 INFO --> LaGriT script driver33.lgi ran successfully
2025-05-07 18:33:23,215 INFO --> LaGriT script driver35.lgi ran successfully
2025-05-07 18:33:28,857 INFO --> Running: /dfnWorks/bin/lagrit < translate_mesh.lgi -log translate_mesh.lgi.log -out translate_mesh.lgi.out
2025-05-07 18:33:28,982 INFO --> LaGriT script translate_mesh.lgi ran successfully
2025-05-07 18:33:28,982 INFO ================================================================================
2025-05-07 18:33:28,990 INFO Generating permeability and porosity for octree mesh: Starting
2025-05-07 18:33:28,990 INFO ================================================================================
2025-05-07 18:59:04,718 INFO ================================================================================
2025-05-07 18:59:04,719 INFO Generating permeability and porosity for octree mesh: Finished
2025-05-07 18:59:04,719 INFO ================================================================================
