FEHM V3.4.0lbUbuntu16 24-03-17   05/09/2025    15:41:15

Copyright  2015.   Los Alamos National Security, LLC.  This material was
produced under U.S. Government contract DE-AC52-06NA25396 for Los Alamos
National  Laboratory  (LANL),  which is operated by  Los Alamos National
Security, LLC  for the U. S. Department of Energy.  The U. S. Government
has rights to use, reproduce, and distribute this software.  Neither the
U. S. Government nor Los Alamos National Security, LLC or persons acting
on their behalf,  make any warranty,  express or implied, or assumes any
liability for the accuracy, completeness, or usefulness of the software,
any information pertaining to the software,  or  represents that its use
would not infringe privately owned rights.

The  software  being licensed  may  be Export Controlled.  It may not be
distributed  or  used by individuals  or entities prohibited from having
access to the software package, pursuant to United States export control
laws and regulations. An export control review and determination must be
completed before LANS will provide access to the identified Software.

 ppor read from optional input file: p17un_cold_ft_0fr_sm0.ppor                                                                                                                                                                              
 n0 =       532436

 "Europa gravity; 100 km x 100 km x 100 km box; uniform properites; perm = 10e-17



 File purpose - Variable - Unit number - File name

    control       - iocntl -  1 - fehmn.files                                                                                         
    input         - inpt   - 11 - p17un_cold_ft_0fr_sm0.dat                                                                           
    geometry      - incoor - 12 - p17un_cold_ft_0fr_sm0.fehm                                                                          
    zone          - inzone - 13 - p17un_cold_ft_0fr_sm0_material.zone                                                                 
    output        - iout   - 14 - p17un_cold_ft_0fr_sm0.out                                                                           
    initial state - iread  - 15 - p17un_cold_ft_0fr_sm0.ini                                                                           
    final state   - isave  - 16 - p17un_cold_ft_0fr_sm0.fin                                                                           
    time history  - ishis  - 17 - p17un_cold_ft_0fr_sm0.hist                                                                          
    time his.(tr) - istrc  -  0 - not using                                                                                           
    contour plot  - iscon  -  0 - not using                                                                                           
    con plot (dp) - iscon1 -  0 - not using                                                                                           
    fe coef stor  - isstor - 21 - p17un_cold_ft_0fr_sm0.stor                                                                          
    input check   - ischk  - 22 - p17un_cold_ft_0fr_sm0.chk                                                                           
 Value provided to subroutine user: not using

 **** input title : coor **** incoor =  12 ****
 **** input title : elem **** incoor =  12 ****
 **** input title : stop **** incoor =  12 ****
 **** input title : zone **** inzone =  13 ****
 **** input title : stop **** inzone =  13 ****
 **** input title : cont **** inpt =  11 ****
 **** contour format defined  : avs  ****
 **** input title : sol  **** inpt =  11 ****
 **** input title : node **** inpt =  11 ****
 **** input title : eos  **** inpt =  11 ****
 **** input title : flow **** inpt =  11 ****
 **** input title : perm **** inpt =  11 ****
 **** input title : rock **** inpt =  11 ****
 rock read from optional input file: p17un_cold_ft_0fr_sm0.rock                                                                                                                                                                              
 **** input title : cond **** inpt =  11 ****
 cond read from optional input file: p17un_cold_ft_0fr_sm0.cond                                                                                                                                                                              
 **** input title : ppor **** inpt =  11 ****
 ppor read from optional input file: p17un_cold_ft_0fr_sm0.ppor                                                                                                                                                                              
 **** input title : hflx **** inpt =  11 ****
 **** input title : time **** inpt =  11 ****
 **** input title : ctrl **** inpt =  11 ****
 **** input title : stop **** inpt =  11 ****
 !!!!!!!!!!!!!!!!!!!!!!!!!!!!!!!!!!!!!!!
 Coefficients read from file p17un_cold_ft_0fr_sm0.stor
 !!!!!!!!!!!!!!!!!!!!!!!!!!!!!!!!!!!!!!!

 storage for geometric coefficients         19 in common(nr)         19
Reading initial condition data from file p17un_cold_ft_0fr_sm0.ini
