FEHM V3.4.0lbUbuntu16 24-03-17   04/30/2025    15:51:16

Copyright  2015.   Los Alamos National Security, LLC.  This material was
produced under U.S. Government contract DE-AC52-06NA25396 for Los Alamos
National  Laboratory  (LANL),  which is operated by  Los Alamos National
Security, LLC  for the U. S. Department of Energy.  The U. S. Government
has rights to use, reproduce, and distribute this software.  Neither the
U. S. Government nor Los Alamos National Security, LLC or persons acting
on their behalf,  make any warranty,  express or implied, or assumes any
liability for the accuracy, completeness, or usefulness of the software,
any information pertaining to the software,  or  represents that its use
would not infringe privately owned rights.

The  software  being licensed  may  be Export Controlled.  It may not be
distributed  or  used by individuals  or entities prohibited from having
access to the software package, pursuant to United States export control
laws and regulations. An export control review and determination must be
completed before LANS will provide access to the identified Software.

 n0 =        23210

 "10x10x10 box, init coup cold, p15, three layers, 2 big frac, 50 small"         



 File purpose - Variable - Unit number - File name

    control       - iocntl -  1 - fehmn.files                                                                                         
    input         - inpt   - 11 - box10_p15_cold.dat                                                                                  
    geometry      - incoor - 12 - box10_p15_cold.fehm                                                                                 
    zone          - inzone - 13 - box10_p15_cold.zone                                                                                 
    output        - iout   - 14 - box10_p15_cold.out                                                                                  
    initial state - iread  -  0 - not using                                                                                           
    final state   - isave  - 16 - box10_p15_cold.fin                                                                                  
    time history  - ishis  - 17 - box10_p15_cold.hist                                                                                 
    time his.(tr) - istrc  -  0 - not using                                                                                           
    contour plot  - iscon  -  0 - not using                                                                                           
    con plot (dp) - iscon1 -  0 - not using                                                                                           
    fe coef stor  - isstor - 21 - box10_p15_cold.stor                                                                                 
    input check   - ischk  - 22 - box10_p15_cold.chk                                                                                  
 Value provided to subroutine user: not using

 **** input title : coor **** incoor =  12 ****
 **** input title : elem **** incoor =  12 ****
 **** input title : stop **** incoor =  12 ****
 **** input title : zone **** inzone =  13 ****
 **** input title : stop **** inzone =  13 ****
 **** input title : cont **** inpt =  11 ****
 **** contour format defined  : avs  ****
 **** input title : sol  **** inpt =  11 ****
 **** input title : node **** inpt =  11 ****
 **** input title : eos  **** inpt =  11 ****
