 
 
*               * * * * * * * * * * * * * * * * * * * * * * * *                 
*               *                                             *                 
*               *    Program:  LaGriT V3.3.4   Linux          *                 
*               *    Compiler Name: GNU                       *                 
*               *    Compiler Version: 13.3.0                 *                 
*               *    Date Compile: 2025/02/05                 *                 
*               *    Run Time: 2025/May  7  18:59:05          *                 
*               *    Manual:   https://lagrit.lanl.gov        *                 
*               *                                             *                 
*               * * * * * * * * * * * * * * * * * * * * * * * *                 
 
                               -----oOo-----                                    
             LaGriT V3 LA-CC-15-069  https://github.com/lanl/LaGriT             
  Copyright 2016. Triad National Security, LLC.  All rights reserved. This      
  program was produced under U.S. Government contract 89233218CNA000001         
  for Los Alamos National Laboratory (LANL), which is operated by Triad         
  National Security, LLC for the U.S. Department of Energy/National Nuclear     
  Security Administration.  All rights in the program are reserved by Triad     
  National Security, LLC, and the U.S. Department of Energy/National Nuclear    
  Security Administration. The Government is granted for itself and others      
  acting on its behalf a nonexclusive, paid-up, irrevocable worldwide license   
  in this material to reproduce, prepare derivative works, distribute copies    
  to the public, perform publicly and display publicly, and to permit others to 
  do so. This software is open source and available under the BSD-3 License.    
                               -----oOo-----                                    
 
 
Output log file: lagrit.out                                                     
Command log file: lagrit.log                                                    
 
read/octree_dfn.inp/mo1                                                         
read/avs/octree_dfn.inp/mo1                                                     
geniee                                                                          
finish                                                                          
cmo/status/brief                                                                
 
The current-mesh-object(CMO) is: mo1                                            
 
  1 Mesh Object name: mo1                                                       
    number of nodes =         76011        number of elements =       425371    
    dimensions geometry =         3        element type =                tet    
    dimensions topology =         3        4 nodes      4 faces      6 edges    
    boundary flag =        16000000        status =                   active    
 
 
finish                                                                          
finish                                                                          
cmo/addatt/mo1/frac_index/vdouble/scalar/nnodes                                 
cmo/setatt/mo1/frac_index/1 0 0/1                                               
     76011 values reset for attribute frac_index                                
 
cmo/readatt/mo1/frac_index/1,0,0/tag_frac.dat                                   
readatt: reading     1 values from each line.                                   
readatt filling attribute:       1  frac_index                                  
cmo/status/mo1 brief                                                            
 
The current-mesh-object(CMO) is: mo1                                            
 
  1 Mesh Object name: mo1                                                       
    number of nodes =         76011        number of elements =       425371    
    dimensions geometry =         3        element type =                tet    
    dimensions topology =         3        4 nodes      4 faces      6 edges    
    boundary flag =        16000000        status =                   active    
 
 
finish                                                                          
File values used:     1 out of     1 from each line.                            
File values written to     1 out of     1 attributes.                           
END readatt: reading     1 values from           76011 lines.                   
dump/octree_mesh.inp/mo1                                                        
dump/avs/octree_mesh.inp/mo1                                                    
cmo/modatt/-def-/-def-/ioflag/x                                                 
finish                                                                          
finish                                                                          
finish                                                                          
LaGriT successfully completed                                                   
