FEHM V3.4.0lbUbuntu16 24-03-17   05/13/2025    17:46:19

Copyright  2015.   Los Alamos National Security, LLC.  This material was
produced under U.S. Government contract DE-AC52-06NA25396 for Los Alamos
National  Laboratory  (LANL),  which is operated by  Los Alamos National
Security, LLC  for the U. S. Department of Energy.  The U. S. Government
has rights to use, reproduce, and distribute this software.  Neither the
U. S. Government nor Los Alamos National Security, LLC or persons acting
on their behalf,  make any warranty,  express or implied, or assumes any
liability for the accuracy, completeness, or usefulness of the software,
any information pertaining to the software,  or  represents that its use
would not infringe privately owned rights.

The  software  being licensed  may  be Export Controlled.  It may not be
distributed  or  used by individuals  or entities prohibited from having
access to the software package, pursuant to United States export control
laws and regulations. An export control review and determination must be
completed before LANS will provide access to the identified Software.

 ppor read from optional input file: s5_0fr_sm0_p15un_all_cold.ppor                                                                                                                                                                          
 n0 =       532436

 "Eur grav; 100x100x50km; all props uniform; p=10e-15; no fracs; cold"           



 File purpose - Variable - Unit number - File name

    control       - iocntl -  1 - fehmn.files                                                                                         
    input         - inpt   - 11 - s5_0fr_sm0_p15un_all_cold.dat                                                                       
    geometry      - incoor - 12 - s5_0fr_sm0_p15un_all_cold.fehm                                                                      
    zone          - inzone - 13 - s5_0fr_sm0_p15un_all_cold_material.zone                                                             
    output        - iout   - 14 - s5_0fr_sm0_p15un_all_cold.out                                                                       
    initial state - iread  -  0 - not using                                                                                           
    final state   - isave  - 16 - s5_0fr_sm0_p15un_all_cold.fin                                                                       
    time history  - ishis  - 17 - s5_0fr_sm0_p15un_all_cold.hist                                                                      
    time his.(tr) - istrc  -  0 - not using                                                                                           
    contour plot  - iscon  -  0 - not using                                                                                           
    con plot (dp) - iscon1 -  0 - not using                                                                                           
    fe coef stor  - isstor - 21 - s5_0fr_sm0_p15un_all_cold.stor                                                                      
    input check   - ischk  - 22 - s5_0fr_sm0_p15un_all_cold.chk                                                                       
 Value provided to subroutine user: not using

 **** input title : coor **** incoor =  12 ****
 **** input title : elem **** incoor =  12 ****
 **** input title : stop **** incoor =  12 ****
 **** input title : zone **** inzone =  13 ****
 **** input title : stop **** inzone =  13 ****
 **** input title : cont **** inpt =  11 ****
 **** contour format defined  : avs  ****
 **** input title : sol  **** inpt =  11 ****
 **** input title : node **** inpt =  11 ****
 **** input title : eos  **** inpt =  11 ****
 **** input title : pres **** inpt =  11 ****
 **** input title : flow **** inpt =  11 ****
 **** input title : perm **** inpt =  11 ****
 perm read from optional input file: s5_0fr_sm0_p15un_all_cold.perm                                                                                                                                                                          
 **** input title : rock **** inpt =  11 ****
 rock read from optional input file: s5_0fr_sm0_p15un_all_cold.rock                                                                                                                                                                          
 **** input title : cond **** inpt =  11 ****
 cond read from optional input file: s5_0fr_sm0_p15un_all_cold.cond                                                                                                                                                                          
 **** input title : ppor **** inpt =  11 ****
 ppor read from optional input file: s5_0fr_sm0_p15un_all_cold.ppor                                                                                                                                                                          
 **** input title : hflx **** inpt =  11 ****
 **** input title : time **** inpt =  11 ****
 **** input title : ctrl **** inpt =  11 ****
 **** input title : stop **** inpt =  11 ****
 !!!!!!!!!!!!!!!!!!!!!!!!!!!!!!!!!!!!!!!
 Coefficients read from file s5_0fr_sm0_p15un_all_cold.stor
 !!!!!!!!!!!!!!!!!!!!!!!!!!!!!!!!!!!!!!!

 storage for geometric coefficients         19 in common(nr)         19
 gmres method chosen 
 >>>generating nop .....
 >>>writing nop to file nop.temp .....

 storage needed for ncon        4892943 available    4892943
 storage needed for nop         8748543 available    8748543
 storage needed for a matrix   17442024 available   17442024
 storage needed for b matrix   32864424 available   59688428
 storage for acceleration  27686672 available   27686672
 storage available for b matrix resized to   32864424<<<<<<


 time for reading input, forming coefficients   10.9    



 **** analysis of input data on file s5_0fr_sm0_p15un_all_cold.chk    ****

*********************************************************************
 Time Step         1

                    Timing Information
           Years              Days         Step Size (Days)
     0.273785079E-06     0.100000000E-03    0.100000000E-03
 Cpu Sec for Time Step =   2.016     Current Total =     2.032    

                    Equation Performance
 Number of N-R Iterations:          2
 Avg # of Linear Equation Solver Iterations:   1.0
 Number of Active Nodes:    532436.
 Total Number of Iterations, N-R:          2 , Solver:          2
 Phase Changes This Time Step:        0 Total           0
 Nodes Liq Phase:   532436 change        0
 Nodes Two Phase:        0 change        0
 Nodes Gas Phase:         0 change        0
 Nodes SC Phase:        0 change        0
 Number of restarted time steps            0
                    Largest Residuals
 EQ1 R=  0.4343E-04 node= 266236 zone=     4 x= 0.000     y= 0.000     z=0.2500E+05
 EQ2 R=  0.1299E-04 node= 266236 zone=     4 x= 0.000     y= 0.000     z=0.2500E+05
   Node   Equation 1 Residual   Equation 2 Residual
 266236     -0.434346E-04          -0.129896E-04
 266234      0.305269E-12           0.572083E-15
 266231     -0.813751E-12          -0.135455E-14
 266226      0.497101E-15           0.517843E-15
 266221     -0.814120E-12          -0.173995E-14
 266210     -0.813929E-12          -0.153373E-14
 266201     -0.335988E-10          -0.226946E-12

                    Nodal Information (Water)
                                                  source/sink  E source/sink
   Node   P (MPa)    E (MJ)    L sat     Temp (C)    (kg/s)       (MJ/s)
 266236    141.0     0.172      1.00        1.961  0.2036E+09  0.349E+08
 266234    169.0     0.192      1.00        2.000   0.000       0.00    
 266231    169.0     0.190      1.00        2.000   0.000       0.00    
 266226    169.0     0.183      1.00        2.000   0.000       0.00    
 266221    169.0     0.177      1.00        2.000   0.000       0.00    
 266210    169.0     0.154      1.00        2.000   0.000       0.00    
 266201    169.0     0.131      1.00        2.000   0.000      0.707E-03

                    Global Mass & Energy Balances
 Total mass in system at this time:            0.267662E+17 kg
 Total mass of steam in system at this time:   0.000000E+00 kg
 Total enthalpy in system at this time:        0.273782E+16 MJ

 Water discharge this time step:   0.175888E+10 kg (0.203574E+09 kg/s)
 Water input this time step:       0.000000E+00 kg (0.000000E+00 kg/s)
 Total water discharge:            0.175888E+10 kg (0.203574E+09 kg/s)
 Total water input:                0.000000E+00 kg (0.000000E+00 kg/s)

 Enthalpy discharge this time step:  0.301915E+09 MJ (0.349439E+08 MJ/s)
 Enthalpy input this time step:      0.180415E+02 MJ (0.208814E+01 MJ/s)
 Total enthalpy discharge:           0.301915E+09 MJ (0.349439E+08 MJ/s)
 Total enthalpy input:               0.180416E+02 MJ (0.208814E+01 MJ/s)

 Net kg water discharge (total out-total in):   0.175888E+10
 Net MJ energy discharge (total out-total in):   0.301915E+09
 Conservation Errors:  -0.104958E-04 (mass),  -0.425163E-03 (energy)

 Enthalpy discharge this time step:  0.533397E+08 MJ (0.514464E+07 MJ/s)
 Enthalpy input this time step:      0.476240E+02 MJ (0.459337E+01 MJ/s)
 Total enthalpy discharge:           0.355255E+09 MJ (0.186897E+08 MJ/s)
 Total enthalpy input:               0.656655E+02 MJ (0.345463E+01 MJ/s)

 Water discharge this time step:   0.321236E+09 kg (0.309834E+08 kg/s)
 Water input this time step:       0.000000E+00 kg (0.000000E+00 kg/s)
 Total water discharge:            0.208012E+10 kg (0.109434E+09 kg/s)
 Total water input:                0.000000E+00 kg (0.000000E+00 kg/s)

 Enthalpy discharge this time step:  0.533397E+08 MJ (0.514464E+07 MJ/s)
 Enthalpy input this time step:      0.476240E+02 MJ (0.459337E+01 MJ/s)
 Total enthalpy discharge:           0.355255E+09 MJ (0.186897E+08 MJ/s)
 Total enthalpy input:               0.656655E+02 MJ (0.345463E+01 MJ/s)

 Enthalpy discharge this time step:  0.782188E+07 MJ (0.628688E+06 MJ/s)
 Enthalpy input this time step:      0.945057E+02 MJ (0.759594E+01 MJ/s)
 Total enthalpy discharge:           0.363076E+09 MJ (0.115447E+08 MJ/s)
 Total enthalpy input:               0.160171E+03 MJ (0.509295E+01 MJ/s)

 Water discharge this time step:   0.503562E+08 kg (0.404741E+07 kg/s)
 Water input this time step:       0.000000E+00 kg (0.000000E+00 kg/s)
 Total water discharge:            0.213047E+10 kg (0.677425E+08 kg/s)
 Total water input:                0.000000E+00 kg (0.000000E+00 kg/s)

 Enthalpy discharge this time step:  0.782188E+07 MJ (0.628688E+06 MJ/s)
 Enthalpy input this time step:      0.945057E+02 MJ (0.759594E+01 MJ/s)
 Total enthalpy discharge:           0.363076E+09 MJ (0.115447E+08 MJ/s)
 Total enthalpy input:               0.160171E+03 MJ (0.509295E+01 MJ/s)

 Enthalpy discharge this time step:  0.425525E+06 MJ (0.285015E+05 MJ/s)
 Enthalpy input this time step:      0.167113E+03 MJ (0.111932E+02 MJ/s)
 Total enthalpy discharge:           0.363502E+09 MJ (0.783755E+07 MJ/s)
 Total enthalpy input:               0.327284E+03 MJ (0.705665E+01 MJ/s)

 Water discharge this time step:   0.672879E+07 kg (0.450692E+06 kg/s)
 Water input this time step:       0.000000E+00 kg (0.000000E+00 kg/s)
 Total water discharge:            0.213720E+10 kg (0.460807E+08 kg/s)
 Total water input:                0.000000E+00 kg (0.000000E+00 kg/s)

 Enthalpy discharge this time step:  0.425525E+06 MJ (0.285015E+05 MJ/s)
 Enthalpy input this time step:      0.167113E+03 MJ (0.111932E+02 MJ/s)
 Total enthalpy discharge:           0.363502E+09 MJ (0.783755E+07 MJ/s)
 Total enthalpy input:               0.327284E+03 MJ (0.705665E+01 MJ/s)

 Enthalpy discharge this time step:  0.244359E+03 MJ (0.136392E+02 MJ/s)
 Enthalpy input this time step:      0.706831E+06 MJ (0.394527E+05 MJ/s)
 Total enthalpy discharge:           0.363502E+09 MJ (0.565362E+07 MJ/s)
 Total enthalpy input:               0.707159E+06 MJ (0.109986E+05 MJ/s)

 Water discharge this time step:   0.768760E+06 kg (0.429093E+05 kg/s)
 Water input this time step:       0.000000E+00 kg (0.000000E+00 kg/s)
 Total water discharge:            0.213797E+10 kg (0.332523E+08 kg/s)
 Total water input:                0.000000E+00 kg (0.000000E+00 kg/s)

 Enthalpy discharge this time step:  0.244359E+03 MJ (0.136392E+02 MJ/s)
 Enthalpy input this time step:      0.706831E+06 MJ (0.394527E+05 MJ/s)
 Total enthalpy discharge:           0.363502E+09 MJ (0.565362E+07 MJ/s)
 Total enthalpy input:               0.707159E+06 MJ (0.109986E+05 MJ/s)

 Enthalpy discharge this time step:  0.390838E+03 MJ (0.181793E+02 MJ/s)
 Enthalpy input this time step:      0.986463E+06 MJ (0.458840E+05 MJ/s)
 Total enthalpy discharge:           0.363503E+09 MJ (0.423690E+07 MJ/s)
 Total enthalpy input:               0.169362E+07 MJ (0.197404E+05 MJ/s)

 Water discharge this time step:   0.809471E+05 kg (0.376514E+04 kg/s)
 Water input this time step:       0.000000E+00 kg (0.000000E+00 kg/s)
 Total water discharge:            0.213805E+10 kg (0.249206E+08 kg/s)
 Total water input:                0.000000E+00 kg (0.000000E+00 kg/s)

 Enthalpy discharge this time step:  0.390838E+03 MJ (0.181793E+02 MJ/s)
 Enthalpy input this time step:      0.986463E+06 MJ (0.458840E+05 MJ/s)
 Total enthalpy discharge:           0.363503E+09 MJ (0.423690E+07 MJ/s)
 Total enthalpy input:               0.169362E+07 MJ (0.197404E+05 MJ/s)

 Enthalpy discharge this time step:  0.609209E+03 MJ (0.236138E+02 MJ/s)
 Enthalpy input this time step:      0.119441E+07 MJ (0.462970E+05 MJ/s)
 Total enthalpy discharge:           0.363503E+09 MJ (0.325739E+07 MJ/s)
 Total enthalpy input:               0.288803E+07 MJ (0.258800E+05 MJ/s)

 Water discharge this time step:   0.152456E+05 kg (0.590939E+03 kg/s)
 Water input this time step:       0.000000E+00 kg (0.000000E+00 kg/s)
 Total water discharge:            0.213807E+10 kg (0.191594E+08 kg/s)
 Total water input:                0.000000E+00 kg (0.000000E+00 kg/s)

 Enthalpy discharge this time step:  0.609209E+03 MJ (0.236138E+02 MJ/s)
 Enthalpy input this time step:      0.119441E+07 MJ (0.462970E+05 MJ/s)
 Total enthalpy discharge:           0.363503E+09 MJ (0.325739E+07 MJ/s)
 Total enthalpy input:               0.288803E+07 MJ (0.258800E+05 MJ/s)

 Enthalpy discharge this time step:  0.932340E+03 MJ (0.301156E+02 MJ/s)
 Enthalpy input this time step:      0.143011E+07 MJ (0.461940E+05 MJ/s)
 Total enthalpy discharge:           0.363504E+09 MJ (0.254997E+07 MJ/s)
 Total enthalpy input:               0.431814E+07 MJ (0.302917E+05 MJ/s)

 Water discharge this time step:   0.115563E+05 kg (0.373281E+03 kg/s)
 Water input this time step:       0.000000E+00 kg (0.000000E+00 kg/s)
 Total water discharge:            0.213808E+10 kg (0.149986E+08 kg/s)
 Total water input:                0.000000E+00 kg (0.000000E+00 kg/s)

 Enthalpy discharge this time step:  0.932340E+03 MJ (0.301156E+02 MJ/s)
 Enthalpy input this time step:      0.143011E+07 MJ (0.461940E+05 MJ/s)
 Total enthalpy discharge:           0.363504E+09 MJ (0.254997E+07 MJ/s)
 Total enthalpy input:               0.431814E+07 MJ (0.302917E+05 MJ/s)

 Enthalpy discharge this time step:  0.140763E+04 MJ (0.378899E+02 MJ/s)
 Enthalpy input this time step:      0.171003E+07 MJ (0.460298E+05 MJ/s)
 Total enthalpy discharge:           0.363506E+09 MJ (0.202282E+07 MJ/s)
 Total enthalpy input:               0.602817E+07 MJ (0.335453E+05 MJ/s)

 Water discharge this time step:   0.133686E+05 kg (0.359849E+03 kg/s)
 Water input this time step:       0.000000E+00 kg (0.000000E+00 kg/s)
 Total water discharge:            0.213809E+10 kg (0.118980E+08 kg/s)
 Total water input:                0.000000E+00 kg (0.000000E+00 kg/s)

 Enthalpy discharge this time step:  0.140763E+04 MJ (0.378899E+02 MJ/s)
 Enthalpy input this time step:      0.171003E+07 MJ (0.460298E+05 MJ/s)
 Total enthalpy discharge:           0.363506E+09 MJ (0.202282E+07 MJ/s)
 Total enthalpy input:               0.602817E+07 MJ (0.335453E+05 MJ/s)

 Enthalpy discharge this time step:  0.210326E+04 MJ (0.471789E+02 MJ/s)
 Enthalpy input this time step:      0.204318E+07 MJ (0.458313E+05 MJ/s)
 Total enthalpy discharge:           0.363508E+09 MJ (0.162075E+07 MJ/s)
 Total enthalpy input:               0.807135E+07 MJ (0.359873E+05 MJ/s)

 Water discharge this time step:   0.159640E+05 kg (0.358094E+03 kg/s)
 Water input this time step:       0.000000E+00 kg (0.000000E+00 kg/s)
 Total water discharge:            0.213811E+10 kg (0.953308E+07 kg/s)
 Total water input:                0.000000E+00 kg (0.000000E+00 kg/s)

 Enthalpy discharge this time step:  0.210326E+04 MJ (0.471789E+02 MJ/s)
 Enthalpy input this time step:      0.204318E+07 MJ (0.458313E+05 MJ/s)
 Total enthalpy discharge:           0.363508E+09 MJ (0.162075E+07 MJ/s)
 Total enthalpy input:               0.807135E+07 MJ (0.359873E+05 MJ/s)
*********************************************************************
 Time Step        11

                    Timing Information
           Years              Days         Step Size (Days)
     0.880230487E-05     0.321504185E-02    0.619173642E-03
 Cpu Sec for Time Step =   1.761     Current Total =     20.01    

                    Equation Performance
 Number of N-R Iterations:          2
 Avg # of Linear Equation Solver Iterations:   1.0
 Number of Active Nodes:    532436.
 Total Number of Iterations, N-R:         22 , Solver:         20
 Phase Changes This Time Step:        0 Total           0
 Nodes Liq Phase:   532436 change        0
 Nodes Two Phase:        0 change        0
 Nodes Gas Phase:         0 change        0
 Nodes SC Phase:        0 change        0
 Number of restarted time steps            0
                    Largest Residuals
 EQ1 R=  0.1677E-08 node= 266235 zone=     1 x= 0.000     y= 0.000     z=0.2300E+05
 EQ2 R=  0.2476E-10 node= 266236 zone=     4 x= 0.000     y= 0.000     z=0.2500E+05
   Node   Equation 1 Residual   Equation 2 Residual
 266236      0.126370E-09          -0.247591E-10
 266234      0.383005E-12          -0.264622E-15
 266231      0.813724E-12           0.141865E-14
 266226     -0.813596E-12          -0.122556E-14
 266221     -0.129816E-15          -0.149579E-15
 266210      0.405699E-12          -0.551972E-15
 266201     -0.207849E-09          -0.140379E-11

                    Nodal Information (Water)
                                                  source/sink  E source/sink
   Node   P (MPa)    E (MJ)    L sat     Temp (C)    (kg/s)       (MJ/s)
 266236    135.2     0.167      1.00        1.954   356.7     -0.455E+05
 266234    169.0     0.192      1.00        2.000   0.000       0.00    
 266231    169.0     0.190      1.00        2.000   0.000       0.00    
 266226    169.0     0.183      1.00        2.000   0.000       0.00    
 266221    169.0     0.177      1.00        2.000   0.000       0.00    
 266210    169.0     0.154      1.00        2.000   0.000       0.00    
 266201    169.0     0.131      1.00        2.000   0.000      0.224E-01

                    Global Mass & Energy Balances
 Total mass in system at this time:            0.267662E+17 kg
 Total mass of steam in system at this time:   0.000000E+00 kg
 Total enthalpy in system at this time:        0.273782E+16 MJ

 Water discharge this time step:   0.190818E+05 kg (0.356692E+03 kg/s)
 Water input this time step:       0.000000E+00 kg (0.000000E+00 kg/s)
 Total water discharge:            0.213813E+10 kg (0.769721E+07 kg/s)
 Total water input:                0.000000E+00 kg (0.000000E+00 kg/s)

 Enthalpy discharge this time step:  0.311716E+04 MJ (0.582683E+02 MJ/s)
 Enthalpy input this time step:      0.243914E+07 MJ (0.455942E+05 MJ/s)
 Total enthalpy discharge:           0.363511E+09 MJ (0.130863E+07 MJ/s)
 Total enthalpy input:               0.105105E+08 MJ (0.378375E+05 MJ/s)

 Net kg water discharge (total out-total in):   0.213813E+10
 Net MJ energy discharge (total out-total in):   0.353000E+09
 Conservation Errors:  -0.908942E-05 (mass),  -0.351056E-03 (energy)

 Enthalpy discharge this time step:  0.458959E+04 MJ (0.714935E+02 MJ/s)
 Enthalpy input this time step:      0.290882E+07 MJ (0.453116E+05 MJ/s)
 Total enthalpy discharge:           0.363515E+09 MJ (0.106299E+07 MJ/s)
 Total enthalpy input:               0.134193E+08 MJ (0.392405E+05 MJ/s)

 Water discharge this time step:   0.227928E+05 kg (0.355050E+03 kg/s)
 Water input this time step:       0.000000E+00 kg (0.000000E+00 kg/s)
 Total water discharge:            0.213815E+10 kg (0.625235E+07 kg/s)
 Total water input:                0.000000E+00 kg (0.000000E+00 kg/s)

 Enthalpy discharge this time step:  0.458959E+04 MJ (0.714935E+02 MJ/s)
 Enthalpy input this time step:      0.290882E+07 MJ (0.453116E+05 MJ/s)
 Total enthalpy discharge:           0.363515E+09 MJ (0.106299E+07 MJ/s)
 Total enthalpy input:               0.134193E+08 MJ (0.392405E+05 MJ/s)

 Enthalpy discharge this time step:  0.672103E+04 MJ (0.872464E+02 MJ/s)
 Enthalpy input this time step:      0.346466E+07 MJ (0.449751E+05 MJ/s)
 Total enthalpy discharge:           0.363522E+09 MJ (0.867572E+06 MJ/s)
 Total enthalpy input:               0.168840E+08 MJ (0.402948E+05 MJ/s)

 Water discharge this time step:   0.272008E+05 kg (0.353096E+03 kg/s)
 Water input this time step:       0.000000E+00 kg (0.000000E+00 kg/s)
 Total water discharge:            0.213818E+10 kg (0.510292E+07 kg/s)
 Total water input:                0.000000E+00 kg (0.000000E+00 kg/s)

 Enthalpy discharge this time step:  0.672103E+04 MJ (0.872464E+02 MJ/s)
 Enthalpy input this time step:      0.346466E+07 MJ (0.449751E+05 MJ/s)
 Total enthalpy discharge:           0.363522E+09 MJ (0.867572E+06 MJ/s)
 Total enthalpy input:               0.168840E+08 MJ (0.402948E+05 MJ/s)

 Enthalpy discharge this time step:  0.979724E+04 MJ (0.105982E+03 MJ/s)
 Enthalpy input this time step:      0.412061E+07 MJ (0.445751E+05 MJ/s)
 Total enthalpy discharge:           0.363532E+09 MJ (0.710783E+06 MJ/s)
 Total enthalpy input:               0.210046E+08 MJ (0.410685E+05 MJ/s)

 Water discharge this time step:   0.324262E+05 kg (0.350773E+03 kg/s)
 Water input this time step:       0.000000E+00 kg (0.000000E+00 kg/s)
 Total water discharge:            0.213821E+10 kg (0.418066E+07 kg/s)
 Total water input:                0.000000E+00 kg (0.000000E+00 kg/s)

 Enthalpy discharge this time step:  0.979724E+04 MJ (0.105982E+03 MJ/s)
 Enthalpy input this time step:      0.412061E+07 MJ (0.445751E+05 MJ/s)
 Total enthalpy discharge:           0.363532E+09 MJ (0.710783E+06 MJ/s)
 Total enthalpy input:               0.210046E+08 MJ (0.410685E+05 MJ/s)

 Enthalpy discharge this time step:  0.142243E+05 MJ (0.128227E+03 MJ/s)
 Enthalpy input this time step:      0.489208E+07 MJ (0.441004E+05 MJ/s)
 Total enthalpy discharge:           0.363546E+09 MJ (0.584119E+06 MJ/s)
 Total enthalpy input:               0.258967E+08 MJ (0.416089E+05 MJ/s)

 Water discharge this time step:   0.386056E+05 kg (0.348016E+03 kg/s)
 Water input this time step:       0.000000E+00 kg (0.000000E+00 kg/s)
 Total water discharge:            0.213825E+10 kg (0.343558E+07 kg/s)
 Total water input:                0.000000E+00 kg (0.000000E+00 kg/s)

 Enthalpy discharge this time step:  0.142243E+05 MJ (0.128227E+03 MJ/s)
 Enthalpy input this time step:      0.489208E+07 MJ (0.441004E+05 MJ/s)
 Total enthalpy discharge:           0.363546E+09 MJ (0.584119E+06 MJ/s)
 Total enthalpy input:               0.258967E+08 MJ (0.416089E+05 MJ/s)

 Enthalpy discharge this time step:  0.205776E+05 MJ (0.154583E+03 MJ/s)
 Enthalpy input this time step:      0.579569E+07 MJ (0.435384E+05 MJ/s)
 Total enthalpy discharge:           0.363567E+09 MJ (0.481227E+06 MJ/s)
 Total enthalpy input:               0.316924E+08 MJ (0.419488E+05 MJ/s)

 Water discharge this time step:   0.458924E+05 kg (0.344753E+03 kg/s)
 Water input this time step:       0.000000E+00 kg (0.000000E+00 kg/s)
 Total water discharge:            0.213829E+10 kg (0.283030E+07 kg/s)
 Total water input:                0.000000E+00 kg (0.000000E+00 kg/s)

 Enthalpy discharge this time step:  0.205776E+05 MJ (0.154583E+03 MJ/s)
 Enthalpy input this time step:      0.579569E+07 MJ (0.435384E+05 MJ/s)
 Total enthalpy discharge:           0.363567E+09 MJ (0.481227E+06 MJ/s)
 Total enthalpy input:               0.316924E+08 MJ (0.419488E+05 MJ/s)

 Enthalpy discharge this time step:  0.296685E+05 MJ (0.185730E+03 MJ/s)
 Enthalpy input this time step:      0.684883E+07 MJ (0.428749E+05 MJ/s)
 Total enthalpy discharge:           0.363596E+09 MJ (0.397269E+06 MJ/s)
 Total enthalpy input:               0.385412E+08 MJ (0.421105E+05 MJ/s)

 Water discharge this time step:   0.544554E+05 kg (0.340901E+03 kg/s)
 Water input this time step:       0.000000E+00 kg (0.000000E+00 kg/s)
 Total water discharge:            0.213835E+10 kg (0.233638E+07 kg/s)
 Total water input:                0.000000E+00 kg (0.000000E+00 kg/s)

 Enthalpy discharge this time step:  0.296685E+05 MJ (0.185730E+03 MJ/s)
 Enthalpy input this time step:      0.684883E+07 MJ (0.428749E+05 MJ/s)
 Total enthalpy discharge:           0.363596E+09 MJ (0.397269E+06 MJ/s)
 Total enthalpy input:               0.385412E+08 MJ (0.421105E+05 MJ/s)

 Enthalpy discharge this time step:  0.426370E+05 MJ (0.222429E+03 MJ/s)
 Enthalpy input this time step:      0.806889E+07 MJ (0.420939E+05 MJ/s)
 Total enthalpy discharge:           0.363639E+09 MJ (0.328512E+06 MJ/s)
 Total enthalpy input:               0.466101E+08 MJ (0.421076E+05 MJ/s)

 Water discharge this time step:   0.644774E+05 kg (0.336366E+03 kg/s)
 Water input this time step:       0.000000E+00 kg (0.000000E+00 kg/s)
 Total water discharge:            0.213841E+10 kg (0.193185E+07 kg/s)
 Total water input:                0.000000E+00 kg (0.000000E+00 kg/s)

 Enthalpy discharge this time step:  0.426370E+05 MJ (0.222429E+03 MJ/s)
 Enthalpy input this time step:      0.806889E+07 MJ (0.420939E+05 MJ/s)
 Total enthalpy discharge:           0.363639E+09 MJ (0.328512E+06 MJ/s)
 Total enthalpy input:               0.466101E+08 MJ (0.421076E+05 MJ/s)

 Enthalpy discharge this time step:  0.610752E+05 MJ (0.265515E+03 MJ/s)
 Enthalpy input this time step:      0.947204E+07 MJ (0.411782E+05 MJ/s)
 Total enthalpy discharge:           0.363700E+09 MJ (0.272036E+06 MJ/s)
 Total enthalpy input:               0.560821E+08 MJ (0.419477E+05 MJ/s)

 Water discharge this time step:   0.761501E+05 kg (0.331050E+03 kg/s)
 Water input this time step:       0.000000E+00 kg (0.000000E+00 kg/s)
 Total water discharge:            0.213849E+10 kg (0.159952E+07 kg/s)
 Total water input:                0.000000E+00 kg (0.000000E+00 kg/s)

 Enthalpy discharge this time step:  0.610752E+05 MJ (0.265515E+03 MJ/s)
 Enthalpy input this time step:      0.947204E+07 MJ (0.411782E+05 MJ/s)
 Total enthalpy discharge:           0.363700E+09 MJ (0.272036E+06 MJ/s)
 Total enthalpy input:               0.560821E+08 MJ (0.419477E+05 MJ/s)

 Enthalpy discharge this time step:  0.871935E+05 MJ (0.315883E+03 MJ/s)
 Enthalpy input this time step:      0.110714E+08 MJ (0.401095E+05 MJ/s)
 Total enthalpy discharge:           0.363787E+09 MJ (0.225537E+06 MJ/s)
 Total enthalpy input:               0.671536E+08 MJ (0.416331E+05 MJ/s)

 Water discharge this time step:   0.896677E+05 kg (0.324847E+03 kg/s)
 Water input this time step:       0.000000E+00 kg (0.000000E+00 kg/s)
 Total water discharge:            0.213858E+10 kg (0.132585E+07 kg/s)
 Total water input:                0.000000E+00 kg (0.000000E+00 kg/s)

 Enthalpy discharge this time step:  0.871935E+05 MJ (0.315883E+03 MJ/s)
 Enthalpy input this time step:      0.110714E+08 MJ (0.401095E+05 MJ/s)
 Total enthalpy discharge:           0.363787E+09 MJ (0.225537E+06 MJ/s)
 Total enthalpy input:               0.671536E+08 MJ (0.416331E+05 MJ/s)
*********************************************************************
 Time Step        21

                    Timing Information
           Years              Days         Step Size (Days)
     0.616086515E-04     0.225025600E-01    0.383375999E-02
 Cpu Sec for Time Step =   1.759     Current Total =     38.11    

                    Equation Performance
 Number of N-R Iterations:          2
 Avg # of Linear Equation Solver Iterations:   1.0
 Number of Active Nodes:    532436.
 Total Number of Iterations, N-R:         42 , Solver:         40
 Phase Changes This Time Step:        0 Total           0
 Nodes Liq Phase:   532436 change        0
 Nodes Two Phase:        0 change        0
 Nodes Gas Phase:         0 change        0
 Nodes SC Phase:        0 change        0
 Number of restarted time steps            0
                    Largest Residuals
 EQ1 R=  0.1037E-07 node= 266235 zone=     1 x= 0.000     y= 0.000     z=0.2300E+05
 EQ2 R=  0.1241E-09 node= 266236 zone=     4 x= 0.000     y= 0.000     z=0.2500E+05
   Node   Equation 1 Residual   Equation 2 Residual
 266236      0.102123E-09          -0.124129E-09
 266234      0.140997E-11           0.628097E-14
 266231      0.122101E-11           0.296546E-14
 266226      0.222357E-14           0.794982E-15
 266221     -0.407780E-12          -0.211718E-14
 266210      0.407049E-12           0.849402E-15
 266201     -0.128300E-08          -0.846521E-11

                    Nodal Information (Water)
                                                  source/sink  E source/sink
   Node   P (MPa)    E (MJ)    L sat     Temp (C)    (kg/s)       (MJ/s)
 266236    135.2     0.167      1.00        1.961   317.6     -0.384E+05
 266234    169.0     0.192      1.00        2.000   0.000       0.00    
 266231    169.0     0.190      1.00        2.000   0.000       0.00    
 266226    169.0     0.183      1.00        2.000   0.000       0.00    
 266221    169.0     0.177      1.00        2.000   0.000       0.00    
 266210    169.0     0.154      1.00        2.000   0.000       0.00    
 266201    169.0     0.131      1.00        2.000   0.000      0.145    

                    Global Mass & Energy Balances
 Total mass in system at this time:            0.267662E+17 kg
 Total mass of steam in system at this time:   0.000000E+00 kg
 Total enthalpy in system at this time:        0.273782E+16 MJ

 Water discharge this time step:   0.105216E+06 kg (0.317647E+03 kg/s)
 Water input this time step:       0.000000E+00 kg (0.000000E+00 kg/s)
 Total water discharge:            0.213868E+10 kg (0.110002E+07 kg/s)
 Total water input:                0.000000E+00 kg (0.000000E+00 kg/s)

 Enthalpy discharge this time step:  0.124037E+06 MJ (0.374466E+03 MJ/s)
 Enthalpy input this time step:      0.128748E+08 MJ (0.388690E+05 MJ/s)
 Total enthalpy discharge:           0.363911E+09 MJ (0.187176E+06 MJ/s)
 Total enthalpy input:               0.800284E+08 MJ (0.411622E+05 MJ/s)

 Net kg water discharge (total out-total in):   0.213868E+10
 Net MJ energy discharge (total out-total in):   0.283883E+09
 Conservation Errors:  -0.998067E-05 (mass),  -0.350893E-03 (energy)

 Enthalpy discharge this time step:  0.175764E+06 MJ (0.442191E+03 MJ/s)
 Enthalpy input this time step:      0.148812E+08 MJ (0.374384E+05 MJ/s)
 Total enthalpy discharge:           0.364087E+09 MJ (0.155479E+06 MJ/s)
 Total enthalpy input:               0.949096E+08 MJ (0.405301E+05 MJ/s)

 Water discharge this time step:   0.122960E+06 kg (0.309345E+03 kg/s)
 Water input this time step:       0.000000E+00 kg (0.000000E+00 kg/s)
 Total water discharge:            0.213881E+10 kg (0.913355E+06 kg/s)
 Total water input:                0.000000E+00 kg (0.000000E+00 kg/s)

 Enthalpy discharge this time step:  0.175764E+06 MJ (0.442191E+03 MJ/s)
 Enthalpy input this time step:      0.148812E+08 MJ (0.374384E+05 MJ/s)
 Total enthalpy discharge:           0.364087E+09 MJ (0.155479E+06 MJ/s)
 Total enthalpy input:               0.949096E+08 MJ (0.405301E+05 MJ/s)

 Enthalpy discharge this time step:  0.247994E+06 MJ (0.519925E+03 MJ/s)
 Enthalpy input this time step:      0.170766E+08 MJ (0.358015E+05 MJ/s)
 Total enthalpy discharge:           0.364335E+09 MJ (0.129257E+06 MJ/s)
 Total enthalpy input:               0.111986E+09 MJ (0.397299E+05 MJ/s)

 Water discharge this time step:   0.143021E+06 kg (0.299847E+03 kg/s)
 Water input this time step:       0.000000E+00 kg (0.000000E+00 kg/s)
 Total water discharge:            0.213895E+10 kg (0.758847E+06 kg/s)
 Total water input:                0.000000E+00 kg (0.000000E+00 kg/s)

 Enthalpy discharge this time step:  0.247994E+06 MJ (0.519925E+03 MJ/s)
 Enthalpy input this time step:      0.170766E+08 MJ (0.358015E+05 MJ/s)
 Total enthalpy discharge:           0.364335E+09 MJ (0.129257E+06 MJ/s)
 Total enthalpy input:               0.111986E+09 MJ (0.397299E+05 MJ/s)

 Enthalpy discharge this time step:  0.348228E+06 MJ (0.608389E+03 MJ/s)
 Enthalpy input this time step:      0.194297E+08 MJ (0.339457E+05 MJ/s)
 Total enthalpy discharge:           0.364683E+09 MJ (0.107542E+06 MJ/s)
 Total enthalpy input:               0.131416E+09 MJ (0.387536E+05 MJ/s)

 Water discharge this time step:   0.165463E+06 kg (0.289081E+03 kg/s)
 Water input this time step:       0.000000E+00 kg (0.000000E+00 kg/s)
 Total water discharge:            0.213912E+10 kg (0.630810E+06 kg/s)
 Total water input:                0.000000E+00 kg (0.000000E+00 kg/s)

 Enthalpy discharge this time step:  0.348228E+06 MJ (0.608389E+03 MJ/s)
 Enthalpy input this time step:      0.194297E+08 MJ (0.339457E+05 MJ/s)
 Total enthalpy discharge:           0.364683E+09 MJ (0.107542E+06 MJ/s)
 Total enthalpy input:               0.131416E+09 MJ (0.387536E+05 MJ/s)

 Enthalpy discharge this time step:  0.486328E+06 MJ (0.708053E+03 MJ/s)
 Enthalpy input this time step:      0.218864E+08 MJ (0.318647E+05 MJ/s)
 Total enthalpy discharge:           0.365170E+09 MJ (0.895481E+05 MJ/s)
 Total enthalpy input:               0.153302E+09 MJ (0.375933E+05 MJ/s)

 Water discharge this time step:   0.190265E+06 kg (0.277010E+03 kg/s)
 Water input this time step:       0.000000E+00 kg (0.000000E+00 kg/s)
 Total water discharge:            0.213931E+10 kg (0.524608E+06 kg/s)
 Total water input:                0.000000E+00 kg (0.000000E+00 kg/s)

 Enthalpy discharge this time step:  0.486328E+06 MJ (0.708053E+03 MJ/s)
 Enthalpy input this time step:      0.218864E+08 MJ (0.318647E+05 MJ/s)
 Total enthalpy discharge:           0.365170E+09 MJ (0.895481E+05 MJ/s)
 Total enthalpy input:               0.153302E+09 MJ (0.375933E+05 MJ/s)

 Enthalpy discharge this time step:  0.675044E+06 MJ (0.819007E+03 MJ/s)
 Enthalpy input this time step:      0.243653E+08 MJ (0.295615E+05 MJ/s)
 Total enthalpy discharge:           0.365845E+09 MJ (0.746296E+05 MJ/s)
 Total enthalpy input:               0.177668E+09 MJ (0.362429E+05 MJ/s)

 Water discharge this time step:   0.217309E+06 kg (0.263653E+03 kg/s)
 Water input this time step:       0.000000E+00 kg (0.000000E+00 kg/s)
 Total water discharge:            0.213952E+10 kg (0.436447E+06 kg/s)
 Total water input:                0.000000E+00 kg (0.000000E+00 kg/s)

 Enthalpy discharge this time step:  0.675044E+06 MJ (0.819007E+03 MJ/s)
 Enthalpy input this time step:      0.243653E+08 MJ (0.295615E+05 MJ/s)
 Total enthalpy discharge:           0.365845E+09 MJ (0.746296E+05 MJ/s)
 Total enthalpy input:               0.177668E+09 MJ (0.362429E+05 MJ/s)

 Enthalpy discharge this time step:  0.930523E+06 MJ (0.940807E+03 MJ/s)
 Enthalpy input this time step:      0.267557E+08 MJ (0.270514E+05 MJ/s)
 Total enthalpy discharge:           0.366775E+09 MJ (0.622581E+05 MJ/s)
 Total enthalpy input:               0.204423E+09 MJ (0.346997E+05 MJ/s)

 Water discharge this time step:   0.246377E+06 kg (0.249100E+03 kg/s)
 Water input this time step:       0.000000E+00 kg (0.000000E+00 kg/s)
 Total water discharge:            0.213977E+10 kg (0.363214E+06 kg/s)
 Total water input:                0.000000E+00 kg (0.000000E+00 kg/s)

 Enthalpy discharge this time step:  0.930523E+06 MJ (0.940807E+03 MJ/s)
 Enthalpy input this time step:      0.267557E+08 MJ (0.270514E+05 MJ/s)
 Total enthalpy discharge:           0.366775E+09 MJ (0.622581E+05 MJ/s)
 Total enthalpy input:               0.204423E+09 MJ (0.346997E+05 MJ/s)

 Enthalpy discharge this time step:  0.127273E+07 MJ (0.107233E+04 MJ/s)
 Enthalpy input this time step:      0.289186E+08 MJ (0.243652E+05 MJ/s)
 Total enthalpy discharge:           0.368048E+09 MJ (0.519982E+05 MJ/s)
 Total enthalpy input:               0.233342E+09 MJ (0.329668E+05 MJ/s)

 Water discharge this time step:   0.277171E+06 kg (0.233529E+03 kg/s)
 Water input this time step:       0.000000E+00 kg (0.000000E+00 kg/s)
 Total water discharge:            0.214005E+10 kg (0.302348E+06 kg/s)
 Total water input:                0.000000E+00 kg (0.000000E+00 kg/s)

 Enthalpy discharge this time step:  0.127273E+07 MJ (0.107233E+04 MJ/s)
 Enthalpy input this time step:      0.289186E+08 MJ (0.243652E+05 MJ/s)
 Total enthalpy discharge:           0.368048E+09 MJ (0.519982E+05 MJ/s)
 Total enthalpy input:               0.233342E+09 MJ (0.329668E+05 MJ/s)

 Enthalpy discharge this time step:  0.172567E+07 MJ (0.121163E+04 MJ/s)
 Enthalpy input this time step:      0.306948E+08 MJ (0.215515E+05 MJ/s)
 Total enthalpy discharge:           0.369774E+09 MJ (0.434908E+05 MJ/s)
 Total enthalpy input:               0.264037E+09 MJ (0.310546E+05 MJ/s)

 Water discharge this time step:   0.309381E+06 kg (0.217223E+03 kg/s)
 Water input this time step:       0.000000E+00 kg (0.000000E+00 kg/s)
 Total water discharge:            0.214036E+10 kg (0.251737E+06 kg/s)
 Total water input:                0.000000E+00 kg (0.000000E+00 kg/s)

 Enthalpy discharge this time step:  0.172567E+07 MJ (0.121163E+04 MJ/s)
 Enthalpy input this time step:      0.306948E+08 MJ (0.215515E+05 MJ/s)
 Total enthalpy discharge:           0.369774E+09 MJ (0.434908E+05 MJ/s)
 Total enthalpy input:               0.264037E+09 MJ (0.310546E+05 MJ/s)

 Enthalpy discharge this time step:  0.231731E+07 MJ (0.135586E+04 MJ/s)
 Enthalpy input this time step:      0.319217E+08 MJ (0.186774E+05 MJ/s)
 Total enthalpy discharge:           0.372091E+09 MJ (0.364386E+05 MJ/s)
 Total enthalpy input:               0.295958E+09 MJ (0.289830E+05 MJ/s)

 Water discharge this time step:   0.342797E+06 kg (0.200570E+03 kg/s)
 Water input this time step:       0.000000E+00 kg (0.000000E+00 kg/s)
 Total water discharge:            0.214070E+10 kg (0.209637E+06 kg/s)
 Total water input:                0.000000E+00 kg (0.000000E+00 kg/s)

 Enthalpy discharge this time step:  0.231731E+07 MJ (0.135586E+04 MJ/s)
 Enthalpy input this time step:      0.319217E+08 MJ (0.186774E+05 MJ/s)
 Total enthalpy discharge:           0.372091E+09 MJ (0.364386E+05 MJ/s)
 Total enthalpy input:               0.295958E+09 MJ (0.289830E+05 MJ/s)
*********************************************************************
 Time Step        31

                    Timing Information
           Years              Days         Step Size (Days)
     0.388571631E-03     0.141925788        0.237376314E-01
 Cpu Sec for Time Step =   1.744     Current Total =     56.20    

                    Equation Performance
 Number of N-R Iterations:          2
 Avg # of Linear Equation Solver Iterations:   1.0
 Number of Active Nodes:    532436.
 Total Number of Iterations, N-R:         62 , Solver:         60
 Phase Changes This Time Step:        0 Total           0
 Nodes Liq Phase:   532436 change        0
 Nodes Two Phase:        0 change        0
 Nodes Gas Phase:         0 change        0
 Nodes SC Phase:        0 change        0
 Number of restarted time steps            0
                    Largest Residuals
 EQ1 R=  0.6397E-07 node= 266235 zone=     1 x= 0.000     y= 0.000     z=0.2300E+05
 EQ2 R=  0.4355E-09 node= 266235 zone=     1 x= 0.000     y= 0.000     z=0.2300E+05
   Node   Equation 1 Residual   Equation 2 Residual
 266236      0.318234E-10          -0.205568E-09
 266234      0.374586E-10           0.256874E-12
 266231     -0.486851E-15           0.512901E-15
 266226      0.466101E-12           0.267059E-14
 266221      0.409342E-12           0.197178E-14
 266210     -0.813016E-12          -0.595041E-15
 266201     -0.798092E-08          -0.454296E-10

                    Nodal Information (Water)
                                                  source/sink  E source/sink
   Node   P (MPa)    E (MJ)    L sat     Temp (C)    (kg/s)       (MJ/s)
 266236    135.2     0.167      1.00        1.986   184.1     -0.142E+05
 266234    169.0     0.192      1.00        2.000   0.000       0.00    
 266231    169.0     0.190      1.00        2.000   0.000       0.00    
 266226    169.0     0.183      1.00        2.000   0.000       0.00    
 266221    169.0     0.177      1.00        2.000   0.000       0.00    
 266210    169.0     0.154      1.00        2.000   0.000       0.00    
 266201    169.0     0.131      1.00        2.000   0.000      0.593    

                    Global Mass & Energy Balances
 Total mass in system at this time:            0.267662E+17 kg
 Total mass of steam in system at this time:   0.000000E+00 kg
 Total enthalpy in system at this time:        0.273782E+16 MJ

 Water discharge this time step:   0.377488E+06 kg (0.184057E+03 kg/s)
 Water input this time step:       0.000000E+00 kg (0.000000E+00 kg/s)
 Total water discharge:            0.214108E+10 kg (0.174605E+06 kg/s)
 Total water input:                0.000000E+00 kg (0.000000E+00 kg/s)

 Enthalpy discharge this time step:  0.307912E+07 MJ (0.150133E+04 MJ/s)
 Enthalpy input this time step:      0.324592E+08 MJ (0.158266E+05 MJ/s)
 Total enthalpy discharge:           0.375170E+09 MJ (0.305952E+05 MJ/s)
 Total enthalpy input:               0.328418E+09 MJ (0.267825E+05 MJ/s)

 Net kg water discharge (total out-total in):   0.214108E+10
 Net MJ energy discharge (total out-total in):   0.467524E+08
 Conservation Errors:  -0.637664E-05 (mass),  -0.349453E-03 (energy)

 Enthalpy discharge this time step:  0.404512E+07 MJ (0.164361E+04 MJ/s)
 Enthalpy input this time step:      0.322253E+08 MJ (0.130938E+05 MJ/s)
 Total enthalpy discharge:           0.379215E+09 MJ (0.257558E+05 MJ/s)
 Total enthalpy input:               0.360643E+09 MJ (0.244944E+05 MJ/s)

 Water discharge this time step:   0.414036E+06 kg (0.168231E+03 kg/s)
 Water input this time step:       0.000000E+00 kg (0.000000E+00 kg/s)
 Total water discharge:            0.214149E+10 kg (0.145447E+06 kg/s)
 Total water input:                0.000000E+00 kg (0.000000E+00 kg/s)

 Enthalpy discharge this time step:  0.404512E+07 MJ (0.164361E+04 MJ/s)
 Enthalpy input this time step:      0.322253E+08 MJ (0.130938E+05 MJ/s)
 Total enthalpy discharge:           0.379215E+09 MJ (0.257558E+05 MJ/s)
 Total enthalpy input:               0.360643E+09 MJ (0.244944E+05 MJ/s)

 Enthalpy discharge this time step:  0.525086E+07 MJ (0.177794E+04 MJ/s)
 Enthalpy input this time step:      0.312332E+08 MJ (0.105755E+05 MJ/s)
 Total enthalpy discharge:           0.384466E+09 MJ (0.217497E+05 MJ/s)
 Total enthalpy input:               0.391876E+09 MJ (0.221689E+05 MJ/s)

 Water discharge this time step:   0.453781E+06 kg (0.153650E+03 kg/s)
 Water input this time step:       0.000000E+00 kg (0.000000E+00 kg/s)
 Total water discharge:            0.214194E+10 kg (0.121172E+06 kg/s)
 Total water input:                0.000000E+00 kg (0.000000E+00 kg/s)

 Enthalpy discharge this time step:  0.525086E+07 MJ (0.177794E+04 MJ/s)
 Enthalpy input this time step:      0.312332E+08 MJ (0.105755E+05 MJ/s)
 Total enthalpy discharge:           0.384466E+09 MJ (0.217497E+05 MJ/s)
 Total enthalpy input:               0.391876E+09 MJ (0.221689E+05 MJ/s)

 Enthalpy discharge this time step:  0.673248E+07 MJ (0.189968E+04 MJ/s)
 Enthalpy input this time step:      0.296211E+08 MJ (0.835807E+04 MJ/s)
 Total enthalpy discharge:           0.391198E+09 MJ (0.184346E+05 MJ/s)
 Total enthalpy input:               0.421497E+09 MJ (0.198624E+05 MJ/s)

 Water discharge this time step:   0.499042E+06 kg (0.140813E+03 kg/s)
 Water input this time step:       0.000000E+00 kg (0.000000E+00 kg/s)
 Total water discharge:            0.214244E+10 kg (0.100959E+06 kg/s)
 Total water input:                0.000000E+00 kg (0.000000E+00 kg/s)

 Enthalpy discharge this time step:  0.673248E+07 MJ (0.189968E+04 MJ/s)
 Enthalpy input this time step:      0.296211E+08 MJ (0.835807E+04 MJ/s)
 Total enthalpy discharge:           0.391198E+09 MJ (0.184346E+05 MJ/s)
 Total enthalpy input:               0.421497E+09 MJ (0.198624E+05 MJ/s)

 Enthalpy discharge this time step:  0.852669E+07 MJ (0.200495E+04 MJ/s)
 Enthalpy input this time step:      0.276612E+08 MJ (0.650421E+04 MJ/s)
 Total enthalpy discharge:           0.399725E+09 MJ (0.156917E+05 MJ/s)
 Total enthalpy input:               0.449158E+09 MJ (0.176323E+05 MJ/s)

 Water discharge this time step:   0.553213E+06 kg (0.130082E+03 kg/s)
 Water input this time step:       0.000000E+00 kg (0.000000E+00 kg/s)
 Total water discharge:            0.214300E+10 kg (0.841260E+05 kg/s)
 Total water input:                0.000000E+00 kg (0.000000E+00 kg/s)

 Enthalpy discharge this time step:  0.852669E+07 MJ (0.200495E+04 MJ/s)
 Enthalpy input this time step:      0.276612E+08 MJ (0.650421E+04 MJ/s)
 Total enthalpy discharge:           0.399725E+09 MJ (0.156917E+05 MJ/s)
 Total enthalpy input:               0.449158E+09 MJ (0.176323E+05 MJ/s)

 Enthalpy discharge this time step:  0.106724E+08 MJ (0.209124E+04 MJ/s)
 Enthalpy input this time step:      0.257364E+08 MJ (0.504301E+04 MJ/s)
 Total enthalpy discharge:           0.410397E+09 MJ (0.134218E+05 MJ/s)
 Total enthalpy input:               0.474895E+09 MJ (0.155311E+05 MJ/s)

 Water discharge this time step:   0.620693E+06 kg (0.121624E+03 kg/s)
 Water input this time step:       0.000000E+00 kg (0.000000E+00 kg/s)
 Total water discharge:            0.214362E+10 kg (0.701055E+05 kg/s)
 Total water input:                0.000000E+00 kg (0.000000E+00 kg/s)

 Enthalpy discharge this time step:  0.106724E+08 MJ (0.209124E+04 MJ/s)
 Enthalpy input this time step:      0.257364E+08 MJ (0.504301E+04 MJ/s)
 Total enthalpy discharge:           0.410397E+09 MJ (0.134218E+05 MJ/s)
 Total enthalpy input:               0.474895E+09 MJ (0.155311E+05 MJ/s)

 Enthalpy discharge this time step:  0.132143E+08 MJ (0.215777E+04 MJ/s)
 Enthalpy input this time step:      0.242836E+08 MJ (0.396529E+04 MJ/s)
 Total enthalpy discharge:           0.423612E+09 MJ (0.115422E+05 MJ/s)
 Total enthalpy input:               0.499178E+09 MJ (0.136012E+05 MJ/s)

 Water discharge this time step:   0.706625E+06 kg (0.115385E+03 kg/s)
 Water input this time step:       0.000000E+00 kg (0.000000E+00 kg/s)
 Total water discharge:            0.214432E+10 kg (0.584267E+05 kg/s)
 Total water input:                0.000000E+00 kg (0.000000E+00 kg/s)

 Enthalpy discharge this time step:  0.132143E+08 MJ (0.215777E+04 MJ/s)
 Enthalpy input this time step:      0.242836E+08 MJ (0.396529E+04 MJ/s)
 Total enthalpy discharge:           0.423612E+09 MJ (0.115422E+05 MJ/s)
 Total enthalpy input:               0.499178E+09 MJ (0.136012E+05 MJ/s)

 Enthalpy discharge this time step:  0.162090E+08 MJ (0.220565E+04 MJ/s)
 Enthalpy input this time step:      0.237166E+08 MJ (0.322725E+04 MJ/s)
 Total enthalpy discharge:           0.439821E+09 MJ (0.998459E+04 MJ/s)
 Total enthalpy input:               0.522895E+09 MJ (0.118705E+05 MJ/s)

 Water discharge this time step:   0.816542E+06 kg (0.111111E+03 kg/s)
 Water input this time step:       0.000000E+00 kg (0.000000E+00 kg/s)
 Total water discharge:            0.214514E+10 kg (0.486979E+05 kg/s)
 Total water input:                0.000000E+00 kg (0.000000E+00 kg/s)

 Enthalpy discharge this time step:  0.162090E+08 MJ (0.220565E+04 MJ/s)
 Enthalpy input this time step:      0.237166E+08 MJ (0.322725E+04 MJ/s)
 Total enthalpy discharge:           0.439821E+09 MJ (0.998459E+04 MJ/s)
 Total enthalpy input:               0.522895E+09 MJ (0.118705E+05 MJ/s)

 Enthalpy discharge this time step:  0.197315E+08 MJ (0.223748E+04 MJ/s)
 Enthalpy input this time step:      0.243545E+08 MJ (0.276170E+04 MJ/s)
 Total enthalpy discharge:           0.459552E+09 MJ (0.869235E+04 MJ/s)
 Total enthalpy input:               0.547249E+09 MJ (0.103511E+05 MJ/s)

 Water discharge this time step:   0.956056E+06 kg (0.108413E+03 kg/s)
 Water input this time step:       0.000000E+00 kg (0.000000E+00 kg/s)
 Total water discharge:            0.214610E+10 kg (0.405931E+05 kg/s)
 Total water input:                0.000000E+00 kg (0.000000E+00 kg/s)

 Enthalpy discharge this time step:  0.197315E+08 MJ (0.223748E+04 MJ/s)
 Enthalpy input this time step:      0.243545E+08 MJ (0.276170E+04 MJ/s)
 Total enthalpy discharge:           0.459552E+09 MJ (0.869235E+04 MJ/s)
 Total enthalpy input:               0.547249E+09 MJ (0.103511E+05 MJ/s)

 Enthalpy discharge this time step:  0.238824E+08 MJ (0.225682E+04 MJ/s)
 Enthalpy input this time step:      0.263856E+08 MJ (0.249336E+04 MJ/s)
 Total enthalpy discharge:           0.483435E+09 MJ (0.761903E+04 MJ/s)
 Total enthalpy input:               0.573635E+09 MJ (0.904061E+04 MJ/s)

 Water discharge this time step:   0.113077E+07 kg (0.106855E+03 kg/s)
 Water input this time step:       0.000000E+00 kg (0.000000E+00 kg/s)
 Total water discharge:            0.214723E+10 kg (0.338408E+05 kg/s)
 Total water input:                0.000000E+00 kg (0.000000E+00 kg/s)

 Enthalpy discharge this time step:  0.238824E+08 MJ (0.225682E+04 MJ/s)
 Enthalpy input this time step:      0.263856E+08 MJ (0.249336E+04 MJ/s)
 Total enthalpy discharge:           0.483435E+09 MJ (0.761903E+04 MJ/s)
 Total enthalpy input:               0.573635E+09 MJ (0.904061E+04 MJ/s)
*********************************************************************
 Time Step        41

                    Timing Information
           Years              Days         Step Size (Days)
     0.241304022E-02     0.881362941        0.146977157    
 Cpu Sec for Time Step =   1.755     Current Total =     74.31    

                    Equation Performance
 Number of N-R Iterations:          2
 Avg # of Linear Equation Solver Iterations:   1.0
 Number of Active Nodes:    532436.
 Total Number of Iterations, N-R:         82 , Solver:         80
 Phase Changes This Time Step:        0 Total           0
 Nodes Liq Phase:   532436 change        0
 Nodes Two Phase:        0 change        0
 Nodes Gas Phase:         0 change        0
 Nodes SC Phase:        0 change        0
 Number of restarted time steps            0
                    Largest Residuals
 EQ1 R=  0.3871E-06 node= 266235 zone=     1 x= 0.000     y= 0.000     z=0.2300E+05
 EQ2 R=  0.2639E-08 node= 266235 zone=     1 x= 0.000     y= 0.000     z=0.2300E+05
   Node   Equation 1 Residual   Equation 2 Residual
 266236      0.942108E-13          -0.277453E-11
 266234      0.142538E-08           0.969141E-11
 266231      0.102761E-11           0.724338E-14
 266226      0.139895E-11           0.813872E-14
 266221      0.162119E-11           0.747770E-14
 266210      0.203742E-11           0.859206E-14
 266201     -0.497798E-07          -0.153351E-09

                    Nodal Information (Water)
                                                  source/sink  E source/sink
   Node   P (MPa)    E (MJ)    L sat     Temp (C)    (kg/s)       (MJ/s)
 266236    135.2     0.167      1.00        2.000   106.0      -92.0    
 266234    169.0     0.192      1.00        2.000   0.000       0.00    
 266231    169.0     0.190      1.00        2.000   0.000       0.00    
 266226    169.0     0.183      1.00        2.000   0.000       0.00    
 266221    169.0     0.177      1.00        2.000   0.000       0.00    
 266210    169.0     0.154      1.00        2.000   0.000       0.00    
 266201    169.0     0.131      1.00        2.000   0.000      0.907    

                    Global Mass & Energy Balances
 Total mass in system at this time:            0.267662E+17 kg
 Total mass of steam in system at this time:   0.000000E+00 kg
 Total enthalpy in system at this time:        0.273782E+16 MJ

 Water discharge this time step:   0.134652E+07 kg (0.106035E+03 kg/s)
 Water input this time step:       0.000000E+00 kg (0.000000E+00 kg/s)
 Total water discharge:            0.214857E+10 kg (0.282151E+05 kg/s)
 Total water input:                0.000000E+00 kg (0.000000E+00 kg/s)

 Enthalpy discharge this time step:  0.287927E+08 MJ (0.226735E+04 MJ/s)
 Enthalpy input this time step:      0.298809E+08 MJ (0.235305E+04 MJ/s)
 Total enthalpy discharge:           0.512227E+09 MJ (0.672658E+04 MJ/s)
 Total enthalpy input:               0.603516E+09 MJ (0.792538E+04 MJ/s)

 Net kg water discharge (total out-total in):   0.214857E+10
 Net MJ energy discharge (total out-total in):  -0.912886E+08
 Conservation Errors:  -0.844828E-05 (mass),  -0.200809E-03 (energy)

 Enthalpy discharge this time step:  0.346265E+08 MJ (0.227229E+04 MJ/s)
 Enthalpy input this time step:      0.348483E+08 MJ (0.228684E+04 MJ/s)
 Total enthalpy discharge:           0.546854E+09 MJ (0.598385E+04 MJ/s)
 Total enthalpy input:               0.638364E+09 MJ (0.698518E+04 MJ/s)

 Water discharge this time step:   0.160985E+07 kg (0.105643E+03 kg/s)
 Water input this time step:       0.000000E+00 kg (0.000000E+00 kg/s)
 Total water discharge:            0.215018E+10 kg (0.235280E+05 kg/s)
 Total water input:                0.000000E+00 kg (0.000000E+00 kg/s)

 Enthalpy discharge this time step:  0.346265E+08 MJ (0.227229E+04 MJ/s)
 Enthalpy input this time step:      0.348483E+08 MJ (0.228684E+04 MJ/s)
 Total enthalpy discharge:           0.546854E+09 MJ (0.598385E+04 MJ/s)
 Total enthalpy input:               0.638364E+09 MJ (0.698518E+04 MJ/s)

 Enthalpy discharge this time step:  0.416797E+08 MJ (0.227928E+04 MJ/s)
 Enthalpy input this time step:      0.413976E+08 MJ (0.226386E+04 MJ/s)
 Total enthalpy discharge:           0.588534E+09 MJ (0.536618E+04 MJ/s)
 Total enthalpy input:               0.679762E+09 MJ (0.619798E+04 MJ/s)

 Water discharge this time step:   0.192862E+07 kg (0.105468E+03 kg/s)
 Water input this time step:       0.000000E+00 kg (0.000000E+00 kg/s)
 Total water discharge:            0.215211E+10 kg (0.196227E+05 kg/s)
 Total water input:                0.000000E+00 kg (0.000000E+00 kg/s)

 Enthalpy discharge this time step:  0.416797E+08 MJ (0.227928E+04 MJ/s)
 Enthalpy input this time step:      0.413976E+08 MJ (0.226386E+04 MJ/s)
 Total enthalpy discharge:           0.588534E+09 MJ (0.536618E+04 MJ/s)
 Total enthalpy input:               0.679762E+09 MJ (0.619798E+04 MJ/s)

 Enthalpy discharge this time step:  0.502490E+08 MJ (0.228992E+04 MJ/s)
 Enthalpy input this time step:      0.496641E+08 MJ (0.226326E+04 MJ/s)
 Total enthalpy discharge:           0.638783E+09 MJ (0.485330E+04 MJ/s)
 Total enthalpy input:               0.729426E+09 MJ (0.554198E+04 MJ/s)

 Water discharge this time step:   0.231263E+07 kg (0.105390E+03 kg/s)
 Water input this time step:       0.000000E+00 kg (0.000000E+00 kg/s)
 Total water discharge:            0.215443E+10 kg (0.163687E+05 kg/s)
 Total water input:                0.000000E+00 kg (0.000000E+00 kg/s)

 Enthalpy discharge this time step:  0.502490E+08 MJ (0.228992E+04 MJ/s)
 Enthalpy input this time step:      0.496641E+08 MJ (0.226326E+04 MJ/s)
 Total enthalpy discharge:           0.638783E+09 MJ (0.485330E+04 MJ/s)
 Total enthalpy input:               0.729426E+09 MJ (0.554198E+04 MJ/s)

 Enthalpy discharge this time step:  0.603680E+08 MJ (0.229255E+04 MJ/s)
 Enthalpy input this time step:      0.595668E+08 MJ (0.226212E+04 MJ/s)
 Total enthalpy discharge:           0.699151E+09 MJ (0.442639E+04 MJ/s)
 Total enthalpy input:               0.788993E+09 MJ (0.499519E+04 MJ/s)

 Water discharge this time step:   0.277403E+07 kg (0.105347E+03 kg/s)
 Water input this time step:       0.000000E+00 kg (0.000000E+00 kg/s)
 Total water discharge:            0.215720E+10 kg (0.136574E+05 kg/s)
 Total water input:                0.000000E+00 kg (0.000000E+00 kg/s)

 Enthalpy discharge this time step:  0.603680E+08 MJ (0.229255E+04 MJ/s)
 Enthalpy input this time step:      0.595668E+08 MJ (0.226212E+04 MJ/s)
 Total enthalpy discharge:           0.699151E+09 MJ (0.442639E+04 MJ/s)
 Total enthalpy input:               0.788993E+09 MJ (0.499519E+04 MJ/s)

 Enthalpy discharge this time step:  0.724314E+08 MJ (0.229222E+04 MJ/s)
 Enthalpy input this time step:      0.714323E+08 MJ (0.226061E+04 MJ/s)
 Total enthalpy discharge:           0.771582E+09 MJ (0.407061E+04 MJ/s)
 Total enthalpy input:               0.860425E+09 MJ (0.453932E+04 MJ/s)

 Water discharge this time step:   0.332776E+07 kg (0.105313E+03 kg/s)
 Water input this time step:       0.000000E+00 kg (0.000000E+00 kg/s)
 Total water discharge:            0.216053E+10 kg (0.113982E+05 kg/s)
 Total water input:                0.000000E+00 kg (0.000000E+00 kg/s)

 Enthalpy discharge this time step:  0.724314E+08 MJ (0.229222E+04 MJ/s)
 Enthalpy input this time step:      0.714323E+08 MJ (0.226061E+04 MJ/s)
 Total enthalpy discharge:           0.771582E+09 MJ (0.407061E+04 MJ/s)
 Total enthalpy input:               0.860425E+09 MJ (0.453932E+04 MJ/s)

 Enthalpy discharge this time step:  0.868637E+08 MJ (0.229080E+04 MJ/s)
 Enthalpy input this time step:      0.856483E+08 MJ (0.225875E+04 MJ/s)
 Total enthalpy discharge:           0.858446E+09 MJ (0.377392E+04 MJ/s)
 Total enthalpy input:               0.946073E+09 MJ (0.415915E+04 MJ/s)

 Water discharge this time step:   0.399197E+07 kg (0.105278E+03 kg/s)
 Water input this time step:       0.000000E+00 kg (0.000000E+00 kg/s)
 Total water discharge:            0.216452E+10 kg (0.951572E+04 kg/s)
 Total water input:                0.000000E+00 kg (0.000000E+00 kg/s)

 Enthalpy discharge this time step:  0.868637E+08 MJ (0.229080E+04 MJ/s)
 Enthalpy input this time step:      0.856483E+08 MJ (0.225875E+04 MJ/s)
 Total enthalpy discharge:           0.858446E+09 MJ (0.377392E+04 MJ/s)
 Total enthalpy input:               0.946073E+09 MJ (0.415915E+04 MJ/s)

 Enthalpy discharge this time step:  0.104147E+09 MJ (0.228883E+04 MJ/s)
 Enthalpy input this time step:      0.102676E+09 MJ (0.225651E+04 MJ/s)
 Total enthalpy discharge:           0.962592E+09 MJ (0.352637E+04 MJ/s)
 Total enthalpy input:               0.104875E+10 MJ (0.384200E+04 MJ/s)

 Water discharge this time step:   0.478849E+07 kg (0.105236E+03 kg/s)
 Water input this time step:       0.000000E+00 kg (0.000000E+00 kg/s)
 Total water discharge:            0.216931E+10 kg (0.794706E+04 kg/s)
 Total water input:                0.000000E+00 kg (0.000000E+00 kg/s)

 Enthalpy discharge this time step:  0.104147E+09 MJ (0.228883E+04 MJ/s)
 Enthalpy input this time step:      0.102676E+09 MJ (0.225651E+04 MJ/s)
 Total enthalpy discharge:           0.962592E+09 MJ (0.352637E+04 MJ/s)
 Total enthalpy input:               0.104875E+10 MJ (0.384200E+04 MJ/s)

 Enthalpy discharge this time step:  0.124844E+09 MJ (0.228641E+04 MJ/s)
 Enthalpy input this time step:      0.123065E+09 MJ (0.225383E+04 MJ/s)
 Total enthalpy discharge:           0.108744E+10 MJ (0.331968E+04 MJ/s)
 Total enthalpy input:               0.117181E+10 MJ (0.357727E+04 MJ/s)

 Water discharge this time step:   0.574351E+07 kg (0.105187E+03 kg/s)
 Water input this time step:       0.000000E+00 kg (0.000000E+00 kg/s)
 Total water discharge:            0.217505E+10 kg (0.663991E+04 kg/s)
 Total water input:                0.000000E+00 kg (0.000000E+00 kg/s)

 Enthalpy discharge this time step:  0.124844E+09 MJ (0.228641E+04 MJ/s)
 Enthalpy input this time step:      0.123065E+09 MJ (0.225383E+04 MJ/s)
 Total enthalpy discharge:           0.108744E+10 MJ (0.331968E+04 MJ/s)
 Total enthalpy input:               0.117181E+10 MJ (0.357727E+04 MJ/s)

 Enthalpy discharge this time step:  0.149622E+09 MJ (0.228350E+04 MJ/s)
 Enthalpy input this time step:      0.147467E+09 MJ (0.225061E+04 MJ/s)
 Total enthalpy discharge:           0.123706E+10 MJ (0.314696E+04 MJ/s)
 Total enthalpy input:               0.131928E+10 MJ (0.335613E+04 MJ/s)

 Water discharge this time step:   0.688837E+07 kg (0.105129E+03 kg/s)
 Water input this time step:       0.000000E+00 kg (0.000000E+00 kg/s)
 Total water discharge:            0.218194E+10 kg (0.555066E+04 kg/s)
 Total water input:                0.000000E+00 kg (0.000000E+00 kg/s)

 Enthalpy discharge this time step:  0.149622E+09 MJ (0.228350E+04 MJ/s)
 Enthalpy input this time step:      0.147467E+09 MJ (0.225061E+04 MJ/s)
 Total enthalpy discharge:           0.123706E+10 MJ (0.314696E+04 MJ/s)
 Total enthalpy input:               0.131928E+10 MJ (0.335613E+04 MJ/s)
*********************************************************************
 Time Step        51

                    Timing Information
           Years              Days         Step Size (Days)
     0.149480161E-01      5.45976289        0.910043815    
 Cpu Sec for Time Step =   1.762     Current Total =     92.52    

                    Equation Performance
 Number of N-R Iterations:          2
 Avg # of Linear Equation Solver Iterations:   1.0
 Number of Active Nodes:    532436.
 Total Number of Iterations, N-R:        102 , Solver:        100
 Phase Changes This Time Step:        0 Total           0
 Nodes Liq Phase:   532436 change        0
 Nodes Two Phase:        0 change        0
 Nodes Gas Phase:         0 change        0
 Nodes SC Phase:        0 change        0
 Number of restarted time steps            0
                    Largest Residuals
 EQ1 R=  0.2084E-05 node= 266235 zone=     1 x= 0.000     y= 0.000     z=0.2300E+05
 EQ2 R=  0.1433E-07 node= 266235 zone=     1 x= 0.000     y= 0.000     z=0.2300E+05
   Node   Equation 1 Residual   Equation 2 Residual
 266236     -0.130240E-12          -0.155179E-12
 266234      0.500055E-07           0.344055E-09
 266231      0.844484E-11           0.524744E-13
 266226      0.110285E-10           0.595843E-13
 266221      0.835918E-11           0.499860E-13
 266210      0.935046E-11           0.515465E-13
 266201     -0.308763E-06          -0.248250E-09

                    Nodal Information (Water)
                                                  source/sink  E source/sink
   Node   P (MPa)    E (MJ)    L sat     Temp (C)    (kg/s)       (MJ/s)
 266236    135.2     0.167      1.00        2.000   105.1       20.5    
 266234    169.0     0.192      1.00        2.000   0.000       0.00    
 266231    169.0     0.190      1.00        2.000   0.000       0.00    
 266226    169.0     0.183      1.00        2.000   0.000       0.00    
 266221    169.0     0.177      1.00        2.000   0.000       0.00    
 266210    169.0     0.154      1.00        2.000   0.000       0.00    
 266201    169.0     0.131      1.00        2.000   0.000      0.904    

                    Global Mass & Energy Balances
 Total mass in system at this time:            0.267662E+17 kg
 Total mass of steam in system at this time:   0.000000E+00 kg
 Total enthalpy in system at this time:        0.273782E+16 MJ

 Water discharge this time step:   0.826055E+07 kg (0.105059E+03 kg/s)
 Water input this time step:       0.000000E+00 kg (0.000000E+00 kg/s)
 Total water discharge:            0.219020E+10 kg (0.464297E+04 kg/s)
 Total water input:                0.000000E+00 kg (0.000000E+00 kg/s)

 Enthalpy discharge this time step:  0.179272E+09 MJ (0.228001E+04 MJ/s)
 Enthalpy input this time step:      0.176658E+09 MJ (0.224677E+04 MJ/s)
 Total enthalpy discharge:           0.141633E+10 MJ (0.300246E+04 MJ/s)
 Total enthalpy input:               0.149594E+10 MJ (0.317122E+04 MJ/s)

 Net kg water discharge (total out-total in):   0.219020E+10
 Net MJ energy discharge (total out-total in):  -0.796097E+08
 Conservation Errors:  -0.117457E-04 (mass),  -0.715950E-04 (energy)

 Enthalpy discharge this time step:  0.214733E+09 MJ (0.227584E+04 MJ/s)
 Enthalpy input this time step:      0.211556E+09 MJ (0.224217E+04 MJ/s)
 Total enthalpy discharge:           0.163106E+10 MJ (0.288135E+04 MJ/s)
 Total enthalpy input:               0.170750E+10 MJ (0.301637E+04 MJ/s)

 Water discharge this time step:   0.990478E+07 kg (0.104975E+03 kg/s)
 Water input this time step:       0.000000E+00 kg (0.000000E+00 kg/s)
 Total water discharge:            0.220010E+10 kg (0.388658E+04 kg/s)
 Total water input:                0.000000E+00 kg (0.000000E+00 kg/s)

 Enthalpy discharge this time step:  0.214733E+09 MJ (0.227584E+04 MJ/s)
 Enthalpy input this time step:      0.211556E+09 MJ (0.224217E+04 MJ/s)
 Total enthalpy discharge:           0.163106E+10 MJ (0.288135E+04 MJ/s)
 Total enthalpy input:               0.170750E+10 MJ (0.301637E+04 MJ/s)

 Enthalpy discharge this time step:  0.257114E+09 MJ (0.227085E+04 MJ/s)
 Enthalpy input this time step:      0.253244E+09 MJ (0.223667E+04 MJ/s)
 Total enthalpy discharge:           0.188818E+10 MJ (0.277959E+04 MJ/s)
 Total enthalpy input:               0.196074E+10 MJ (0.288641E+04 MJ/s)

 Water discharge this time step:   0.118745E+08 kg (0.104876E+03 kg/s)
 Water input this time step:       0.000000E+00 kg (0.000000E+00 kg/s)
 Total water discharge:            0.221198E+10 kg (0.325626E+04 kg/s)
 Total water input:                0.000000E+00 kg (0.000000E+00 kg/s)

 Enthalpy discharge this time step:  0.257114E+09 MJ (0.227085E+04 MJ/s)
 Enthalpy input this time step:      0.253244E+09 MJ (0.223667E+04 MJ/s)
 Total enthalpy discharge:           0.188818E+10 MJ (0.277959E+04 MJ/s)
 Total enthalpy input:               0.196074E+10 MJ (0.288641E+04 MJ/s)

 Enthalpy discharge this time step:  0.307727E+09 MJ (0.226488E+04 MJ/s)
 Enthalpy input this time step:      0.303000E+09 MJ (0.223009E+04 MJ/s)
 Total enthalpy discharge:           0.219590E+10 MJ (0.269380E+04 MJ/s)
 Total enthalpy input:               0.226374E+10 MJ (0.277702E+04 MJ/s)

 Water discharge this time step:   0.142333E+08 kg (0.104757E+03 kg/s)
 Water input this time step:       0.000000E+00 kg (0.000000E+00 kg/s)
 Total water discharge:            0.222621E+10 kg (0.273098E+04 kg/s)
 Total water input:                0.000000E+00 kg (0.000000E+00 kg/s)

 Enthalpy discharge this time step:  0.307727E+09 MJ (0.226488E+04 MJ/s)
 Enthalpy input this time step:      0.303000E+09 MJ (0.223009E+04 MJ/s)
 Total enthalpy discharge:           0.219590E+10 MJ (0.269380E+04 MJ/s)
 Total enthalpy input:               0.226374E+10 MJ (0.277702E+04 MJ/s)

 Enthalpy discharge this time step:  0.368110E+09 MJ (0.225776E+04 MJ/s)
 Enthalpy input this time step:      0.362322E+09 MJ (0.222225E+04 MJ/s)
 Total enthalpy discharge:           0.256401E+10 MJ (0.262112E+04 MJ/s)
 Total enthalpy input:               0.262606E+10 MJ (0.268455E+04 MJ/s)

 Water discharge this time step:   0.170569E+08 kg (0.104617E+03 kg/s)
 Water input this time step:       0.000000E+00 kg (0.000000E+00 kg/s)
 Total water discharge:            0.224327E+10 kg (0.229323E+04 kg/s)
 Total water input:                0.000000E+00 kg (0.000000E+00 kg/s)

 Enthalpy discharge this time step:  0.368110E+09 MJ (0.225776E+04 MJ/s)
 Enthalpy input this time step:      0.362322E+09 MJ (0.222225E+04 MJ/s)
 Total enthalpy discharge:           0.256401E+10 MJ (0.262112E+04 MJ/s)
 Total enthalpy input:               0.262606E+10 MJ (0.268455E+04 MJ/s)

 Enthalpy discharge this time step:  0.440069E+09 MJ (0.224926E+04 MJ/s)
 Enthalpy input this time step:      0.432957E+09 MJ (0.221290E+04 MJ/s)
 Total enthalpy discharge:           0.300408E+10 MJ (0.255914E+04 MJ/s)
 Total enthalpy input:               0.305902E+10 MJ (0.260594E+04 MJ/s)

 Water discharge this time step:   0.204356E+08 kg (0.104449E+03 kg/s)
 Water input this time step:       0.000000E+00 kg (0.000000E+00 kg/s)
 Total water discharge:            0.226371E+10 kg (0.192842E+04 kg/s)
 Total water input:                0.000000E+00 kg (0.000000E+00 kg/s)

 Enthalpy discharge this time step:  0.440069E+09 MJ (0.224926E+04 MJ/s)
 Enthalpy input this time step:      0.432957E+09 MJ (0.221290E+04 MJ/s)
 Total enthalpy discharge:           0.300408E+10 MJ (0.255914E+04 MJ/s)
 Total enthalpy input:               0.305902E+10 MJ (0.260594E+04 MJ/s)

 Enthalpy discharge this time step:  0.525705E+09 MJ (0.223912E+04 MJ/s)
 Enthalpy input this time step:      0.516935E+09 MJ (0.220177E+04 MJ/s)
 Total enthalpy discharge:           0.352979E+10 MJ (0.250580E+04 MJ/s)
 Total enthalpy input:               0.357595E+10 MJ (0.253858E+04 MJ/s)

 Water discharge this time step:   0.244762E+08 kg (0.104251E+03 kg/s)
 Water input this time step:       0.000000E+00 kg (0.000000E+00 kg/s)
 Total water discharge:            0.228818E+10 kg (0.162439E+04 kg/s)
 Total water input:                0.000000E+00 kg (0.000000E+00 kg/s)

 Enthalpy discharge this time step:  0.525705E+09 MJ (0.223912E+04 MJ/s)
 Enthalpy input this time step:      0.516935E+09 MJ (0.220177E+04 MJ/s)
 Total enthalpy discharge:           0.352979E+10 MJ (0.250580E+04 MJ/s)
 Total enthalpy input:               0.357595E+10 MJ (0.253858E+04 MJ/s)

 Enthalpy discharge this time step:  0.627448E+09 MJ (0.222707E+04 MJ/s)
 Enthalpy input this time step:      0.616593E+09 MJ (0.218854E+04 MJ/s)
 Total enthalpy discharge:           0.415724E+10 MJ (0.245935E+04 MJ/s)
 Total enthalpy input:               0.419255E+10 MJ (0.248024E+04 MJ/s)

 Water discharge this time step:   0.293056E+08 kg (0.104017E+03 kg/s)
 Water input this time step:       0.000000E+00 kg (0.000000E+00 kg/s)
 Total water discharge:            0.231749E+10 kg (0.137098E+04 kg/s)
 Total water input:                0.000000E+00 kg (0.000000E+00 kg/s)

 Enthalpy discharge this time step:  0.627448E+09 MJ (0.222707E+04 MJ/s)
 Enthalpy input this time step:      0.616593E+09 MJ (0.218854E+04 MJ/s)
 Total enthalpy discharge:           0.415724E+10 MJ (0.245935E+04 MJ/s)
 Total enthalpy input:               0.419255E+10 MJ (0.248024E+04 MJ/s)

 Enthalpy discharge this time step:  0.748094E+09 MJ (0.221274E+04 MJ/s)
 Enthalpy input this time step:      0.734602E+09 MJ (0.217283E+04 MJ/s)
 Total enthalpy discharge:           0.490533E+10 MJ (0.241825E+04 MJ/s)
 Total enthalpy input:               0.492715E+10 MJ (0.242900E+04 MJ/s)

 Water discharge this time step:   0.350735E+08 kg (0.103742E+03 kg/s)
 Water input this time step:       0.000000E+00 kg (0.000000E+00 kg/s)
 Total water discharge:            0.235256E+10 kg (0.115977E+04 kg/s)
 Total water input:                0.000000E+00 kg (0.000000E+00 kg/s)

 Enthalpy discharge this time step:  0.748094E+09 MJ (0.221274E+04 MJ/s)
 Enthalpy input this time step:      0.734602E+09 MJ (0.217283E+04 MJ/s)
 Total enthalpy discharge:           0.490533E+10 MJ (0.241825E+04 MJ/s)
 Total enthalpy input:               0.492715E+10 MJ (0.242900E+04 MJ/s)

 Enthalpy discharge this time step:  0.890821E+09 MJ (0.219575E+04 MJ/s)
 Enthalpy input this time step:      0.873979E+09 MJ (0.215424E+04 MJ/s)
 Total enthalpy discharge:           0.579615E+10 MJ (0.238116E+04 MJ/s)
 Total enthalpy input:               0.580113E+10 MJ (0.238321E+04 MJ/s)

 Water discharge this time step:   0.419568E+08 kg (0.103418E+03 kg/s)
 Water input this time step:       0.000000E+00 kg (0.000000E+00 kg/s)
 Total water discharge:            0.239452E+10 kg (0.983710E+03 kg/s)
 Total water input:                0.000000E+00 kg (0.000000E+00 kg/s)

 Enthalpy discharge this time step:  0.890821E+09 MJ (0.219575E+04 MJ/s)
 Enthalpy input this time step:      0.873979E+09 MJ (0.215424E+04 MJ/s)
 Total enthalpy discharge:           0.579615E+10 MJ (0.238116E+04 MJ/s)
 Total enthalpy input:               0.580113E+10 MJ (0.238321E+04 MJ/s)
*********************************************************************
 Time Step        61

                    Timing Information
           Years              Days         Step Size (Days)
     0.925612830E-01      33.8080086         5.63475144    
 Cpu Sec for Time Step =   1.877     Current Total =     111.5    

                    Equation Performance
 Number of N-R Iterations:          2
 Avg # of Linear Equation Solver Iterations:   1.5
 Number of Active Nodes:    532436.
 Total Number of Iterations, N-R:        122 , Solver:        128
 Phase Changes This Time Step:        0 Total           0
 Nodes Liq Phase:   532436 change        0
 Nodes Two Phase:        0 change        0
 Nodes Gas Phase:         0 change        0
 Nodes SC Phase:        0 change        0
 Number of restarted time steps            0
                    Largest Residuals
 EQ1 R=  0.6428E-05 node= 276810 zone=     4 x= 2000.     y= 0.000     z=0.2500E+05
 EQ2 R=  0.4143E-07 node= 266235 zone=     1 x= 0.000     y= 0.000     z=0.2300E+05
   Node   Equation 1 Residual   Equation 2 Residual
 266236     -0.609093E-12          -0.716236E-12
 266234      0.113251E-05           0.836266E-08
 266231     -0.185809E-08           0.783103E-11
 266226      0.637666E-10           0.360597E-12
 266221      0.281940E-10           0.271964E-12
 266210      0.556091E-10           0.315280E-12
 266201     -0.186870E-05          -0.274645E-09

                    Nodal Information (Water)
                                                  source/sink  E source/sink
   Node   P (MPa)    E (MJ)    L sat     Temp (C)    (kg/s)       (MJ/s)
 266236    135.2     0.167      1.00        2.000   103.0       20.0    
 266234    168.9     0.192      1.00        2.000   0.000       0.00    
 266231    169.0     0.190      1.00        2.000   0.000       0.00    
 266226    169.0     0.183      1.00        2.000   0.000       0.00    
 266221    169.0     0.177      1.00        2.000   0.000       0.00    
 266210    169.0     0.154      1.00        2.000   0.000       0.00    
 266201    169.2     0.131      1.00        2.000   0.000      0.862    

                    Global Mass & Energy Balances
 Total mass in system at this time:            0.267662E+17 kg
 Total mass of steam in system at this time:   0.000000E+00 kg
 Total enthalpy in system at this time:        0.273782E+16 MJ

 Water discharge this time step:   0.501638E+08 kg (0.103039E+03 kg/s)
 Water input this time step:       0.000000E+00 kg (0.000000E+00 kg/s)
 Total water discharge:            0.244468E+10 kg (0.836929E+03 kg/s)
 Total water input:                0.000000E+00 kg (0.000000E+00 kg/s)

 Enthalpy discharge this time step:  0.105920E+10 MJ (0.217565E+04 MJ/s)
 Enthalpy input this time step:      0.103808E+10 MJ (0.213228E+04 MJ/s)
 Total enthalpy discharge:           0.685535E+10 MJ (0.234691E+04 MJ/s)
 Total enthalpy input:               0.683921E+10 MJ (0.234138E+04 MJ/s)

 Net kg water discharge (total out-total in):   0.244468E+10
 Net MJ energy discharge (total out-total in):   0.161381E+08
 Conservation Errors:  -0.554759E-04 (mass),  -0.168945E-04 (energy)

 Enthalpy discharge this time step:  0.125718E+10 MJ (0.215193E+04 MJ/s)
 Enthalpy input this time step:      0.123060E+10 MJ (0.210642E+04 MJ/s)
 Total enthalpy discharge:           0.811253E+10 MJ (0.231441E+04 MJ/s)
 Total enthalpy input:               0.806981E+10 MJ (0.230222E+04 MJ/s)

 Water discharge this time step:   0.599390E+08 kg (0.102598E+03 kg/s)
 Water input this time step:       0.000000E+00 kg (0.000000E+00 kg/s)
 Total water discharge:            0.250462E+10 kg (0.714539E+03 kg/s)
 Total water input:                0.000000E+00 kg (0.000000E+00 kg/s)

 Enthalpy discharge this time step:  0.125718E+10 MJ (0.215193E+04 MJ/s)
 Enthalpy input this time step:      0.123060E+10 MJ (0.210642E+04 MJ/s)
 Total enthalpy discharge:           0.811253E+10 MJ (0.231441E+04 MJ/s)
 Total enthalpy input:               0.806981E+10 MJ (0.230222E+04 MJ/s)
